
Allocating common symbols
Common symbol       size              file

kbd_buf             0x6c              /home/yhy/workspace/cccc/bochs/build/obj/keyboard.o
root_dir            0x208             /home/yhy/workspace/cccc/bochs/build/obj/dir.o
thread_ready_list   0x10              /home/yhy/workspace/cccc/bochs/build/obj/thread.o
thread_all_list     0x10              /home/yhy/workspace/cccc/bochs/build/obj/thread.o
user_pool           0x2c              /home/yhy/workspace/cccc/bochs/build/obj/memory.o
channel_cnt         0x1               /home/yhy/workspace/cccc/bochs/build/obj/ide.o
cur_part            0x4               /home/yhy/workspace/cccc/bochs/build/obj/fs.o
k_block_descs       0xa8              /home/yhy/workspace/cccc/bochs/build/obj/memory.o
idle_thread         0x4               /home/yhy/workspace/cccc/bochs/build/obj/thread.o
intr_name           0x204             /home/yhy/workspace/cccc/bochs/build/obj/interrupt.o
main_thread         0x4               /home/yhy/workspace/cccc/bochs/build/obj/thread.o
channels            0xcc0             /home/yhy/workspace/cccc/bochs/build/obj/ide.o
ticks               0x4               /home/yhy/workspace/cccc/bochs/build/obj/timer.o
kernel_vaddr        0xc               /home/yhy/workspace/cccc/bochs/build/obj/memory.o
syscall_table       0x80              /home/yhy/workspace/cccc/bochs/build/obj/syscall-init.o
idt_table           0x204             /home/yhy/workspace/cccc/bochs/build/obj/interrupt.o
file_table          0x180             /home/yhy/workspace/cccc/bochs/build/obj/file.o
partition_list      0x10              /home/yhy/workspace/cccc/bochs/build/obj/ide.o
kernel_pool         0x2c              /home/yhy/workspace/cccc/bochs/build/obj/memory.o
pid_lock            0x1c              /home/yhy/workspace/cccc/bochs/build/obj/thread.o

Discarded input sections

 .note.GNU-stack
                0x0000000000000000        0x0 /home/yhy/workspace/cccc/bochs/build/obj/main.o
 .note.GNU-stack
                0x0000000000000000        0x0 /home/yhy/workspace/cccc/bochs/build/obj/init.o
 .note.GNU-stack
                0x0000000000000000        0x0 /home/yhy/workspace/cccc/bochs/build/obj/interrupt.o
 .note.GNU-stack
                0x0000000000000000        0x0 /home/yhy/workspace/cccc/bochs/build/obj/timer.o
 .note.GNU-stack
                0x0000000000000000        0x0 /home/yhy/workspace/cccc/bochs/build/obj/debug.o
 .note.GNU-stack
                0x0000000000000000        0x0 /home/yhy/workspace/cccc/bochs/build/obj/memory.o
 .note.GNU-stack
                0x0000000000000000        0x0 /home/yhy/workspace/cccc/bochs/build/obj/bitmap.o
 .note.GNU-stack
                0x0000000000000000        0x0 /home/yhy/workspace/cccc/bochs/build/obj/string.o
 .note.GNU-stack
                0x0000000000000000        0x0 /home/yhy/workspace/cccc/bochs/build/obj/thread.o
 .note.GNU-stack
                0x0000000000000000        0x0 /home/yhy/workspace/cccc/bochs/build/obj/list.o
 .note.GNU-stack
                0x0000000000000000        0x0 /home/yhy/workspace/cccc/bochs/build/obj/sync.o
 .note.GNU-stack
                0x0000000000000000        0x0 /home/yhy/workspace/cccc/bochs/build/obj/console.o
 .note.GNU-stack
                0x0000000000000000        0x0 /home/yhy/workspace/cccc/bochs/build/obj/keyboard.o
 .note.GNU-stack
                0x0000000000000000        0x0 /home/yhy/workspace/cccc/bochs/build/obj/ioqueue.o
 .note.GNU-stack
                0x0000000000000000        0x0 /home/yhy/workspace/cccc/bochs/build/obj/tss.o
 .note.GNU-stack
                0x0000000000000000        0x0 /home/yhy/workspace/cccc/bochs/build/obj/process.o
 .note.GNU-stack
                0x0000000000000000        0x0 /home/yhy/workspace/cccc/bochs/build/obj/syscall.o
 .note.GNU-stack
                0x0000000000000000        0x0 /home/yhy/workspace/cccc/bochs/build/obj/syscall-init.o
 .note.GNU-stack
                0x0000000000000000        0x0 /home/yhy/workspace/cccc/bochs/build/obj/stdio.o
 .note.GNU-stack
                0x0000000000000000        0x0 /home/yhy/workspace/cccc/bochs/build/obj/stdio-kernel.o
 .note.GNU-stack
                0x0000000000000000        0x0 /home/yhy/workspace/cccc/bochs/build/obj/ide.o
 .note.GNU-stack
                0x0000000000000000        0x0 /home/yhy/workspace/cccc/bochs/build/obj/fs.o
 .note.GNU-stack
                0x0000000000000000        0x0 /home/yhy/workspace/cccc/bochs/build/obj/file.o
 .note.GNU-stack
                0x0000000000000000        0x0 /home/yhy/workspace/cccc/bochs/build/obj/inode.o
 .note.GNU-stack
                0x0000000000000000        0x0 /home/yhy/workspace/cccc/bochs/build/obj/dir.o
 .note.GNU-stack
                0x0000000000000000        0x0 /home/yhy/workspace/cccc/bochs/build/obj/fork.o
 .note.GNU-stack
                0x0000000000000000        0x0 /home/yhy/workspace/cccc/bochs/build/obj/assert.o
 .note.GNU-stack
                0x0000000000000000        0x0 /home/yhy/workspace/cccc/bochs/build/obj/shell.o

Memory Configuration

Name             Origin             Length             Attributes
*default*        0x0000000000000000 0xffffffffffffffff

Linker script and memory map

Address of section .text set to 0xc0001500
LOAD /home/yhy/workspace/cccc/bochs/build/obj/main.o
LOAD /home/yhy/workspace/cccc/bochs/build/obj/init.o
LOAD /home/yhy/workspace/cccc/bochs/build/obj/interrupt.o
LOAD /home/yhy/workspace/cccc/bochs/build/obj/timer.o
LOAD /home/yhy/workspace/cccc/bochs/build/obj/kernel.o
LOAD /home/yhy/workspace/cccc/bochs/build/obj/print.o
LOAD /home/yhy/workspace/cccc/bochs/build/obj/debug.o
LOAD /home/yhy/workspace/cccc/bochs/build/obj/memory.o
LOAD /home/yhy/workspace/cccc/bochs/build/obj/bitmap.o
LOAD /home/yhy/workspace/cccc/bochs/build/obj/string.o
LOAD /home/yhy/workspace/cccc/bochs/build/obj/thread.o
LOAD /home/yhy/workspace/cccc/bochs/build/obj/switch.o
LOAD /home/yhy/workspace/cccc/bochs/build/obj/list.o
LOAD /home/yhy/workspace/cccc/bochs/build/obj/sync.o
LOAD /home/yhy/workspace/cccc/bochs/build/obj/console.o
LOAD /home/yhy/workspace/cccc/bochs/build/obj/keyboard.o
LOAD /home/yhy/workspace/cccc/bochs/build/obj/ioqueue.o
LOAD /home/yhy/workspace/cccc/bochs/build/obj/tss.o
LOAD /home/yhy/workspace/cccc/bochs/build/obj/process.o
LOAD /home/yhy/workspace/cccc/bochs/build/obj/syscall.o
LOAD /home/yhy/workspace/cccc/bochs/build/obj/syscall-init.o
LOAD /home/yhy/workspace/cccc/bochs/build/obj/stdio.o
LOAD /home/yhy/workspace/cccc/bochs/build/obj/stdio-kernel.o
LOAD /home/yhy/workspace/cccc/bochs/build/obj/ide.o
LOAD /home/yhy/workspace/cccc/bochs/build/obj/fs.o
LOAD /home/yhy/workspace/cccc/bochs/build/obj/file.o
LOAD /home/yhy/workspace/cccc/bochs/build/obj/inode.o
LOAD /home/yhy/workspace/cccc/bochs/build/obj/dir.o
LOAD /home/yhy/workspace/cccc/bochs/build/obj/fork.o
LOAD /home/yhy/workspace/cccc/bochs/build/obj/assert.o
LOAD /home/yhy/workspace/cccc/bochs/build/obj/shell.o
                [!provide]                        PROVIDE (__executable_start = SEGMENT_START ("text-segment", 0x8048000))
                0x00000000080480d4                . = (SEGMENT_START ("text-segment", 0x8048000) + SIZEOF_HEADERS)

.interp
 *(.interp)

.note.gnu.build-id
 *(.note.gnu.build-id)

.hash
 *(.hash)

.gnu.hash
 *(.gnu.hash)

.dynsym
 *(.dynsym)

.dynstr
 *(.dynstr)

.gnu.version
 *(.gnu.version)

.gnu.version_d
 *(.gnu.version_d)

.gnu.version_r
 *(.gnu.version_r)

.rel.dyn        0x00000000080480d4        0x0
 *(.rel.init)
 *(.rel.text .rel.text.* .rel.gnu.linkonce.t.*)
 .rel.text      0x00000000080480d4        0x0 /home/yhy/workspace/cccc/bochs/build/obj/main.o
 *(.rel.fini)
 *(.rel.rodata .rel.rodata.* .rel.gnu.linkonce.r.*)
 *(.rel.data.rel.ro .rel.data.rel.ro.* .rel.gnu.linkonce.d.rel.ro.*)
 *(.rel.data .rel.data.* .rel.gnu.linkonce.d.*)
 *(.rel.tdata .rel.tdata.* .rel.gnu.linkonce.td.*)
 *(.rel.tbss .rel.tbss.* .rel.gnu.linkonce.tb.*)
 *(.rel.ctors)
 *(.rel.dtors)
 *(.rel.got)
 .rel.got       0x00000000080480d4        0x0 /home/yhy/workspace/cccc/bochs/build/obj/main.o
 *(.rel.bss .rel.bss.* .rel.gnu.linkonce.b.*)
 *(.rel.ifunc)

.rel.plt        0x00000000080480d4        0x0
 *(.rel.plt)
                [!provide]                        PROVIDE (__rel_iplt_start = .)
 *(.rel.iplt)
 .rel.iplt      0x00000000080480d4        0x0 /home/yhy/workspace/cccc/bochs/build/obj/main.o
                [!provide]                        PROVIDE (__rel_iplt_end = .)
                0x0000000008049000                . = ALIGN (CONSTANT (MAXPAGESIZE))

.init
 *(SORT_NONE(.init))

.plt            0x0000000008049000        0x0
 *(.plt)
 *(.iplt)
 .iplt          0x0000000008049000        0x0 /home/yhy/workspace/cccc/bochs/build/obj/main.o

.plt.got
 *(.plt.got)

.plt.sec
 *(.plt.sec)

.text           0x00000000c0001500     0xa344
 *(.text.unlikely .text.*_unlikely .text.unlikely.*)
 *(.text.exit .text.exit.*)
 *(.text.startup .text.startup.*)
 *(.text.hot .text.hot.*)
 *(SORT_BY_NAME(.text.sorted.*))
 *(.text .stub .text.* .gnu.linkonce.t.*)
 .text          0x00000000c0001500       0x8b /home/yhy/workspace/cccc/bochs/build/obj/main.o
                0x00000000c0001500                main
                0x00000000c000152d                init
 .text          0x00000000c000158b       0x4b /home/yhy/workspace/cccc/bochs/build/obj/init.o
                0x00000000c000158b                init_all
 .text          0x00000000c00015d6      0x47e /home/yhy/workspace/cccc/bochs/build/obj/interrupt.o
                0x00000000c0001947                intr_enable
                0x00000000c0001970                intr_disable
                0x00000000c0001999                intr_set_status
                0x00000000c00019b7                intr_get_status
                0x00000000c00019da                idt_init
                0x00000000c0001a38                register_handler
 .text          0x00000000c0001a54      0x212 /home/yhy/workspace/cccc/bochs/build/obj/timer.o
                0x00000000c0001bae                mtime_sleep
                0x00000000c0001c06                timer_init
 *fill*         0x00000000c0001c66        0xa 
 .text          0x00000000c0001c70      0x55b /home/yhy/workspace/cccc/bochs/build/obj/kernel.o
                0x00000000c0001c70                intr_exit
                0x00000000c00021a7                syscall_handler
 *fill*         0x00000000c00021cb        0x5 
 .text          0x00000000c00021d0      0x1b1 /home/yhy/workspace/cccc/bochs/build/obj/print.o
                0x00000000c00021d0                put_str
                0x00000000c00021ee                put_char
                0x00000000c00022bb                cls_screen
                0x00000000c00022fa                put_int
                0x00000000c000235d                set_cursor
 .text          0x00000000c0002381       0xa5 /home/yhy/workspace/cccc/bochs/build/obj/debug.o
                0x00000000c0002381                panic_spin
 .text          0x00000000c0002426     0x1196 /home/yhy/workspace/cccc/bochs/build/obj/memory.o
                0x00000000c0002555                pte_ptr
                0x00000000c0002586                pde_ptr
                0x00000000c0002738                malloc_page
                0x00000000c0002802                get_kernel_pages
                0x00000000c000285e                get_user_pages
                0x00000000c00028b4                get_a_page_without_opvaddrbitmap
                0x00000000c000292f                get_a_page
                0x00000000c0002ab1                addr_v2p
                0x00000000c0002b07                sys_malloc
                0x00000000c0002e17                pfree
                0x00000000c0002f64                mfree_page
                0x00000000c0003139                sys_free
                0x00000000c00034e6                block_desc_init
                0x00000000c0003563                mem_init
 .text          0x00000000c00035bc      0x270 /home/yhy/workspace/cccc/bochs/build/obj/bitmap.o
                0x00000000c00035bc                bitmap_init
                0x00000000c00035e3                bitmap_scan_test
                0x00000000c0003625                bitmap_scan
                0x00000000c0003773                bitmap_set
 .text          0x00000000c000382c      0x454 /home/yhy/workspace/cccc/bochs/build/obj/string.o
                0x00000000c000382c                memset
                0x00000000c0003888                memcpy
                0x00000000c00038f0                memcmp
                0x00000000c0003986                strcpy
                0x00000000c00039e9                strlen
                0x00000000c0003a43                strcmp
                0x00000000c0003aca                strchr
                0x00000000c0003b30                strrchr
                0x00000000c0003b99                strcat
                0x00000000c0003c13                strchrs
 .text          0x00000000c0003c80      0x73c /home/yhy/workspace/cccc/bochs/build/obj/thread.o
                0x00000000c0003ccd                running_thread
                0x00000000c0003cf8                thread_create
                0x00000000c0003d6e                fork_pid
                0x00000000c0003d7b                init_thread
                0x00000000c0003e70                thread_start
                0x00000000c0003feb                schedule
                0x00000000c000413e                thread_block
                0x00000000c00041a5                thread_unblock
                0x00000000c00042b0                thread_yield
                0x00000000c0004336                thread_init
 *fill*         0x00000000c00043bc        0x4 
 .text          0x00000000c00043c0       0x15 /home/yhy/workspace/cccc/bochs/build/obj/switch.o
                0x00000000c00043c0                switch_to
 .text          0x00000000c00043d5      0x1e4 /home/yhy/workspace/cccc/bochs/build/obj/list.o
                0x00000000c00043d5                list_init
                0x00000000c0004402                list_insert_before
                0x00000000c0004443                list_push
                0x00000000c0004460                list_append
                0x00000000c000447d                list_remove
                0x00000000c00044b3                list_pop
                0x00000000c00044d2                elem_find
                0x00000000c000450d                list_traversal
                0x00000000c000456b                list_len
                0x00000000c00045a0                list_empty
 .text          0x00000000c00045b9      0x347 /home/yhy/workspace/cccc/bochs/build/obj/sync.o
                0x00000000c00045b9                sema_init
                0x00000000c00045de                lock_init
                0x00000000c000460f                sema_down
                0x00000000c0004723                sema_up
                0x00000000c00047d9                lock_acquire
                0x00000000c0004855                lock_release
 .text          0x00000000c0004900       0x9a /home/yhy/workspace/cccc/bochs/build/obj/console.o
                0x00000000c0004900                console_init
                0x00000000c0004914                console_acquire
                0x00000000c0004928                console_release
                0x00000000c000493c                console_put_str
                0x00000000c0004959                console_put_char
                0x00000000c000497d                console_put_int
 .text          0x00000000c000499a      0x2fb /home/yhy/workspace/cccc/bochs/build/obj/keyboard.o
                0x00000000c0004c55                keyboard_init
 .text          0x00000000c0004c95      0x2f1 /home/yhy/workspace/cccc/bochs/build/obj/ioqueue.o
                0x00000000c0004c95                ioqueue_init
                0x00000000c0004cf2                ioq_full
                0x00000000c0004d43                ioq_empty
                0x00000000c0004e28                ioq_getchar
                0x00000000c0004ed6                ioq_putchar
 .text          0x00000000c0004f86      0x1a9 /home/yhy/workspace/cccc/bochs/build/obj/tss.o
                0x00000000c0004f86                update_tss_esp
                0x00000000c0005001                tss_init
 .text          0x00000000c000512f      0x372 /home/yhy/workspace/cccc/bochs/build/obj/process.o
                0x00000000c000512f                start_process
                0x00000000c0005235                page_dir_activate
                0x00000000c0005265                process_activate
                0x00000000c00052b7                create_page_dir
                0x00000000c0005328                create_user_vaddr_bitmap
                0x00000000c0005377                process_execute
 .text          0x00000000c00054a1       0xe0 /home/yhy/workspace/cccc/bochs/build/obj/syscall.o
                0x00000000c00054a1                getpid
                0x00000000c00054b6                write
                0x00000000c00054d9                malloc
                0x00000000c00054f8                free
                0x00000000c0005514                fork
                0x00000000c0005529                read
                0x00000000c000554c                putchar
                0x00000000c000556f                clear
 .text          0x00000000c0005581       0x82 /home/yhy/workspace/cccc/bochs/build/obj/syscall-init.o
                0x00000000c0005581                sys_getpid
                0x00000000c0005593                syscall_init
 .text          0x00000000c0005603      0x2ba /home/yhy/workspace/cccc/bochs/build/obj/stdio.o
                0x00000000c0005689                vsprintf
                0x00000000c000580d                sprintf
                0x00000000c0005841                printf
 .text          0x00000000c00058bd       0x62 /home/yhy/workspace/cccc/bochs/build/obj/stdio-kernel.o
                0x00000000c00058bd                printk
 .text          0x00000000c000591f      0xe01 /home/yhy/workspace/cccc/bochs/build/obj/ide.o
                0x00000000c0005c39                ide_read
                0x00000000c0005dcb                ide_write
                0x00000000c0006461                intr_hd_handler
                0x00000000c0006522                ide_init
 .text          0x00000000c0006720     0x217f /home/yhy/workspace/cccc/bochs/build/obj/fs.o
                0x00000000c0006e80                path_depth_cnt
                0x00000000c00071a8                sys_open
                0x00000000c0007460                sys_read
                0x00000000c0007543                sys_putchar
                0x00000000c0007560                sys_write
                0x00000000c000764a                sys_lseek
                0x00000000c0007732                sys_close
                0x00000000c0007787                sys_unlink
                0x00000000c00079a8                sys_mkdir
                0x00000000c0007dd5                sys_opendir
                0x00000000c0007eed                sys_closedir
                0x00000000c0007f17                sys_readdir
                0x00000000c0007f54                sys_rewinddir
                0x00000000c0007f63                sys_rmdir
                0x00000000c000830d                sys_getcwd
                0x00000000c00084fa                sys_chdir
                0x00000000c0008588                sys_stat
                0x00000000c00086af                filesys_init
 .text          0x00000000c000889f     0x11bd /home/yhy/workspace/cccc/bochs/build/obj/file.o
                0x00000000c000889f                get_free_slot_in_global
                0x00000000c00088ef                pcb_fd_install
                0x00000000c0008952                inode_bitmap_alloc
                0x00000000c00089a0                block_bitmap_alloc
                0x00000000c00089fa                bitmap_sync
                0x00000000c0008a85                file_create
                0x00000000c0008d54                file_open
                0x00000000c0008e5d                file_close
                0x00000000c0008e9c                file_write
                0x00000000c0009683                file_read
 .text          0x00000000c0009a5c      0x80f /home/yhy/workspace/cccc/bochs/build/obj/inode.o
                0x00000000c0009b00                inode_sync
                0x00000000c0009c71                inode_open
                0x00000000c0009dca                inode_close
                0x00000000c0009e3b                inode_delete
                0x00000000c0009f9d                inode_release
                0x00000000c000a21c                inode_init
 .text          0x00000000c000a26b      0xf13 /home/yhy/workspace/cccc/bochs/build/obj/dir.o
                0x00000000c000a26b                open_root_dir
                0x00000000c000a29a                dir_open
                0x00000000c000a2d5                search_dir_entry
                0x00000000c000a4a5                dir_close
                0x00000000c000a4d1                create_dir_entry
                0x00000000c000a547                sync_dir_entry
                0x00000000c000a9b7                delete_dir_entry
                0x00000000c000ae7e                dir_read
                0x00000000c000b08a                dir_is_empty
                0x00000000c000b0b5                dir_remove
 .text          0x00000000c000b17e      0x54a /home/yhy/workspace/cccc/bochs/build/obj/fork.o
                0x00000000c000b592                sys_fork
 .text          0x00000000c000b6c8       0x30 /home/yhy/workspace/cccc/bochs/build/obj/assert.o
                0x00000000c000b6c8                user_spin
 .text          0x00000000c000b6f8      0x14c /home/yhy/workspace/cccc/bochs/build/obj/shell.o
                0x00000000c000b6f8                print_prompt
                0x00000000c000b7f7                my_shell
 *(.gnu.warning)

.fini
 *(SORT_NONE(.fini))
                [!provide]                        PROVIDE (__etext = .)
                [!provide]                        PROVIDE (_etext = .)
                [!provide]                        PROVIDE (etext = .)
                0x00000000c000c000                . = ALIGN (CONSTANT (MAXPAGESIZE))
                0x00000000c000c000                . = SEGMENT_START ("rodata-segment", (ALIGN (CONSTANT (MAXPAGESIZE)) + (. & (CONSTANT (MAXPAGESIZE) - 0x1))))

.rodata         0x00000000c000c000     0x24e2
 *(.rodata .rodata.* .gnu.linkonce.r.*)
 .rodata        0x00000000c000c000       0xa2 /home/yhy/workspace/cccc/bochs/build/obj/main.o
 .rodata        0x00000000c000c0a2        0xa /home/yhy/workspace/cccc/bochs/build/obj/init.o
 .rodata        0x00000000c000c0ac      0x2d1 /home/yhy/workspace/cccc/bochs/build/obj/interrupt.o
 *fill*         0x00000000c000c37d        0x3 
 .rodata        0x00000000c000c380       0xac /home/yhy/workspace/cccc/bochs/build/obj/timer.o
 .rodata        0x00000000c000c42c       0x3f /home/yhy/workspace/cccc/bochs/build/obj/debug.o
 *fill*         0x00000000c000c46b        0x1 
 .rodata        0x00000000c000c46c      0x3d6 /home/yhy/workspace/cccc/bochs/build/obj/memory.o
 *fill*         0x00000000c000c842        0x2 
 .rodata        0x00000000c000c844       0x8b /home/yhy/workspace/cccc/bochs/build/obj/bitmap.o
 *fill*         0x00000000c000c8cf        0x1 
 .rodata        0x00000000c000c8d0       0xdf /home/yhy/workspace/cccc/bochs/build/obj/string.o
 *fill*         0x00000000c000c9af        0x1 
 .rodata        0x00000000c000c9b0      0x2f9 /home/yhy/workspace/cccc/bochs/build/obj/thread.o
 *fill*         0x00000000c000cca9        0x3 
 .rodata        0x00000000c000ccac      0x153 /home/yhy/workspace/cccc/bochs/build/obj/sync.o
 .rodata        0x00000000c000cdff       0x36 /home/yhy/workspace/cccc/bochs/build/obj/keyboard.o
 *fill*         0x00000000c000ce35        0x3 
 .rodata        0x00000000c000ce38       0xc1 /home/yhy/workspace/cccc/bochs/build/obj/ioqueue.o
 .rodata        0x00000000c000cef9       0x27 /home/yhy/workspace/cccc/bochs/build/obj/tss.o
 .rodata        0x00000000c000cf20      0x105 /home/yhy/workspace/cccc/bochs/build/obj/process.o
 .rodata        0x00000000c000d025       0x27 /home/yhy/workspace/cccc/bochs/build/obj/syscall-init.o
 .rodata        0x00000000c000d04c      0x203 /home/yhy/workspace/cccc/bochs/build/obj/ide.o
 *fill*         0x00000000c000d24f        0x1 
 .rodata        0x00000000c000d250      0x8d2 /home/yhy/workspace/cccc/bochs/build/obj/fs.o
 *fill*         0x00000000c000db22        0x2 
 .rodata        0x00000000c000db24      0x45c /home/yhy/workspace/cccc/bochs/build/obj/file.o
 .rodata        0x00000000c000df80       0xdf /home/yhy/workspace/cccc/bochs/build/obj/inode.o
 *fill*         0x00000000c000e05f        0x1 
 .rodata        0x00000000c000e060      0x227 /home/yhy/workspace/cccc/bochs/build/obj/dir.o
 *fill*         0x00000000c000e287        0x1 
 .rodata        0x00000000c000e288      0x166 /home/yhy/workspace/cccc/bochs/build/obj/fork.o
 *fill*         0x00000000c000e3ee        0x2 
 .rodata        0x00000000c000e3f0       0x32 /home/yhy/workspace/cccc/bochs/build/obj/assert.o
 *fill*         0x00000000c000e422        0x2 
 .rodata        0x00000000c000e424       0xbe /home/yhy/workspace/cccc/bochs/build/obj/shell.o

.rodata1
 *(.rodata1)

.eh_frame_hdr
 *(.eh_frame_hdr)
 *(.eh_frame_entry .eh_frame_entry.*)

.eh_frame
 *(.eh_frame)
 *(.eh_frame.*)

.gcc_except_table
 *(.gcc_except_table .gcc_except_table.*)

.gnu_extab
 *(.gnu_extab*)

.exception_ranges
 *(.exception_ranges*)
                0x00000000c000f000                . = DATA_SEGMENT_ALIGN (CONSTANT (MAXPAGESIZE), CONSTANT (COMMONPAGESIZE))

.eh_frame
 *(.eh_frame)
 *(.eh_frame.*)

.gnu_extab
 *(.gnu_extab)

.gcc_except_table
 *(.gcc_except_table .gcc_except_table.*)

.exception_ranges
 *(.exception_ranges*)

.tdata          0x00000000c000f000        0x0
                [!provide]                        PROVIDE (__tdata_start = .)
 *(.tdata .tdata.* .gnu.linkonce.td.*)

.tbss
 *(.tbss .tbss.* .gnu.linkonce.tb.*)
 *(.tcommon)

.preinit_array  0x00000000c000f000        0x0
                [!provide]                        PROVIDE (__preinit_array_start = .)
 *(.preinit_array)
                [!provide]                        PROVIDE (__preinit_array_end = .)

.init_array     0x00000000c000f000        0x0
                [!provide]                        PROVIDE (__init_array_start = .)
 *(SORT_BY_INIT_PRIORITY(.init_array.*) SORT_BY_INIT_PRIORITY(.ctors.*))
 *(.init_array EXCLUDE_FILE(*crtend?.o *crtend.o *crtbegin?.o *crtbegin.o) .ctors)
                [!provide]                        PROVIDE (__init_array_end = .)

.fini_array     0x00000000c000f000        0x0
                [!provide]                        PROVIDE (__fini_array_start = .)
 *(SORT_BY_INIT_PRIORITY(.fini_array.*) SORT_BY_INIT_PRIORITY(.dtors.*))
 *(.fini_array EXCLUDE_FILE(*crtend?.o *crtend.o *crtbegin?.o *crtbegin.o) .dtors)
                [!provide]                        PROVIDE (__fini_array_end = .)

.ctors
 *crtbegin.o(.ctors)
 *crtbegin?.o(.ctors)
 *(EXCLUDE_FILE(*crtend?.o *crtend.o) .ctors)
 *(SORT_BY_NAME(.ctors.*))
 *(.ctors)

.dtors
 *crtbegin.o(.dtors)
 *crtbegin?.o(.dtors)
 *(EXCLUDE_FILE(*crtend?.o *crtend.o) .dtors)
 *(SORT_BY_NAME(.dtors.*))
 *(.dtors)

.jcr
 *(.jcr)

.data.rel.ro
 *(.data.rel.ro.local* .gnu.linkonce.d.rel.ro.local.*)
 *(.data.rel.ro .data.rel.ro.* .gnu.linkonce.d.rel.ro.*)

.dynamic
 *(.dynamic)

.got            0x00000000c000f000        0x0
 *(.got)
 .got           0x00000000c000f000        0x0 /home/yhy/workspace/cccc/bochs/build/obj/main.o
 *(.igot)
                0x00000000c000f000                . = DATA_SEGMENT_RELRO_END (., (SIZEOF (.got.plt) >= 0xc)?0xc:0x0)

.got.plt        0x00000000c000f000        0x0
 *(.got.plt)
 .got.plt       0x00000000c000f000        0x0 /home/yhy/workspace/cccc/bochs/build/obj/main.o
 *(.igot.plt)
 .igot.plt      0x00000000c000f000        0x0 /home/yhy/workspace/cccc/bochs/build/obj/main.o

.data           0x00000000c000f000      0x156
 *(.data .data.* .gnu.linkonce.d.*)
 .data          0x00000000c000f000        0x0 /home/yhy/workspace/cccc/bochs/build/obj/main.o
 .data          0x00000000c000f000        0x0 /home/yhy/workspace/cccc/bochs/build/obj/init.o
 .data          0x00000000c000f000        0x0 /home/yhy/workspace/cccc/bochs/build/obj/interrupt.o
 .data          0x00000000c000f000        0x0 /home/yhy/workspace/cccc/bochs/build/obj/timer.o
 .data          0x00000000c000f000       0xc0 /home/yhy/workspace/cccc/bochs/build/obj/kernel.o
                0x00000000c000f000                intr_entry_table
 .data          0x00000000c000f0c0        0x8 /home/yhy/workspace/cccc/bochs/build/obj/print.o
 .data          0x00000000c000f0c8        0x0 /home/yhy/workspace/cccc/bochs/build/obj/debug.o
 .data          0x00000000c000f0c8        0x0 /home/yhy/workspace/cccc/bochs/build/obj/memory.o
 .data          0x00000000c000f0c8        0x0 /home/yhy/workspace/cccc/bochs/build/obj/bitmap.o
 .data          0x00000000c000f0c8        0x0 /home/yhy/workspace/cccc/bochs/build/obj/string.o
 .data          0x00000000c000f0c8        0x0 /home/yhy/workspace/cccc/bochs/build/obj/thread.o
 .data          0x00000000c000f0c8        0x0 /home/yhy/workspace/cccc/bochs/build/obj/list.o
 .data          0x00000000c000f0c8        0x0 /home/yhy/workspace/cccc/bochs/build/obj/sync.o
 .data          0x00000000c000f0c8        0x0 /home/yhy/workspace/cccc/bochs/build/obj/console.o
 *fill*         0x00000000c000f0c8       0x18 
 .data          0x00000000c000f0e0       0x76 /home/yhy/workspace/cccc/bochs/build/obj/keyboard.o
 .data          0x00000000c000f156        0x0 /home/yhy/workspace/cccc/bochs/build/obj/ioqueue.o
 .data          0x00000000c000f156        0x0 /home/yhy/workspace/cccc/bochs/build/obj/tss.o
 .data          0x00000000c000f156        0x0 /home/yhy/workspace/cccc/bochs/build/obj/process.o
 .data          0x00000000c000f156        0x0 /home/yhy/workspace/cccc/bochs/build/obj/syscall.o
 .data          0x00000000c000f156        0x0 /home/yhy/workspace/cccc/bochs/build/obj/syscall-init.o
 .data          0x00000000c000f156        0x0 /home/yhy/workspace/cccc/bochs/build/obj/stdio.o
 .data          0x00000000c000f156        0x0 /home/yhy/workspace/cccc/bochs/build/obj/stdio-kernel.o
 .data          0x00000000c000f156        0x0 /home/yhy/workspace/cccc/bochs/build/obj/ide.o
 .data          0x00000000c000f156        0x0 /home/yhy/workspace/cccc/bochs/build/obj/fs.o
 .data          0x00000000c000f156        0x0 /home/yhy/workspace/cccc/bochs/build/obj/file.o
 .data          0x00000000c000f156        0x0 /home/yhy/workspace/cccc/bochs/build/obj/inode.o
 .data          0x00000000c000f156        0x0 /home/yhy/workspace/cccc/bochs/build/obj/dir.o
 .data          0x00000000c000f156        0x0 /home/yhy/workspace/cccc/bochs/build/obj/fork.o
 .data          0x00000000c000f156        0x0 /home/yhy/workspace/cccc/bochs/build/obj/assert.o
 .data          0x00000000c000f156        0x0 /home/yhy/workspace/cccc/bochs/build/obj/shell.o

.data1
 *(.data1)
                0x00000000c000f156                _edata = .
                [!provide]                        PROVIDE (edata = .)
                0x00000000c000f156                . = .
                0x00000000c000f156                __bss_start = .

.bss            0x00000000c000f160     0x1cc8
 *(.dynbss)
 *(.bss .bss.* .gnu.linkonce.b.*)
 .bss           0x00000000c000f160        0x0 /home/yhy/workspace/cccc/bochs/build/obj/main.o
 .bss           0x00000000c000f160        0x0 /home/yhy/workspace/cccc/bochs/build/obj/init.o
 .bss           0x00000000c000f160      0x408 /home/yhy/workspace/cccc/bochs/build/obj/interrupt.o
 .bss           0x00000000c000f568        0x0 /home/yhy/workspace/cccc/bochs/build/obj/timer.o
 .bss           0x00000000c000f568        0x0 /home/yhy/workspace/cccc/bochs/build/obj/debug.o
 .bss           0x00000000c000f568        0x0 /home/yhy/workspace/cccc/bochs/build/obj/memory.o
 .bss           0x00000000c000f568        0x0 /home/yhy/workspace/cccc/bochs/build/obj/bitmap.o
 .bss           0x00000000c000f568        0x0 /home/yhy/workspace/cccc/bochs/build/obj/string.o
 .bss           0x00000000c000f568        0x6 /home/yhy/workspace/cccc/bochs/build/obj/thread.o
 .bss           0x00000000c000f56e        0x0 /home/yhy/workspace/cccc/bochs/build/obj/list.o
 .bss           0x00000000c000f56e        0x0 /home/yhy/workspace/cccc/bochs/build/obj/sync.o
 *fill*         0x00000000c000f56e        0x2 
 .bss           0x00000000c000f570       0x1c /home/yhy/workspace/cccc/bochs/build/obj/console.o
 .bss           0x00000000c000f58c       0x14 /home/yhy/workspace/cccc/bochs/build/obj/keyboard.o
 .bss           0x00000000c000f5a0        0x0 /home/yhy/workspace/cccc/bochs/build/obj/ioqueue.o
 .bss           0x00000000c000f5a0       0x6c /home/yhy/workspace/cccc/bochs/build/obj/tss.o
 .bss           0x00000000c000f60c        0x0 /home/yhy/workspace/cccc/bochs/build/obj/process.o
 .bss           0x00000000c000f60c        0x0 /home/yhy/workspace/cccc/bochs/build/obj/syscall.o
 .bss           0x00000000c000f60c        0x0 /home/yhy/workspace/cccc/bochs/build/obj/syscall-init.o
 .bss           0x00000000c000f60c        0x0 /home/yhy/workspace/cccc/bochs/build/obj/stdio.o
 .bss           0x00000000c000f60c        0x0 /home/yhy/workspace/cccc/bochs/build/obj/stdio-kernel.o
 .bss           0x00000000c000f60c        0x6 /home/yhy/workspace/cccc/bochs/build/obj/ide.o
                0x00000000c000f60c                ext_lba_base
                0x00000000c000f610                p_no
                0x00000000c000f611                l_no
 .bss           0x00000000c000f612        0x0 /home/yhy/workspace/cccc/bochs/build/obj/fs.o
 .bss           0x00000000c000f612        0x0 /home/yhy/workspace/cccc/bochs/build/obj/file.o
 .bss           0x00000000c000f612        0x0 /home/yhy/workspace/cccc/bochs/build/obj/inode.o
 .bss           0x00000000c000f612        0x0 /home/yhy/workspace/cccc/bochs/build/obj/dir.o
 .bss           0x00000000c000f612        0x0 /home/yhy/workspace/cccc/bochs/build/obj/fork.o
 .bss           0x00000000c000f612        0x0 /home/yhy/workspace/cccc/bochs/build/obj/assert.o
 *fill*         0x00000000c000f612        0xe 
 .bss           0x00000000c000f620       0xc0 /home/yhy/workspace/cccc/bochs/build/obj/shell.o
                0x00000000c000f620                cwd_cache
 *(COMMON)
 COMMON         0x00000000c000f6e0      0x424 /home/yhy/workspace/cccc/bochs/build/obj/interrupt.o
                0x00000000c000f6e0                intr_name
                0x00000000c000f900                idt_table
 COMMON         0x00000000c000fb04        0x4 /home/yhy/workspace/cccc/bochs/build/obj/timer.o
                0x00000000c000fb04                ticks
 *fill*         0x00000000c000fb08       0x18 
 COMMON         0x00000000c000fb20      0x12c /home/yhy/workspace/cccc/bochs/build/obj/memory.o
                0x00000000c000fb20                user_pool
                0x00000000c000fb60                k_block_descs
                0x00000000c000fc08                kernel_vaddr
                0x00000000c000fc20                kernel_pool
 COMMON         0x00000000c000fc4c       0x44 /home/yhy/workspace/cccc/bochs/build/obj/thread.o
                0x00000000c000fc4c                thread_ready_list
                0x00000000c000fc5c                thread_all_list
                0x00000000c000fc6c                idle_thread
                0x00000000c000fc70                main_thread
                0x00000000c000fc74                pid_lock
 *fill*         0x00000000c000fc90       0x10 
 COMMON         0x00000000c000fca0       0x6c /home/yhy/workspace/cccc/bochs/build/obj/keyboard.o
                0x00000000c000fca0                kbd_buf
 *fill*         0x00000000c000fd0c       0x14 
 COMMON         0x00000000c000fd20       0x80 /home/yhy/workspace/cccc/bochs/build/obj/syscall-init.o
                0x00000000c000fd20                syscall_table
 COMMON         0x00000000c000fda0      0xcf0 /home/yhy/workspace/cccc/bochs/build/obj/ide.o
                0x00000000c000fda0                channel_cnt
                0x00000000c000fdc0                channels
                0x00000000c0010a80                partition_list
 COMMON         0x00000000c0010a90        0x4 /home/yhy/workspace/cccc/bochs/build/obj/fs.o
                0x00000000c0010a90                cur_part
 *fill*         0x00000000c0010a94        0xc 
 COMMON         0x00000000c0010aa0      0x180 /home/yhy/workspace/cccc/bochs/build/obj/file.o
                0x00000000c0010aa0                file_table
 COMMON         0x00000000c0010c20      0x208 /home/yhy/workspace/cccc/bochs/build/obj/dir.o
                0x00000000c0010c20                root_dir
                0x00000000c0010e28                . = ALIGN ((. != 0x0)?0x4:0x1)
                0x00000000c0010e28                . = ALIGN (0x4)
                0x00000000c0010e28                . = SEGMENT_START ("ldata-segment", .)
                0x00000000c0010e28                . = ALIGN (0x4)
                0x00000000c0010e28                _end = .
                [!provide]                        PROVIDE (end = .)
                0x00000000c0010e28                . = DATA_SEGMENT_END (.)

.stab
 *(.stab)

.stabstr
 *(.stabstr)

.stab.excl
 *(.stab.excl)

.stab.exclstr
 *(.stab.exclstr)

.stab.index
 *(.stab.index)

.stab.indexstr
 *(.stab.indexstr)

.comment        0x0000000000000000       0x2a
 *(.comment)
 .comment       0x0000000000000000       0x2a /home/yhy/workspace/cccc/bochs/build/obj/main.o
                                         0x2b (size before relaxing)
 .comment       0x000000000000002a       0x2b /home/yhy/workspace/cccc/bochs/build/obj/init.o
 .comment       0x000000000000002a       0x2b /home/yhy/workspace/cccc/bochs/build/obj/interrupt.o
 .comment       0x000000000000002a       0x2b /home/yhy/workspace/cccc/bochs/build/obj/timer.o
 .comment       0x000000000000002a       0x2b /home/yhy/workspace/cccc/bochs/build/obj/debug.o
 .comment       0x000000000000002a       0x2b /home/yhy/workspace/cccc/bochs/build/obj/memory.o
 .comment       0x000000000000002a       0x2b /home/yhy/workspace/cccc/bochs/build/obj/bitmap.o
 .comment       0x000000000000002a       0x2b /home/yhy/workspace/cccc/bochs/build/obj/string.o
 .comment       0x000000000000002a       0x2b /home/yhy/workspace/cccc/bochs/build/obj/thread.o
 .comment       0x000000000000002a       0x2b /home/yhy/workspace/cccc/bochs/build/obj/list.o
 .comment       0x000000000000002a       0x2b /home/yhy/workspace/cccc/bochs/build/obj/sync.o
 .comment       0x000000000000002a       0x2b /home/yhy/workspace/cccc/bochs/build/obj/console.o
 .comment       0x000000000000002a       0x2b /home/yhy/workspace/cccc/bochs/build/obj/keyboard.o
 .comment       0x000000000000002a       0x2b /home/yhy/workspace/cccc/bochs/build/obj/ioqueue.o
 .comment       0x000000000000002a       0x2b /home/yhy/workspace/cccc/bochs/build/obj/tss.o
 .comment       0x000000000000002a       0x2b /home/yhy/workspace/cccc/bochs/build/obj/process.o
 .comment       0x000000000000002a       0x2b /home/yhy/workspace/cccc/bochs/build/obj/syscall.o
 .comment       0x000000000000002a       0x2b /home/yhy/workspace/cccc/bochs/build/obj/syscall-init.o
 .comment       0x000000000000002a       0x2b /home/yhy/workspace/cccc/bochs/build/obj/stdio.o
 .comment       0x000000000000002a       0x2b /home/yhy/workspace/cccc/bochs/build/obj/stdio-kernel.o
 .comment       0x000000000000002a       0x2b /home/yhy/workspace/cccc/bochs/build/obj/ide.o
 .comment       0x000000000000002a       0x2b /home/yhy/workspace/cccc/bochs/build/obj/fs.o
 .comment       0x000000000000002a       0x2b /home/yhy/workspace/cccc/bochs/build/obj/file.o
 .comment       0x000000000000002a       0x2b /home/yhy/workspace/cccc/bochs/build/obj/inode.o
 .comment       0x000000000000002a       0x2b /home/yhy/workspace/cccc/bochs/build/obj/dir.o
 .comment       0x000000000000002a       0x2b /home/yhy/workspace/cccc/bochs/build/obj/fork.o
 .comment       0x000000000000002a       0x2b /home/yhy/workspace/cccc/bochs/build/obj/assert.o
 .comment       0x000000000000002a       0x2b /home/yhy/workspace/cccc/bochs/build/obj/shell.o

.gnu.build.attributes
 *(.gnu.build.attributes .gnu.build.attributes.*)

.debug
 *(.debug)

.line
 *(.line)

.debug_srcinfo
 *(.debug_srcinfo)

.debug_sfnames
 *(.debug_sfnames)

.debug_aranges
 *(.debug_aranges)

.debug_pubnames
 *(.debug_pubnames)

.debug_info
 *(.debug_info .gnu.linkonce.wi.*)

.debug_abbrev
 *(.debug_abbrev)

.debug_line
 *(.debug_line .debug_line.* .debug_line_end)

.debug_frame
 *(.debug_frame)

.debug_str
 *(.debug_str)

.debug_loc
 *(.debug_loc)

.debug_macinfo
 *(.debug_macinfo)

.debug_weaknames
 *(.debug_weaknames)

.debug_funcnames
 *(.debug_funcnames)

.debug_typenames
 *(.debug_typenames)

.debug_varnames
 *(.debug_varnames)

.debug_pubtypes
 *(.debug_pubtypes)

.debug_ranges
 *(.debug_ranges)

.debug_macro
 *(.debug_macro)

.debug_addr
 *(.debug_addr)

.gnu.attributes
 *(.gnu.attributes)

/DISCARD/
 *(.note.GNU-stack)
 *(.gnu_debuglink)
 *(.gnu.lto_*)
OUTPUT(/home/yhy/workspace/cccc/bochs/build/obj/kernel.bin elf32-i386)
