
Allocating common symbols
Common symbol       size              file

user_pool           0x10              /home/yhy/workspace/cccc/bochs/build/obj/memory.o
intr_name           0x84              /home/yhy/workspace/cccc/bochs/build/obj/interrupt.o
kernel_vaddr        0xc               /home/yhy/workspace/cccc/bochs/build/obj/memory.o
idt_table           0x84              /home/yhy/workspace/cccc/bochs/build/obj/interrupt.o
kernel_pool         0x10              /home/yhy/workspace/cccc/bochs/build/obj/memory.o

Discarded input sections

 .note.GNU-stack
                0x0000000000000000        0x0 /home/yhy/workspace/cccc/bochs/build/obj/main.o
 .note.GNU-stack
                0x0000000000000000        0x0 /home/yhy/workspace/cccc/bochs/build/obj/init.o
 .note.GNU-stack
                0x0000000000000000        0x0 /home/yhy/workspace/cccc/bochs/build/obj/interrupt.o
 .note.GNU-stack
                0x0000000000000000        0x0 /home/yhy/workspace/cccc/bochs/build/obj/timer.o
 .note.GNU-stack
                0x0000000000000000        0x0 /home/yhy/workspace/cccc/bochs/build/obj/debug.o
 .note.GNU-stack
                0x0000000000000000        0x0 /home/yhy/workspace/cccc/bochs/build/obj/memory.o
 .note.GNU-stack
                0x0000000000000000        0x0 /home/yhy/workspace/cccc/bochs/build/obj/bitmap.o
 .note.GNU-stack
                0x0000000000000000        0x0 /home/yhy/workspace/cccc/bochs/build/obj/string.o
 .note.GNU-stack
                0x0000000000000000        0x0 /home/yhy/workspace/cccc/bochs/build/obj/thread.o

Memory Configuration

Name             Origin             Length             Attributes
*default*        0x0000000000000000 0xffffffffffffffff

Linker script and memory map

Address of section .text set to 0xc0001500
LOAD /home/yhy/workspace/cccc/bochs/build/obj/main.o
LOAD /home/yhy/workspace/cccc/bochs/build/obj/init.o
LOAD /home/yhy/workspace/cccc/bochs/build/obj/interrupt.o
LOAD /home/yhy/workspace/cccc/bochs/build/obj/timer.o
LOAD /home/yhy/workspace/cccc/bochs/build/obj/kernel.o
LOAD /home/yhy/workspace/cccc/bochs/build/obj/print.o
LOAD /home/yhy/workspace/cccc/bochs/build/obj/debug.o
LOAD /home/yhy/workspace/cccc/bochs/build/obj/memory.o
LOAD /home/yhy/workspace/cccc/bochs/build/obj/bitmap.o
LOAD /home/yhy/workspace/cccc/bochs/build/obj/string.o
LOAD /home/yhy/workspace/cccc/bochs/build/obj/thread.o
                [!provide]                        PROVIDE (__executable_start = SEGMENT_START ("text-segment", 0x8048000))
                0x00000000080480d4                . = (SEGMENT_START ("text-segment", 0x8048000) + SIZEOF_HEADERS)

.interp
 *(.interp)

.note.gnu.build-id
 *(.note.gnu.build-id)

.hash
 *(.hash)

.gnu.hash
 *(.gnu.hash)

.dynsym
 *(.dynsym)

.dynstr
 *(.dynstr)

.gnu.version
 *(.gnu.version)

.gnu.version_d
 *(.gnu.version_d)

.gnu.version_r
 *(.gnu.version_r)

.rel.dyn        0x00000000080480d4        0x0
 *(.rel.init)
 *(.rel.text .rel.text.* .rel.gnu.linkonce.t.*)
 .rel.text      0x00000000080480d4        0x0 /home/yhy/workspace/cccc/bochs/build/obj/main.o
 *(.rel.fini)
 *(.rel.rodata .rel.rodata.* .rel.gnu.linkonce.r.*)
 *(.rel.data.rel.ro .rel.data.rel.ro.* .rel.gnu.linkonce.d.rel.ro.*)
 *(.rel.data .rel.data.* .rel.gnu.linkonce.d.*)
 *(.rel.tdata .rel.tdata.* .rel.gnu.linkonce.td.*)
 *(.rel.tbss .rel.tbss.* .rel.gnu.linkonce.tb.*)
 *(.rel.ctors)
 *(.rel.dtors)
 *(.rel.got)
 .rel.got       0x00000000080480d4        0x0 /home/yhy/workspace/cccc/bochs/build/obj/main.o
 *(.rel.bss .rel.bss.* .rel.gnu.linkonce.b.*)
 *(.rel.ifunc)

.rel.plt        0x00000000080480d4        0x0
 *(.rel.plt)
                [!provide]                        PROVIDE (__rel_iplt_start = .)
 *(.rel.iplt)
 .rel.iplt      0x00000000080480d4        0x0 /home/yhy/workspace/cccc/bochs/build/obj/main.o
                [!provide]                        PROVIDE (__rel_iplt_end = .)
                0x0000000008049000                . = ALIGN (CONSTANT (MAXPAGESIZE))

.init
 *(SORT_NONE(.init))

.plt            0x0000000008049000        0x0
 *(.plt)
 *(.iplt)
 .iplt          0x0000000008049000        0x0 /home/yhy/workspace/cccc/bochs/build/obj/main.o

.plt.got
 *(.plt.got)

.plt.sec
 *(.plt.sec)

.text           0x00000000c0001500     0x1835
 *(.text.unlikely .text.*_unlikely .text.unlikely.*)
 *(.text.exit .text.exit.*)
 *(.text.startup .text.startup.*)
 *(.text.hot .text.hot.*)
 *(SORT_BY_NAME(.text.sorted.*))
 *(.text .stub .text.* .gnu.linkonce.t.*)
 .text          0x00000000c0001500       0x59 /home/yhy/workspace/cccc/bochs/build/obj/main.o
                0x00000000c0001500                main
                0x00000000c0001540                k_thread_a
 .text          0x00000000c0001559       0x23 /home/yhy/workspace/cccc/bochs/build/obj/init.o
                0x00000000c0001559                init_all
 .text          0x00000000c000157c      0x3b7 /home/yhy/workspace/cccc/bochs/build/obj/interrupt.o
                0x00000000c0001842                intr_enable
                0x00000000c000186b                intr_disable
                0x00000000c0001894                intr_set_status
                0x00000000c00018b2                intr_get_status
                0x00000000c00018d5                idt_init
 .text          0x00000000c0001933      0x102 /home/yhy/workspace/cccc/bochs/build/obj/timer.o
                0x00000000c00019e9                timer_init
 *fill*         0x00000000c0001a35        0xb 
 .text          0x00000000c0001a40      0x393 /home/yhy/workspace/cccc/bochs/build/obj/kernel.o
                0x00000000c0001a40                intr_exit
 *fill*         0x00000000c0001dd3        0xd 
 .text          0x00000000c0001de0      0x14e /home/yhy/workspace/cccc/bochs/build/obj/print.o
                0x00000000c0001de0                put_str
                0x00000000c0001dfe                put_char
                0x00000000c0001ecb                put_int
 .text          0x00000000c0001f2e       0xa5 /home/yhy/workspace/cccc/bochs/build/obj/debug.o
                0x00000000c0001f2e                panic_spin
 .text          0x00000000c0001fd3      0x557 /home/yhy/workspace/cccc/bochs/build/obj/memory.o
                0x00000000c0002058                pte_ptr
                0x00000000c0002089                pde_ptr
                0x00000000c000223b                malloc_page
                0x00000000c0002305                get_kernel_pages
                0x00000000c00024f5                mem_init
 .text          0x00000000c000252a      0x270 /home/yhy/workspace/cccc/bochs/build/obj/bitmap.o
                0x00000000c000252a                bitmap_init
                0x00000000c0002551                bitmap_scan_test
                0x00000000c0002593                bitmap_scan
                0x00000000c00026e1                bitmap_set
 .text          0x00000000c000279a      0x454 /home/yhy/workspace/cccc/bochs/build/obj/string.o
                0x00000000c000279a                memset
                0x00000000c00027f6                memcpy
                0x00000000c000285e                memcmp
                0x00000000c00028f4                strcpy
                0x00000000c0002957                strlen
                0x00000000c00029b1                strcmp
                0x00000000c0002a38                strchr
                0x00000000c0002a9e                strrchr
                0x00000000c0002b07                strcat
                0x00000000c0002b81                strchrs
 .text          0x00000000c0002bee      0x147 /home/yhy/workspace/cccc/bochs/build/obj/thread.o
                0x00000000c0002c01                thread_create
                0x00000000c0002c77                init_thread
                0x00000000c0002cdd                thread_start
 *(.gnu.warning)

.fini
 *(SORT_NONE(.fini))
                [!provide]                        PROVIDE (__etext = .)
                [!provide]                        PROVIDE (_etext = .)
                [!provide]                        PROVIDE (etext = .)
                0x00000000c0003000                . = ALIGN (CONSTANT (MAXPAGESIZE))
                0x00000000c0003000                . = SEGMENT_START ("rodata-segment", (ALIGN (CONSTANT (MAXPAGESIZE)) + (. & (CONSTANT (MAXPAGESIZE) - 0x1))))

.rodata         0x00000000c0003000      0x5b3
 *(.rodata .rodata.* .gnu.linkonce.r.*)
 .rodata        0x00000000c0003000       0x1d /home/yhy/workspace/cccc/bochs/build/obj/main.o
 .rodata        0x00000000c000301d        0xa /home/yhy/workspace/cccc/bochs/build/obj/init.o
 *fill*         0x00000000c0003027        0x1 
 .rodata        0x00000000c0003028      0x265 /home/yhy/workspace/cccc/bochs/build/obj/interrupt.o
 .rodata        0x00000000c000328d       0x23 /home/yhy/workspace/cccc/bochs/build/obj/timer.o
 .rodata        0x00000000c00032b0       0x3f /home/yhy/workspace/cccc/bochs/build/obj/debug.o
 *fill*         0x00000000c00032ef        0x1 
 .rodata        0x00000000c00032f0      0x155 /home/yhy/workspace/cccc/bochs/build/obj/memory.o
 *fill*         0x00000000c0003445        0x3 
 .rodata        0x00000000c0003448       0x8b /home/yhy/workspace/cccc/bochs/build/obj/bitmap.o
 *fill*         0x00000000c00034d3        0x1 
 .rodata        0x00000000c00034d4       0xdf /home/yhy/workspace/cccc/bochs/build/obj/string.o

.rodata1
 *(.rodata1)

.eh_frame_hdr
 *(.eh_frame_hdr)
 *(.eh_frame_entry .eh_frame_entry.*)

.eh_frame
 *(.eh_frame)
 *(.eh_frame.*)

.gcc_except_table
 *(.gcc_except_table .gcc_except_table.*)

.gnu_extab
 *(.gnu_extab*)

.exception_ranges
 *(.exception_ranges*)
                0x00000000c00045b3                . = DATA_SEGMENT_ALIGN (CONSTANT (MAXPAGESIZE), CONSTANT (COMMONPAGESIZE))

.eh_frame
 *(.eh_frame)
 *(.eh_frame.*)

.gnu_extab
 *(.gnu_extab)

.gcc_except_table
 *(.gcc_except_table .gcc_except_table.*)

.exception_ranges
 *(.exception_ranges*)

.tdata          0x00000000c00045b3        0x0
                [!provide]                        PROVIDE (__tdata_start = .)
 *(.tdata .tdata.* .gnu.linkonce.td.*)

.tbss
 *(.tbss .tbss.* .gnu.linkonce.tb.*)
 *(.tcommon)

.preinit_array  0x00000000c00045b3        0x0
                [!provide]                        PROVIDE (__preinit_array_start = .)
 *(.preinit_array)
                [!provide]                        PROVIDE (__preinit_array_end = .)

.init_array     0x00000000c00045b3        0x0
                [!provide]                        PROVIDE (__init_array_start = .)
 *(SORT_BY_INIT_PRIORITY(.init_array.*) SORT_BY_INIT_PRIORITY(.ctors.*))
 *(.init_array EXCLUDE_FILE(*crtend?.o *crtend.o *crtbegin?.o *crtbegin.o) .ctors)
                [!provide]                        PROVIDE (__init_array_end = .)

.fini_array     0x00000000c00045b3        0x0
                [!provide]                        PROVIDE (__fini_array_start = .)
 *(SORT_BY_INIT_PRIORITY(.fini_array.*) SORT_BY_INIT_PRIORITY(.dtors.*))
 *(.fini_array EXCLUDE_FILE(*crtend?.o *crtend.o *crtbegin?.o *crtbegin.o) .dtors)
                [!provide]                        PROVIDE (__fini_array_end = .)

.ctors
 *crtbegin.o(.ctors)
 *crtbegin?.o(.ctors)
 *(EXCLUDE_FILE(*crtend?.o *crtend.o) .ctors)
 *(SORT_BY_NAME(.ctors.*))
 *(.ctors)

.dtors
 *crtbegin.o(.dtors)
 *crtbegin?.o(.dtors)
 *(EXCLUDE_FILE(*crtend?.o *crtend.o) .dtors)
 *(SORT_BY_NAME(.dtors.*))
 *(.dtors)

.jcr
 *(.jcr)

.data.rel.ro
 *(.data.rel.ro.local* .gnu.linkonce.d.rel.ro.local.*)
 *(.data.rel.ro .data.rel.ro.* .gnu.linkonce.d.rel.ro.*)

.dynamic
 *(.dynamic)

.got            0x00000000c00045b4        0x0
 *(.got)
 .got           0x00000000c00045b4        0x0 /home/yhy/workspace/cccc/bochs/build/obj/main.o
 *(.igot)
                0x00000000c00045b4                . = DATA_SEGMENT_RELRO_END (., (SIZEOF (.got.plt) >= 0xc)?0xc:0x0)

.got.plt        0x00000000c00045b4        0x0
 *(.got.plt)
 .got.plt       0x00000000c00045b4        0x0 /home/yhy/workspace/cccc/bochs/build/obj/main.o
 *(.igot.plt)
 .igot.plt      0x00000000c00045b4        0x0 /home/yhy/workspace/cccc/bochs/build/obj/main.o

.data           0x00000000c00045b4       0x8c
 *(.data .data.* .gnu.linkonce.d.*)
 .data          0x00000000c00045b4        0x0 /home/yhy/workspace/cccc/bochs/build/obj/main.o
 .data          0x00000000c00045b4        0x0 /home/yhy/workspace/cccc/bochs/build/obj/init.o
 .data          0x00000000c00045b4        0x0 /home/yhy/workspace/cccc/bochs/build/obj/interrupt.o
 .data          0x00000000c00045b4        0x0 /home/yhy/workspace/cccc/bochs/build/obj/timer.o
 .data          0x00000000c00045b4       0x84 /home/yhy/workspace/cccc/bochs/build/obj/kernel.o
                0x00000000c00045b4                intr_entry_table
 .data          0x00000000c0004638        0x8 /home/yhy/workspace/cccc/bochs/build/obj/print.o
 .data          0x00000000c0004640        0x0 /home/yhy/workspace/cccc/bochs/build/obj/debug.o
 .data          0x00000000c0004640        0x0 /home/yhy/workspace/cccc/bochs/build/obj/memory.o
 .data          0x00000000c0004640        0x0 /home/yhy/workspace/cccc/bochs/build/obj/bitmap.o
 .data          0x00000000c0004640        0x0 /home/yhy/workspace/cccc/bochs/build/obj/string.o
 .data          0x00000000c0004640        0x0 /home/yhy/workspace/cccc/bochs/build/obj/thread.o

.data1
 *(.data1)
                0x00000000c0004640                _edata = .
                [!provide]                        PROVIDE (edata = .)
                0x00000000c0004640                . = .
                0x00000000c0004640                __bss_start = .

.bss            0x00000000c0004640      0x270
 *(.dynbss)
 *(.bss .bss.* .gnu.linkonce.b.*)
 .bss           0x00000000c0004640        0x0 /home/yhy/workspace/cccc/bochs/build/obj/main.o
 .bss           0x00000000c0004640        0x0 /home/yhy/workspace/cccc/bochs/build/obj/init.o
 .bss           0x00000000c0004640      0x108 /home/yhy/workspace/cccc/bochs/build/obj/interrupt.o
 .bss           0x00000000c0004748        0x0 /home/yhy/workspace/cccc/bochs/build/obj/timer.o
 .bss           0x00000000c0004748        0x0 /home/yhy/workspace/cccc/bochs/build/obj/debug.o
 .bss           0x00000000c0004748        0x0 /home/yhy/workspace/cccc/bochs/build/obj/memory.o
 .bss           0x00000000c0004748        0x0 /home/yhy/workspace/cccc/bochs/build/obj/bitmap.o
 .bss           0x00000000c0004748        0x0 /home/yhy/workspace/cccc/bochs/build/obj/string.o
 .bss           0x00000000c0004748        0x0 /home/yhy/workspace/cccc/bochs/build/obj/thread.o
 *(COMMON)
 *fill*         0x00000000c0004748       0x18 
 COMMON         0x00000000c0004760      0x124 /home/yhy/workspace/cccc/bochs/build/obj/interrupt.o
                0x00000000c0004760                intr_name
                0x00000000c0004800                idt_table
 COMMON         0x00000000c0004884       0x2c /home/yhy/workspace/cccc/bochs/build/obj/memory.o
                0x00000000c0004884                user_pool
                0x00000000c0004894                kernel_vaddr
                0x00000000c00048a0                kernel_pool
                0x00000000c00048b0                . = ALIGN ((. != 0x0)?0x4:0x1)
                0x00000000c00048b0                . = ALIGN (0x4)
                0x00000000c00048b0                . = SEGMENT_START ("ldata-segment", .)
                0x00000000c00048b0                . = ALIGN (0x4)
                0x00000000c00048b0                _end = .
                [!provide]                        PROVIDE (end = .)
                0x00000000c00048b0                . = DATA_SEGMENT_END (.)

.stab
 *(.stab)

.stabstr
 *(.stabstr)

.stab.excl
 *(.stab.excl)

.stab.exclstr
 *(.stab.exclstr)

.stab.index
 *(.stab.index)

.stab.indexstr
 *(.stab.indexstr)

.comment        0x0000000000000000       0x2a
 *(.comment)
 .comment       0x0000000000000000       0x2a /home/yhy/workspace/cccc/bochs/build/obj/main.o
                                         0x2b (size before relaxing)
 .comment       0x000000000000002a       0x2b /home/yhy/workspace/cccc/bochs/build/obj/init.o
 .comment       0x000000000000002a       0x2b /home/yhy/workspace/cccc/bochs/build/obj/interrupt.o
 .comment       0x000000000000002a       0x2b /home/yhy/workspace/cccc/bochs/build/obj/timer.o
 .comment       0x000000000000002a       0x2b /home/yhy/workspace/cccc/bochs/build/obj/debug.o
 .comment       0x000000000000002a       0x2b /home/yhy/workspace/cccc/bochs/build/obj/memory.o
 .comment       0x000000000000002a       0x2b /home/yhy/workspace/cccc/bochs/build/obj/bitmap.o
 .comment       0x000000000000002a       0x2b /home/yhy/workspace/cccc/bochs/build/obj/string.o
 .comment       0x000000000000002a       0x2b /home/yhy/workspace/cccc/bochs/build/obj/thread.o

.gnu.build.attributes
 *(.gnu.build.attributes .gnu.build.attributes.*)

.debug
 *(.debug)

.line
 *(.line)

.debug_srcinfo
 *(.debug_srcinfo)

.debug_sfnames
 *(.debug_sfnames)

.debug_aranges
 *(.debug_aranges)

.debug_pubnames
 *(.debug_pubnames)

.debug_info
 *(.debug_info .gnu.linkonce.wi.*)

.debug_abbrev
 *(.debug_abbrev)

.debug_line
 *(.debug_line .debug_line.* .debug_line_end)

.debug_frame
 *(.debug_frame)

.debug_str
 *(.debug_str)

.debug_loc
 *(.debug_loc)

.debug_macinfo
 *(.debug_macinfo)

.debug_weaknames
 *(.debug_weaknames)

.debug_funcnames
 *(.debug_funcnames)

.debug_typenames
 *(.debug_typenames)

.debug_varnames
 *(.debug_varnames)

.debug_pubtypes
 *(.debug_pubtypes)

.debug_ranges
 *(.debug_ranges)

.debug_macro
 *(.debug_macro)

.debug_addr
 *(.debug_addr)

.gnu.attributes
 *(.gnu.attributes)

/DISCARD/
 *(.note.GNU-stack)
 *(.gnu_debuglink)
 *(.gnu.lto_*)
OUTPUT(/home/yhy/workspace/cccc/bochs/build/obj/kernel.bin elf32-i386)
