
Allocating common symbols
Common symbol       size              file

kbd_buf             0x6c              /home/yhy/workspace/cccc/bochs/build/obj/keyboard.o
thread_ready_list   0x10              /home/yhy/workspace/cccc/bochs/build/obj/thread.o
thread_all_list     0x10              /home/yhy/workspace/cccc/bochs/build/obj/thread.o
user_pool           0x10              /home/yhy/workspace/cccc/bochs/build/obj/memory.o
idle_thread         0x4               /home/yhy/workspace/cccc/bochs/build/obj/thread.o
intr_name           0xc0              /home/yhy/workspace/cccc/bochs/build/obj/interrupt.o
main_thread         0x4               /home/yhy/workspace/cccc/bochs/build/obj/thread.o
ticks               0x4               /home/yhy/workspace/cccc/bochs/build/obj/timer.o
kernel_vaddr        0xc               /home/yhy/workspace/cccc/bochs/build/obj/memory.o
idt_table           0xc0              /home/yhy/workspace/cccc/bochs/build/obj/interrupt.o
kernel_pool         0x10              /home/yhy/workspace/cccc/bochs/build/obj/memory.o
pid_lock            0x1c              /home/yhy/workspace/cccc/bochs/build/obj/thread.o

Discarded input sections

 .note.GNU-stack
                0x0000000000000000        0x0 /home/yhy/workspace/cccc/bochs/build/obj/main.o
 .note.GNU-stack
                0x0000000000000000        0x0 /home/yhy/workspace/cccc/bochs/build/obj/init.o
 .note.GNU-stack
                0x0000000000000000        0x0 /home/yhy/workspace/cccc/bochs/build/obj/interrupt.o
 .note.GNU-stack
                0x0000000000000000        0x0 /home/yhy/workspace/cccc/bochs/build/obj/timer.o
 .note.GNU-stack
                0x0000000000000000        0x0 /home/yhy/workspace/cccc/bochs/build/obj/debug.o
 .note.GNU-stack
                0x0000000000000000        0x0 /home/yhy/workspace/cccc/bochs/build/obj/memory.o
 .note.GNU-stack
                0x0000000000000000        0x0 /home/yhy/workspace/cccc/bochs/build/obj/bitmap.o
 .note.GNU-stack
                0x0000000000000000        0x0 /home/yhy/workspace/cccc/bochs/build/obj/string.o
 .note.GNU-stack
                0x0000000000000000        0x0 /home/yhy/workspace/cccc/bochs/build/obj/thread.o
 .note.GNU-stack
                0x0000000000000000        0x0 /home/yhy/workspace/cccc/bochs/build/obj/list.o
 .note.GNU-stack
                0x0000000000000000        0x0 /home/yhy/workspace/cccc/bochs/build/obj/sync.o
 .note.GNU-stack
                0x0000000000000000        0x0 /home/yhy/workspace/cccc/bochs/build/obj/console.o
 .note.GNU-stack
                0x0000000000000000        0x0 /home/yhy/workspace/cccc/bochs/build/obj/keyboard.o
 .note.GNU-stack
                0x0000000000000000        0x0 /home/yhy/workspace/cccc/bochs/build/obj/ioqueue.o

Memory Configuration

Name             Origin             Length             Attributes
*default*        0x0000000000000000 0xffffffffffffffff

Linker script and memory map

Address of section .text set to 0xc0001500
LOAD /home/yhy/workspace/cccc/bochs/build/obj/main.o
LOAD /home/yhy/workspace/cccc/bochs/build/obj/init.o
LOAD /home/yhy/workspace/cccc/bochs/build/obj/interrupt.o
LOAD /home/yhy/workspace/cccc/bochs/build/obj/timer.o
LOAD /home/yhy/workspace/cccc/bochs/build/obj/kernel.o
LOAD /home/yhy/workspace/cccc/bochs/build/obj/print.o
LOAD /home/yhy/workspace/cccc/bochs/build/obj/debug.o
LOAD /home/yhy/workspace/cccc/bochs/build/obj/memory.o
LOAD /home/yhy/workspace/cccc/bochs/build/obj/bitmap.o
LOAD /home/yhy/workspace/cccc/bochs/build/obj/string.o
LOAD /home/yhy/workspace/cccc/bochs/build/obj/thread.o
LOAD /home/yhy/workspace/cccc/bochs/build/obj/switch.o
LOAD /home/yhy/workspace/cccc/bochs/build/obj/list.o
LOAD /home/yhy/workspace/cccc/bochs/build/obj/sync.o
LOAD /home/yhy/workspace/cccc/bochs/build/obj/console.o
LOAD /home/yhy/workspace/cccc/bochs/build/obj/keyboard.o
LOAD /home/yhy/workspace/cccc/bochs/build/obj/ioqueue.o
                [!provide]                        PROVIDE (__executable_start = SEGMENT_START ("text-segment", 0x8048000))
                0x00000000080480d4                . = (SEGMENT_START ("text-segment", 0x8048000) + SIZEOF_HEADERS)

.interp
 *(.interp)

.note.gnu.build-id
 *(.note.gnu.build-id)

.hash
 *(.hash)

.gnu.hash
 *(.gnu.hash)

.dynsym
 *(.dynsym)

.dynstr
 *(.dynstr)

.gnu.version
 *(.gnu.version)

.gnu.version_d
 *(.gnu.version_d)

.gnu.version_r
 *(.gnu.version_r)

.rel.dyn        0x00000000080480d4        0x0
 *(.rel.init)
 *(.rel.text .rel.text.* .rel.gnu.linkonce.t.*)
 .rel.text      0x00000000080480d4        0x0 /home/yhy/workspace/cccc/bochs/build/obj/main.o
 *(.rel.fini)
 *(.rel.rodata .rel.rodata.* .rel.gnu.linkonce.r.*)
 *(.rel.data.rel.ro .rel.data.rel.ro.* .rel.gnu.linkonce.d.rel.ro.*)
 *(.rel.data .rel.data.* .rel.gnu.linkonce.d.*)
 *(.rel.tdata .rel.tdata.* .rel.gnu.linkonce.td.*)
 *(.rel.tbss .rel.tbss.* .rel.gnu.linkonce.tb.*)
 *(.rel.ctors)
 *(.rel.dtors)
 *(.rel.got)
 .rel.got       0x00000000080480d4        0x0 /home/yhy/workspace/cccc/bochs/build/obj/main.o
 *(.rel.bss .rel.bss.* .rel.gnu.linkonce.b.*)
 *(.rel.ifunc)

.rel.plt        0x00000000080480d4        0x0
 *(.rel.plt)
                [!provide]                        PROVIDE (__rel_iplt_start = .)
 *(.rel.iplt)
 .rel.iplt      0x00000000080480d4        0x0 /home/yhy/workspace/cccc/bochs/build/obj/main.o
                [!provide]                        PROVIDE (__rel_iplt_end = .)
                0x0000000008049000                . = ALIGN (CONSTANT (MAXPAGESIZE))

.init
 *(SORT_NONE(.init))

.plt            0x0000000008049000        0x0
 *(.plt)
 *(.iplt)
 .iplt          0x0000000008049000        0x0 /home/yhy/workspace/cccc/bochs/build/obj/main.o

.plt.got
 *(.plt.got)

.plt.sec
 *(.plt.sec)

.text           0x00000000c0001500     0x2bf9
 *(.text.unlikely .text.*_unlikely .text.unlikely.*)
 *(.text.exit .text.exit.*)
 *(.text.startup .text.startup.*)
 *(.text.hot .text.hot.*)
 *(SORT_BY_NAME(.text.sorted.*))
 *(.text .stub .text.* .gnu.linkonce.t.*)
 .text          0x00000000c0001500      0x111 /home/yhy/workspace/cccc/bochs/build/obj/main.o
                0x00000000c0001500                main
                0x00000000c0001569                k_thread_a
                0x00000000c00015bd                k_thread_b
 .text          0x00000000c0001611       0x32 /home/yhy/workspace/cccc/bochs/build/obj/init.o
                0x00000000c0001611                init_all
 .text          0x00000000c0001643      0x44e /home/yhy/workspace/cccc/bochs/build/obj/interrupt.o
                0x00000000c0001984                intr_enable
                0x00000000c00019ad                intr_disable
                0x00000000c00019d6                intr_set_status
                0x00000000c00019f4                intr_get_status
                0x00000000c0001a17                idt_init
                0x00000000c0001a75                register_handler
 .text          0x00000000c0001a91      0x193 /home/yhy/workspace/cccc/bochs/build/obj/timer.o
                0x00000000c0001bc4                timer_init
 *fill*         0x00000000c0001c24        0xc 
 .text          0x00000000c0001c30      0x537 /home/yhy/workspace/cccc/bochs/build/obj/kernel.o
                0x00000000c0001c30                intr_exit
 *fill*         0x00000000c0002167        0x9 
 .text          0x00000000c0002170      0x172 /home/yhy/workspace/cccc/bochs/build/obj/print.o
                0x00000000c0002170                put_str
                0x00000000c000218e                put_char
                0x00000000c000225b                put_int
                0x00000000c00022be                set_cursor
 .text          0x00000000c00022e2       0xa5 /home/yhy/workspace/cccc/bochs/build/obj/debug.o
                0x00000000c00022e2                panic_spin
 .text          0x00000000c0002387      0x557 /home/yhy/workspace/cccc/bochs/build/obj/memory.o
                0x00000000c000240c                pte_ptr
                0x00000000c000243d                pde_ptr
                0x00000000c00025ef                malloc_page
                0x00000000c00026b9                get_kernel_pages
                0x00000000c00028a9                mem_init
 .text          0x00000000c00028de      0x270 /home/yhy/workspace/cccc/bochs/build/obj/bitmap.o
                0x00000000c00028de                bitmap_init
                0x00000000c0002905                bitmap_scan_test
                0x00000000c0002947                bitmap_scan
                0x00000000c0002a95                bitmap_set
 .text          0x00000000c0002b4e      0x454 /home/yhy/workspace/cccc/bochs/build/obj/string.o
                0x00000000c0002b4e                memset
                0x00000000c0002baa                memcpy
                0x00000000c0002c12                memcmp
                0x00000000c0002ca8                strcpy
                0x00000000c0002d0b                strlen
                0x00000000c0002d65                strcmp
                0x00000000c0002dec                strchr
                0x00000000c0002e52                strrchr
                0x00000000c0002ebb                strcat
                0x00000000c0002f35                strchrs
 .text          0x00000000c0002fa2      0x58f /home/yhy/workspace/cccc/bochs/build/obj/thread.o
                0x00000000c0002fa2                running_thread
                0x00000000c0002fcd                thread_create
                0x00000000c0003043                init_thread
                0x00000000c00030dc                thread_start
                0x00000000c0003257                schedule
                0x00000000c0003382                thread_init
                0x00000000c00033bf                thread_block
                0x00000000c0003426                thread_unblock
 *fill*         0x00000000c0003531        0xf 
 .text          0x00000000c0003540       0x15 /home/yhy/workspace/cccc/bochs/build/obj/switch.o
                0x00000000c0003540                switch_to
 .text          0x00000000c0003555      0x1e3 /home/yhy/workspace/cccc/bochs/build/obj/list.o
                0x00000000c0003555                list_init
                0x00000000c0003582                list_insert_before
                0x00000000c00035c3                list_push
                0x00000000c00035df                list_append
                0x00000000c00035fc                list_remove
                0x00000000c0003632                list_pop
                0x00000000c0003651                elem_find
                0x00000000c000368c                list_traversal
                0x00000000c00036ea                list_len
                0x00000000c000371f                list_empty
 .text          0x00000000c0003738      0x347 /home/yhy/workspace/cccc/bochs/build/obj/sync.o
                0x00000000c0003738                sema_init
                0x00000000c000375d                lock_init
                0x00000000c000378e                sema_down
                0x00000000c00038a2                sema_up
                0x00000000c0003958                lock_acquire
                0x00000000c00039d4                lock_release
 .text          0x00000000c0003a7f       0x9a /home/yhy/workspace/cccc/bochs/build/obj/console.o
                0x00000000c0003a7f                console_init
                0x00000000c0003a93                console_acquire
                0x00000000c0003aa7                console_release
                0x00000000c0003abb                console_put_str
                0x00000000c0003ad8                console_put_char
                0x00000000c0003afc                console_put_int
 .text          0x00000000c0003b19      0x2ef /home/yhy/workspace/cccc/bochs/build/obj/keyboard.o
                0x00000000c0003dd4                keyboard_init
 .text          0x00000000c0003e08      0x2f1 /home/yhy/workspace/cccc/bochs/build/obj/ioqueue.o
                0x00000000c0003e08                ioqueue_init
                0x00000000c0003e65                ioq_full
                0x00000000c0003eb6                ioq_empty
                0x00000000c0003f9b                ioq_getchar
                0x00000000c0004049                ioq_putchar
 *(.gnu.warning)

.fini
 *(SORT_NONE(.fini))
                [!provide]                        PROVIDE (__etext = .)
                [!provide]                        PROVIDE (_etext = .)
                [!provide]                        PROVIDE (etext = .)
                0x00000000c0005000                . = ALIGN (CONSTANT (MAXPAGESIZE))
                0x00000000c0005000                . = SEGMENT_START ("rodata-segment", (ALIGN (CONSTANT (MAXPAGESIZE)) + (. & (CONSTANT (MAXPAGESIZE) - 0x1))))

.rodata         0x00000000c0005000      0xbd9
 *(.rodata .rodata.* .gnu.linkonce.r.*)
 .rodata        0x00000000c0005000       0x2d /home/yhy/workspace/cccc/bochs/build/obj/main.o
 .rodata        0x00000000c000502d        0xa /home/yhy/workspace/cccc/bochs/build/obj/init.o
 *fill*         0x00000000c0005037        0x1 
 .rodata        0x00000000c0005038      0x2d5 /home/yhy/workspace/cccc/bochs/build/obj/interrupt.o
 *fill*         0x00000000c000530d        0x3 
 .rodata        0x00000000c0005310       0x90 /home/yhy/workspace/cccc/bochs/build/obj/timer.o
 .rodata        0x00000000c00053a0       0x3f /home/yhy/workspace/cccc/bochs/build/obj/debug.o
 *fill*         0x00000000c00053df        0x1 
 .rodata        0x00000000c00053e0      0x155 /home/yhy/workspace/cccc/bochs/build/obj/memory.o
 *fill*         0x00000000c0005535        0x3 
 .rodata        0x00000000c0005538       0x8b /home/yhy/workspace/cccc/bochs/build/obj/bitmap.o
 *fill*         0x00000000c00055c3        0x1 
 .rodata        0x00000000c00055c4       0xdf /home/yhy/workspace/cccc/bochs/build/obj/string.o
 *fill*         0x00000000c00056a3        0x1 
 .rodata        0x00000000c00056a4      0x2e5 /home/yhy/workspace/cccc/bochs/build/obj/thread.o
 *fill*         0x00000000c0005989        0x3 
 .rodata        0x00000000c000598c      0x153 /home/yhy/workspace/cccc/bochs/build/obj/sync.o
 .rodata        0x00000000c0005adf       0x36 /home/yhy/workspace/cccc/bochs/build/obj/keyboard.o
 *fill*         0x00000000c0005b15        0x3 
 .rodata        0x00000000c0005b18       0xc1 /home/yhy/workspace/cccc/bochs/build/obj/ioqueue.o

.rodata1
 *(.rodata1)

.eh_frame_hdr
 *(.eh_frame_hdr)
 *(.eh_frame_entry .eh_frame_entry.*)

.eh_frame
 *(.eh_frame)
 *(.eh_frame.*)

.gcc_except_table
 *(.gcc_except_table .gcc_except_table.*)

.gnu_extab
 *(.gnu_extab*)

.exception_ranges
 *(.exception_ranges*)
                0x00000000c0006000                . = DATA_SEGMENT_ALIGN (CONSTANT (MAXPAGESIZE), CONSTANT (COMMONPAGESIZE))

.eh_frame
 *(.eh_frame)
 *(.eh_frame.*)

.gnu_extab
 *(.gnu_extab)

.gcc_except_table
 *(.gcc_except_table .gcc_except_table.*)

.exception_ranges
 *(.exception_ranges*)

.tdata          0x00000000c0006000        0x0
                [!provide]                        PROVIDE (__tdata_start = .)
 *(.tdata .tdata.* .gnu.linkonce.td.*)

.tbss
 *(.tbss .tbss.* .gnu.linkonce.tb.*)
 *(.tcommon)

.preinit_array  0x00000000c0006000        0x0
                [!provide]                        PROVIDE (__preinit_array_start = .)
 *(.preinit_array)
                [!provide]                        PROVIDE (__preinit_array_end = .)

.init_array     0x00000000c0006000        0x0
                [!provide]                        PROVIDE (__init_array_start = .)
 *(SORT_BY_INIT_PRIORITY(.init_array.*) SORT_BY_INIT_PRIORITY(.ctors.*))
 *(.init_array EXCLUDE_FILE(*crtend?.o *crtend.o *crtbegin?.o *crtbegin.o) .ctors)
                [!provide]                        PROVIDE (__init_array_end = .)

.fini_array     0x00000000c0006000        0x0
                [!provide]                        PROVIDE (__fini_array_start = .)
 *(SORT_BY_INIT_PRIORITY(.fini_array.*) SORT_BY_INIT_PRIORITY(.dtors.*))
 *(.fini_array EXCLUDE_FILE(*crtend?.o *crtend.o *crtbegin?.o *crtbegin.o) .dtors)
                [!provide]                        PROVIDE (__fini_array_end = .)

.ctors
 *crtbegin.o(.ctors)
 *crtbegin?.o(.ctors)
 *(EXCLUDE_FILE(*crtend?.o *crtend.o) .ctors)
 *(SORT_BY_NAME(.ctors.*))
 *(.ctors)

.dtors
 *crtbegin.o(.dtors)
 *crtbegin?.o(.dtors)
 *(EXCLUDE_FILE(*crtend?.o *crtend.o) .dtors)
 *(SORT_BY_NAME(.dtors.*))
 *(.dtors)

.jcr
 *(.jcr)

.data.rel.ro
 *(.data.rel.ro.local* .gnu.linkonce.d.rel.ro.local.*)
 *(.data.rel.ro .data.rel.ro.* .gnu.linkonce.d.rel.ro.*)

.dynamic
 *(.dynamic)

.got            0x00000000c0006000        0x0
 *(.got)
 .got           0x00000000c0006000        0x0 /home/yhy/workspace/cccc/bochs/build/obj/main.o
 *(.igot)
                0x00000000c0006000                . = DATA_SEGMENT_RELRO_END (., (SIZEOF (.got.plt) >= 0xc)?0xc:0x0)

.got.plt        0x00000000c0006000        0x0
 *(.got.plt)
 .got.plt       0x00000000c0006000        0x0 /home/yhy/workspace/cccc/bochs/build/obj/main.o
 *(.igot.plt)
 .igot.plt      0x00000000c0006000        0x0 /home/yhy/workspace/cccc/bochs/build/obj/main.o

.data           0x00000000c0006000      0x156
 *(.data .data.* .gnu.linkonce.d.*)
 .data          0x00000000c0006000        0x0 /home/yhy/workspace/cccc/bochs/build/obj/main.o
 .data          0x00000000c0006000        0x0 /home/yhy/workspace/cccc/bochs/build/obj/init.o
 .data          0x00000000c0006000        0x0 /home/yhy/workspace/cccc/bochs/build/obj/interrupt.o
 .data          0x00000000c0006000        0x0 /home/yhy/workspace/cccc/bochs/build/obj/timer.o
 .data          0x00000000c0006000       0xc0 /home/yhy/workspace/cccc/bochs/build/obj/kernel.o
                0x00000000c0006000                intr_entry_table
 .data          0x00000000c00060c0        0x8 /home/yhy/workspace/cccc/bochs/build/obj/print.o
 .data          0x00000000c00060c8        0x0 /home/yhy/workspace/cccc/bochs/build/obj/debug.o
 .data          0x00000000c00060c8        0x0 /home/yhy/workspace/cccc/bochs/build/obj/memory.o
 .data          0x00000000c00060c8        0x0 /home/yhy/workspace/cccc/bochs/build/obj/bitmap.o
 .data          0x00000000c00060c8        0x0 /home/yhy/workspace/cccc/bochs/build/obj/string.o
 .data          0x00000000c00060c8        0x0 /home/yhy/workspace/cccc/bochs/build/obj/thread.o
 .data          0x00000000c00060c8        0x0 /home/yhy/workspace/cccc/bochs/build/obj/list.o
 .data          0x00000000c00060c8        0x0 /home/yhy/workspace/cccc/bochs/build/obj/sync.o
 .data          0x00000000c00060c8        0x0 /home/yhy/workspace/cccc/bochs/build/obj/console.o
 *fill*         0x00000000c00060c8       0x18 
 .data          0x00000000c00060e0       0x76 /home/yhy/workspace/cccc/bochs/build/obj/keyboard.o
 .data          0x00000000c0006156        0x0 /home/yhy/workspace/cccc/bochs/build/obj/ioqueue.o

.data1
 *(.data1)
                0x00000000c0006156                _edata = .
                [!provide]                        PROVIDE (edata = .)
                0x00000000c0006156                . = .
                0x00000000c0006156                __bss_start = .

.bss            0x00000000c0006160      0x42c
 *(.dynbss)
 *(.bss .bss.* .gnu.linkonce.b.*)
 .bss           0x00000000c0006160        0x0 /home/yhy/workspace/cccc/bochs/build/obj/main.o
 .bss           0x00000000c0006160        0x0 /home/yhy/workspace/cccc/bochs/build/obj/init.o
 .bss           0x00000000c0006160      0x180 /home/yhy/workspace/cccc/bochs/build/obj/interrupt.o
 .bss           0x00000000c00062e0        0x0 /home/yhy/workspace/cccc/bochs/build/obj/timer.o
 .bss           0x00000000c00062e0        0x0 /home/yhy/workspace/cccc/bochs/build/obj/debug.o
 .bss           0x00000000c00062e0        0x0 /home/yhy/workspace/cccc/bochs/build/obj/memory.o
 .bss           0x00000000c00062e0        0x0 /home/yhy/workspace/cccc/bochs/build/obj/bitmap.o
 .bss           0x00000000c00062e0        0x0 /home/yhy/workspace/cccc/bochs/build/obj/string.o
 .bss           0x00000000c00062e0        0x4 /home/yhy/workspace/cccc/bochs/build/obj/thread.o
 .bss           0x00000000c00062e4        0x0 /home/yhy/workspace/cccc/bochs/build/obj/list.o
 .bss           0x00000000c00062e4        0x0 /home/yhy/workspace/cccc/bochs/build/obj/sync.o
 .bss           0x00000000c00062e4       0x1c /home/yhy/workspace/cccc/bochs/build/obj/console.o
 .bss           0x00000000c0006300       0x14 /home/yhy/workspace/cccc/bochs/build/obj/keyboard.o
 .bss           0x00000000c0006314        0x0 /home/yhy/workspace/cccc/bochs/build/obj/ioqueue.o
 *(COMMON)
 *fill*         0x00000000c0006314        0xc 
 COMMON         0x00000000c0006320      0x180 /home/yhy/workspace/cccc/bochs/build/obj/interrupt.o
                0x00000000c0006320                intr_name
                0x00000000c00063e0                idt_table
 COMMON         0x00000000c00064a0        0x4 /home/yhy/workspace/cccc/bochs/build/obj/timer.o
                0x00000000c00064a0                ticks
 COMMON         0x00000000c00064a4       0x2c /home/yhy/workspace/cccc/bochs/build/obj/memory.o
                0x00000000c00064a4                user_pool
                0x00000000c00064b4                kernel_vaddr
                0x00000000c00064c0                kernel_pool
 COMMON         0x00000000c00064d0       0x44 /home/yhy/workspace/cccc/bochs/build/obj/thread.o
                0x00000000c00064d0                thread_ready_list
                0x00000000c00064e0                thread_all_list
                0x00000000c00064f0                idle_thread
                0x00000000c00064f4                main_thread
                0x00000000c00064f8                pid_lock
 *fill*         0x00000000c0006514        0xc 
 COMMON         0x00000000c0006520       0x6c /home/yhy/workspace/cccc/bochs/build/obj/keyboard.o
                0x00000000c0006520                kbd_buf
                0x00000000c000658c                . = ALIGN ((. != 0x0)?0x4:0x1)
                0x00000000c000658c                . = ALIGN (0x4)
                0x00000000c000658c                . = SEGMENT_START ("ldata-segment", .)
                0x00000000c000658c                . = ALIGN (0x4)
                0x00000000c000658c                _end = .
                [!provide]                        PROVIDE (end = .)
                0x00000000c000658c                . = DATA_SEGMENT_END (.)

.stab
 *(.stab)

.stabstr
 *(.stabstr)

.stab.excl
 *(.stab.excl)

.stab.exclstr
 *(.stab.exclstr)

.stab.index
 *(.stab.index)

.stab.indexstr
 *(.stab.indexstr)

.comment        0x0000000000000000       0x2a
 *(.comment)
 .comment       0x0000000000000000       0x2a /home/yhy/workspace/cccc/bochs/build/obj/main.o
                                         0x2b (size before relaxing)
 .comment       0x000000000000002a       0x2b /home/yhy/workspace/cccc/bochs/build/obj/init.o
 .comment       0x000000000000002a       0x2b /home/yhy/workspace/cccc/bochs/build/obj/interrupt.o
 .comment       0x000000000000002a       0x2b /home/yhy/workspace/cccc/bochs/build/obj/timer.o
 .comment       0x000000000000002a       0x2b /home/yhy/workspace/cccc/bochs/build/obj/debug.o
 .comment       0x000000000000002a       0x2b /home/yhy/workspace/cccc/bochs/build/obj/memory.o
 .comment       0x000000000000002a       0x2b /home/yhy/workspace/cccc/bochs/build/obj/bitmap.o
 .comment       0x000000000000002a       0x2b /home/yhy/workspace/cccc/bochs/build/obj/string.o
 .comment       0x000000000000002a       0x2b /home/yhy/workspace/cccc/bochs/build/obj/thread.o
 .comment       0x000000000000002a       0x2b /home/yhy/workspace/cccc/bochs/build/obj/list.o
 .comment       0x000000000000002a       0x2b /home/yhy/workspace/cccc/bochs/build/obj/sync.o
 .comment       0x000000000000002a       0x2b /home/yhy/workspace/cccc/bochs/build/obj/console.o
 .comment       0x000000000000002a       0x2b /home/yhy/workspace/cccc/bochs/build/obj/keyboard.o
 .comment       0x000000000000002a       0x2b /home/yhy/workspace/cccc/bochs/build/obj/ioqueue.o

.gnu.build.attributes
 *(.gnu.build.attributes .gnu.build.attributes.*)

.debug
 *(.debug)

.line
 *(.line)

.debug_srcinfo
 *(.debug_srcinfo)

.debug_sfnames
 *(.debug_sfnames)

.debug_aranges
 *(.debug_aranges)

.debug_pubnames
 *(.debug_pubnames)

.debug_info
 *(.debug_info .gnu.linkonce.wi.*)

.debug_abbrev
 *(.debug_abbrev)

.debug_line
 *(.debug_line .debug_line.* .debug_line_end)

.debug_frame
 *(.debug_frame)

.debug_str
 *(.debug_str)

.debug_loc
 *(.debug_loc)

.debug_macinfo
 *(.debug_macinfo)

.debug_weaknames
 *(.debug_weaknames)

.debug_funcnames
 *(.debug_funcnames)

.debug_typenames
 *(.debug_typenames)

.debug_varnames
 *(.debug_varnames)

.debug_pubtypes
 *(.debug_pubtypes)

.debug_ranges
 *(.debug_ranges)

.debug_macro
 *(.debug_macro)

.debug_addr
 *(.debug_addr)

.gnu.attributes
 *(.gnu.attributes)

/DISCARD/
 *(.note.GNU-stack)
 *(.gnu_debuglink)
 *(.gnu.lto_*)
OUTPUT(/home/yhy/workspace/cccc/bochs/build/obj/kernel.bin elf32-i386)
