
Allocating common symbols
Common symbol       size              file

kbd_buf             0x6c              /home/yhy/workspace/cccc/bochs/build/obj/keyboard.o
root_dir            0x208             /home/yhy/workspace/cccc/bochs/build/obj/dir.o
thread_ready_list   0x10              /home/yhy/workspace/cccc/bochs/build/obj/thread.o
thread_all_list     0x10              /home/yhy/workspace/cccc/bochs/build/obj/thread.o
user_pool           0x2c              /home/yhy/workspace/cccc/bochs/build/obj/memory.o
channel_cnt         0x1               /home/yhy/workspace/cccc/bochs/build/obj/ide.o
cur_part            0x4               /home/yhy/workspace/cccc/bochs/build/obj/fs.o
k_block_descs       0xa8              /home/yhy/workspace/cccc/bochs/build/obj/memory.o
idle_thread         0x4               /home/yhy/workspace/cccc/bochs/build/obj/thread.o
intr_name           0x204             /home/yhy/workspace/cccc/bochs/build/obj/interrupt.o
main_thread         0x4               /home/yhy/workspace/cccc/bochs/build/obj/thread.o
channels            0xcc0             /home/yhy/workspace/cccc/bochs/build/obj/ide.o
ticks               0x4               /home/yhy/workspace/cccc/bochs/build/obj/timer.o
kernel_vaddr        0xc               /home/yhy/workspace/cccc/bochs/build/obj/memory.o
syscall_table       0x80              /home/yhy/workspace/cccc/bochs/build/obj/syscall-init.o
idt_table           0x204             /home/yhy/workspace/cccc/bochs/build/obj/interrupt.o
file_table          0x180             /home/yhy/workspace/cccc/bochs/build/obj/file.o
partition_list      0x10              /home/yhy/workspace/cccc/bochs/build/obj/ide.o
kernel_pool         0x2c              /home/yhy/workspace/cccc/bochs/build/obj/memory.o
pid_lock            0x1c              /home/yhy/workspace/cccc/bochs/build/obj/thread.o

Discarded input sections

 .note.GNU-stack
                0x0000000000000000        0x0 /home/yhy/workspace/cccc/bochs/build/obj/main.o
 .note.GNU-stack
                0x0000000000000000        0x0 /home/yhy/workspace/cccc/bochs/build/obj/init.o
 .note.GNU-stack
                0x0000000000000000        0x0 /home/yhy/workspace/cccc/bochs/build/obj/interrupt.o
 .note.GNU-stack
                0x0000000000000000        0x0 /home/yhy/workspace/cccc/bochs/build/obj/timer.o
 .note.GNU-stack
                0x0000000000000000        0x0 /home/yhy/workspace/cccc/bochs/build/obj/debug.o
 .note.GNU-stack
                0x0000000000000000        0x0 /home/yhy/workspace/cccc/bochs/build/obj/memory.o
 .note.GNU-stack
                0x0000000000000000        0x0 /home/yhy/workspace/cccc/bochs/build/obj/bitmap.o
 .note.GNU-stack
                0x0000000000000000        0x0 /home/yhy/workspace/cccc/bochs/build/obj/string.o
 .note.GNU-stack
                0x0000000000000000        0x0 /home/yhy/workspace/cccc/bochs/build/obj/thread.o
 .note.GNU-stack
                0x0000000000000000        0x0 /home/yhy/workspace/cccc/bochs/build/obj/list.o
 .note.GNU-stack
                0x0000000000000000        0x0 /home/yhy/workspace/cccc/bochs/build/obj/sync.o
 .note.GNU-stack
                0x0000000000000000        0x0 /home/yhy/workspace/cccc/bochs/build/obj/console.o
 .note.GNU-stack
                0x0000000000000000        0x0 /home/yhy/workspace/cccc/bochs/build/obj/keyboard.o
 .note.GNU-stack
                0x0000000000000000        0x0 /home/yhy/workspace/cccc/bochs/build/obj/ioqueue.o
 .note.GNU-stack
                0x0000000000000000        0x0 /home/yhy/workspace/cccc/bochs/build/obj/tss.o
 .note.GNU-stack
                0x0000000000000000        0x0 /home/yhy/workspace/cccc/bochs/build/obj/process.o
 .note.GNU-stack
                0x0000000000000000        0x0 /home/yhy/workspace/cccc/bochs/build/obj/syscall.o
 .note.GNU-stack
                0x0000000000000000        0x0 /home/yhy/workspace/cccc/bochs/build/obj/syscall-init.o
 .note.GNU-stack
                0x0000000000000000        0x0 /home/yhy/workspace/cccc/bochs/build/obj/stdio.o
 .note.GNU-stack
                0x0000000000000000        0x0 /home/yhy/workspace/cccc/bochs/build/obj/stdio-kernel.o
 .note.GNU-stack
                0x0000000000000000        0x0 /home/yhy/workspace/cccc/bochs/build/obj/ide.o
 .note.GNU-stack
                0x0000000000000000        0x0 /home/yhy/workspace/cccc/bochs/build/obj/fs.o
 .note.GNU-stack
                0x0000000000000000        0x0 /home/yhy/workspace/cccc/bochs/build/obj/file.o
 .note.GNU-stack
                0x0000000000000000        0x0 /home/yhy/workspace/cccc/bochs/build/obj/inode.o
 .note.GNU-stack
                0x0000000000000000        0x0 /home/yhy/workspace/cccc/bochs/build/obj/dir.o
 .note.GNU-stack
                0x0000000000000000        0x0 /home/yhy/workspace/cccc/bochs/build/obj/fork.o

Memory Configuration

Name             Origin             Length             Attributes
*default*        0x0000000000000000 0xffffffffffffffff

Linker script and memory map

Address of section .text set to 0xc0001500
LOAD /home/yhy/workspace/cccc/bochs/build/obj/main.o
LOAD /home/yhy/workspace/cccc/bochs/build/obj/init.o
LOAD /home/yhy/workspace/cccc/bochs/build/obj/interrupt.o
LOAD /home/yhy/workspace/cccc/bochs/build/obj/timer.o
LOAD /home/yhy/workspace/cccc/bochs/build/obj/kernel.o
LOAD /home/yhy/workspace/cccc/bochs/build/obj/print.o
LOAD /home/yhy/workspace/cccc/bochs/build/obj/debug.o
LOAD /home/yhy/workspace/cccc/bochs/build/obj/memory.o
LOAD /home/yhy/workspace/cccc/bochs/build/obj/bitmap.o
LOAD /home/yhy/workspace/cccc/bochs/build/obj/string.o
LOAD /home/yhy/workspace/cccc/bochs/build/obj/thread.o
LOAD /home/yhy/workspace/cccc/bochs/build/obj/switch.o
LOAD /home/yhy/workspace/cccc/bochs/build/obj/list.o
LOAD /home/yhy/workspace/cccc/bochs/build/obj/sync.o
LOAD /home/yhy/workspace/cccc/bochs/build/obj/console.o
LOAD /home/yhy/workspace/cccc/bochs/build/obj/keyboard.o
LOAD /home/yhy/workspace/cccc/bochs/build/obj/ioqueue.o
LOAD /home/yhy/workspace/cccc/bochs/build/obj/tss.o
LOAD /home/yhy/workspace/cccc/bochs/build/obj/process.o
LOAD /home/yhy/workspace/cccc/bochs/build/obj/syscall.o
LOAD /home/yhy/workspace/cccc/bochs/build/obj/syscall-init.o
LOAD /home/yhy/workspace/cccc/bochs/build/obj/stdio.o
LOAD /home/yhy/workspace/cccc/bochs/build/obj/stdio-kernel.o
LOAD /home/yhy/workspace/cccc/bochs/build/obj/ide.o
LOAD /home/yhy/workspace/cccc/bochs/build/obj/fs.o
LOAD /home/yhy/workspace/cccc/bochs/build/obj/file.o
LOAD /home/yhy/workspace/cccc/bochs/build/obj/inode.o
LOAD /home/yhy/workspace/cccc/bochs/build/obj/dir.o
LOAD /home/yhy/workspace/cccc/bochs/build/obj/fork.o
                [!provide]                        PROVIDE (__executable_start = SEGMENT_START ("text-segment", 0x8048000))
                0x00000000080480d4                . = (SEGMENT_START ("text-segment", 0x8048000) + SIZEOF_HEADERS)

.interp
 *(.interp)

.note.gnu.build-id
 *(.note.gnu.build-id)

.hash
 *(.hash)

.gnu.hash
 *(.gnu.hash)

.dynsym
 *(.dynsym)

.dynstr
 *(.dynstr)

.gnu.version
 *(.gnu.version)

.gnu.version_d
 *(.gnu.version_d)

.gnu.version_r
 *(.gnu.version_r)

.rel.dyn        0x00000000080480d4        0x0
 *(.rel.init)
 *(.rel.text .rel.text.* .rel.gnu.linkonce.t.*)
 .rel.text      0x00000000080480d4        0x0 /home/yhy/workspace/cccc/bochs/build/obj/main.o
 *(.rel.fini)
 *(.rel.rodata .rel.rodata.* .rel.gnu.linkonce.r.*)
 *(.rel.data.rel.ro .rel.data.rel.ro.* .rel.gnu.linkonce.d.rel.ro.*)
 *(.rel.data .rel.data.* .rel.gnu.linkonce.d.*)
 *(.rel.tdata .rel.tdata.* .rel.gnu.linkonce.td.*)
 *(.rel.tbss .rel.tbss.* .rel.gnu.linkonce.tb.*)
 *(.rel.ctors)
 *(.rel.dtors)
 *(.rel.got)
 .rel.got       0x00000000080480d4        0x0 /home/yhy/workspace/cccc/bochs/build/obj/main.o
 *(.rel.bss .rel.bss.* .rel.gnu.linkonce.b.*)
 *(.rel.ifunc)

.rel.plt        0x00000000080480d4        0x0
 *(.rel.plt)
                [!provide]                        PROVIDE (__rel_iplt_start = .)
 *(.rel.iplt)
 .rel.iplt      0x00000000080480d4        0x0 /home/yhy/workspace/cccc/bochs/build/obj/main.o
                [!provide]                        PROVIDE (__rel_iplt_end = .)
                0x0000000008049000                . = ALIGN (CONSTANT (MAXPAGESIZE))

.init
 *(SORT_NONE(.init))

.plt            0x0000000008049000        0x0
 *(.plt)
 *(.iplt)
 .iplt          0x0000000008049000        0x0 /home/yhy/workspace/cccc/bochs/build/obj/main.o

.plt.got
 *(.plt.got)

.plt.sec
 *(.plt.sec)

.text           0x00000000c0001500     0xa067
 *(.text.unlikely .text.*_unlikely .text.unlikely.*)
 *(.text.exit .text.exit.*)
 *(.text.startup .text.startup.*)
 *(.text.hot .text.hot.*)
 *(SORT_BY_NAME(.text.sorted.*))
 *(.text .stub .text.* .gnu.linkonce.t.*)
 .text          0x00000000c0001500       0x6d /home/yhy/workspace/cccc/bochs/build/obj/main.o
                0x00000000c0001500                main
                0x00000000c000151c                init
 .text          0x00000000c000156d       0x4b /home/yhy/workspace/cccc/bochs/build/obj/init.o
                0x00000000c000156d                init_all
 .text          0x00000000c00015b8      0x47e /home/yhy/workspace/cccc/bochs/build/obj/interrupt.o
                0x00000000c0001929                intr_enable
                0x00000000c0001952                intr_disable
                0x00000000c000197b                intr_set_status
                0x00000000c0001999                intr_get_status
                0x00000000c00019bc                idt_init
                0x00000000c0001a1a                register_handler
 .text          0x00000000c0001a36      0x212 /home/yhy/workspace/cccc/bochs/build/obj/timer.o
                0x00000000c0001b90                mtime_sleep
                0x00000000c0001be8                timer_init
 *fill*         0x00000000c0001c48        0x8 
 .text          0x00000000c0001c50      0x55b /home/yhy/workspace/cccc/bochs/build/obj/kernel.o
                0x00000000c0001c50                intr_exit
                0x00000000c0002187                syscall_handler
 *fill*         0x00000000c00021ab        0x5 
 .text          0x00000000c00021b0      0x172 /home/yhy/workspace/cccc/bochs/build/obj/print.o
                0x00000000c00021b0                put_str
                0x00000000c00021ce                put_char
                0x00000000c000229b                put_int
                0x00000000c00022fe                set_cursor
 .text          0x00000000c0002322       0xa5 /home/yhy/workspace/cccc/bochs/build/obj/debug.o
                0x00000000c0002322                panic_spin
 .text          0x00000000c00023c7     0x1196 /home/yhy/workspace/cccc/bochs/build/obj/memory.o
                0x00000000c00024f6                pte_ptr
                0x00000000c0002527                pde_ptr
                0x00000000c00026d9                malloc_page
                0x00000000c00027a3                get_kernel_pages
                0x00000000c00027ff                get_user_pages
                0x00000000c0002855                get_a_page_without_opvaddrbitmap
                0x00000000c00028d0                get_a_page
                0x00000000c0002a52                addr_v2p
                0x00000000c0002aa8                sys_malloc
                0x00000000c0002db8                pfree
                0x00000000c0002f05                mfree_page
                0x00000000c00030da                sys_free
                0x00000000c0003487                block_desc_init
                0x00000000c0003504                mem_init
 .text          0x00000000c000355d      0x270 /home/yhy/workspace/cccc/bochs/build/obj/bitmap.o
                0x00000000c000355d                bitmap_init
                0x00000000c0003584                bitmap_scan_test
                0x00000000c00035c6                bitmap_scan
                0x00000000c0003714                bitmap_set
 .text          0x00000000c00037cd      0x454 /home/yhy/workspace/cccc/bochs/build/obj/string.o
                0x00000000c00037cd                memset
                0x00000000c0003829                memcpy
                0x00000000c0003891                memcmp
                0x00000000c0003927                strcpy
                0x00000000c000398a                strlen
                0x00000000c00039e4                strcmp
                0x00000000c0003a6b                strchr
                0x00000000c0003ad1                strrchr
                0x00000000c0003b3a                strcat
                0x00000000c0003bb4                strchrs
 .text          0x00000000c0003c21      0x73c /home/yhy/workspace/cccc/bochs/build/obj/thread.o
                0x00000000c0003c6e                running_thread
                0x00000000c0003c99                thread_create
                0x00000000c0003d0f                fork_pid
                0x00000000c0003d1c                init_thread
                0x00000000c0003e11                thread_start
                0x00000000c0003f8c                schedule
                0x00000000c00040df                thread_block
                0x00000000c0004146                thread_unblock
                0x00000000c0004251                thread_yield
                0x00000000c00042d7                thread_init
 *fill*         0x00000000c000435d        0x3 
 .text          0x00000000c0004360       0x15 /home/yhy/workspace/cccc/bochs/build/obj/switch.o
                0x00000000c0004360                switch_to
 .text          0x00000000c0004375      0x1e4 /home/yhy/workspace/cccc/bochs/build/obj/list.o
                0x00000000c0004375                list_init
                0x00000000c00043a2                list_insert_before
                0x00000000c00043e3                list_push
                0x00000000c0004400                list_append
                0x00000000c000441d                list_remove
                0x00000000c0004453                list_pop
                0x00000000c0004472                elem_find
                0x00000000c00044ad                list_traversal
                0x00000000c000450b                list_len
                0x00000000c0004540                list_empty
 .text          0x00000000c0004559      0x347 /home/yhy/workspace/cccc/bochs/build/obj/sync.o
                0x00000000c0004559                sema_init
                0x00000000c000457e                lock_init
                0x00000000c00045af                sema_down
                0x00000000c00046c3                sema_up
                0x00000000c0004779                lock_acquire
                0x00000000c00047f5                lock_release
 .text          0x00000000c00048a0       0x9a /home/yhy/workspace/cccc/bochs/build/obj/console.o
                0x00000000c00048a0                console_init
                0x00000000c00048b4                console_acquire
                0x00000000c00048c8                console_release
                0x00000000c00048dc                console_put_str
                0x00000000c00048f9                console_put_char
                0x00000000c000491d                console_put_int
 .text          0x00000000c000493a      0x2ef /home/yhy/workspace/cccc/bochs/build/obj/keyboard.o
                0x00000000c0004bf5                keyboard_init
 .text          0x00000000c0004c29      0x2f1 /home/yhy/workspace/cccc/bochs/build/obj/ioqueue.o
                0x00000000c0004c29                ioqueue_init
                0x00000000c0004c86                ioq_full
                0x00000000c0004cd7                ioq_empty
                0x00000000c0004dbc                ioq_getchar
                0x00000000c0004e6a                ioq_putchar
 .text          0x00000000c0004f1a      0x1a9 /home/yhy/workspace/cccc/bochs/build/obj/tss.o
                0x00000000c0004f1a                update_tss_esp
                0x00000000c0004f95                tss_init
 .text          0x00000000c00050c3      0x372 /home/yhy/workspace/cccc/bochs/build/obj/process.o
                0x00000000c00050c3                start_process
                0x00000000c00051c9                page_dir_activate
                0x00000000c00051f9                process_activate
                0x00000000c000524b                create_page_dir
                0x00000000c00052bc                create_user_vaddr_bitmap
                0x00000000c000530b                process_execute
 .text          0x00000000c0005435       0x88 /home/yhy/workspace/cccc/bochs/build/obj/syscall.o
                0x00000000c0005435                getpid
                0x00000000c000544a                write
                0x00000000c000546d                malloc
                0x00000000c000548c                free
                0x00000000c00054a8                fork
 .text          0x00000000c00054bd       0x64 /home/yhy/workspace/cccc/bochs/build/obj/syscall-init.o
                0x00000000c00054bd                sys_getpid
                0x00000000c00054cf                syscall_init
 .text          0x00000000c0005521      0x2ba /home/yhy/workspace/cccc/bochs/build/obj/stdio.o
                0x00000000c00055a7                vsprintf
                0x00000000c000572b                sprintf
                0x00000000c000575f                printf
 .text          0x00000000c00057db       0x62 /home/yhy/workspace/cccc/bochs/build/obj/stdio-kernel.o
                0x00000000c00057db                printk
 .text          0x00000000c000583d      0xe01 /home/yhy/workspace/cccc/bochs/build/obj/ide.o
                0x00000000c0005b57                ide_read
                0x00000000c0005ce9                ide_write
                0x00000000c000637f                intr_hd_handler
                0x00000000c0006440                ide_init
 .text          0x00000000c000663e     0x2100 /home/yhy/workspace/cccc/bochs/build/obj/fs.o
                0x00000000c0006d9e                path_depth_cnt
                0x00000000c00070c6                sys_open
                0x00000000c000737e                sys_read
                0x00000000c00073ff                sys_write
                0x00000000c00074e9                sys_lseek
                0x00000000c00075d1                sys_close
                0x00000000c0007626                sys_unlink
                0x00000000c0007847                sys_mkdir
                0x00000000c0007c74                sys_opendir
                0x00000000c0007d8c                sys_closedir
                0x00000000c0007db6                sys_readdir
                0x00000000c0007df3                sys_rewinddir
                0x00000000c0007e02                sys_rmdir
                0x00000000c00081ac                sys_getcwd
                0x00000000c0008399                sys_chdir
                0x00000000c0008427                sys_stat
                0x00000000c000854e                filesys_init
 .text          0x00000000c000873e     0x11bd /home/yhy/workspace/cccc/bochs/build/obj/file.o
                0x00000000c000873e                get_free_slot_in_global
                0x00000000c000878e                pcb_fd_install
                0x00000000c00087f1                inode_bitmap_alloc
                0x00000000c000883f                block_bitmap_alloc
                0x00000000c0008899                bitmap_sync
                0x00000000c0008924                file_create
                0x00000000c0008bf3                file_open
                0x00000000c0008cfc                file_close
                0x00000000c0008d3b                file_write
                0x00000000c0009522                file_read
 .text          0x00000000c00098fb      0x80f /home/yhy/workspace/cccc/bochs/build/obj/inode.o
                0x00000000c000999f                inode_sync
                0x00000000c0009b10                inode_open
                0x00000000c0009c69                inode_close
                0x00000000c0009cda                inode_delete
                0x00000000c0009e3c                inode_release
                0x00000000c000a0bb                inode_init
 .text          0x00000000c000a10a      0xf13 /home/yhy/workspace/cccc/bochs/build/obj/dir.o
                0x00000000c000a10a                open_root_dir
                0x00000000c000a139                dir_open
                0x00000000c000a174                search_dir_entry
                0x00000000c000a344                dir_close
                0x00000000c000a370                create_dir_entry
                0x00000000c000a3e6                sync_dir_entry
                0x00000000c000a856                delete_dir_entry
                0x00000000c000ad1d                dir_read
                0x00000000c000af29                dir_is_empty
                0x00000000c000af54                dir_remove
 .text          0x00000000c000b01d      0x54a /home/yhy/workspace/cccc/bochs/build/obj/fork.o
                0x00000000c000b431                sys_fork
 *(.gnu.warning)

.fini
 *(SORT_NONE(.fini))
                [!provide]                        PROVIDE (__etext = .)
                [!provide]                        PROVIDE (_etext = .)
                [!provide]                        PROVIDE (etext = .)
                0x00000000c000c000                . = ALIGN (CONSTANT (MAXPAGESIZE))
                0x00000000c000c000                . = SEGMENT_START ("rodata-segment", (ALIGN (CONSTANT (MAXPAGESIZE)) + (. & (CONSTANT (MAXPAGESIZE) - 0x1))))

.rodata         0x00000000c000c000     0x23ba
 *(.rodata .rodata.* .gnu.linkonce.r.*)
 .rodata        0x00000000c000c000       0x6c /home/yhy/workspace/cccc/bochs/build/obj/main.o
 .rodata        0x00000000c000c06c        0xa /home/yhy/workspace/cccc/bochs/build/obj/init.o
 *fill*         0x00000000c000c076        0x2 
 .rodata        0x00000000c000c078      0x2d1 /home/yhy/workspace/cccc/bochs/build/obj/interrupt.o
 *fill*         0x00000000c000c349        0x3 
 .rodata        0x00000000c000c34c       0xac /home/yhy/workspace/cccc/bochs/build/obj/timer.o
 .rodata        0x00000000c000c3f8       0x3f /home/yhy/workspace/cccc/bochs/build/obj/debug.o
 *fill*         0x00000000c000c437        0x1 
 .rodata        0x00000000c000c438      0x3d6 /home/yhy/workspace/cccc/bochs/build/obj/memory.o
 *fill*         0x00000000c000c80e        0x2 
 .rodata        0x00000000c000c810       0x8b /home/yhy/workspace/cccc/bochs/build/obj/bitmap.o
 *fill*         0x00000000c000c89b        0x1 
 .rodata        0x00000000c000c89c       0xdf /home/yhy/workspace/cccc/bochs/build/obj/string.o
 *fill*         0x00000000c000c97b        0x1 
 .rodata        0x00000000c000c97c      0x2f9 /home/yhy/workspace/cccc/bochs/build/obj/thread.o
 *fill*         0x00000000c000cc75        0x3 
 .rodata        0x00000000c000cc78      0x153 /home/yhy/workspace/cccc/bochs/build/obj/sync.o
 .rodata        0x00000000c000cdcb       0x36 /home/yhy/workspace/cccc/bochs/build/obj/keyboard.o
 *fill*         0x00000000c000ce01        0x3 
 .rodata        0x00000000c000ce04       0xc1 /home/yhy/workspace/cccc/bochs/build/obj/ioqueue.o
 .rodata        0x00000000c000cec5       0x27 /home/yhy/workspace/cccc/bochs/build/obj/tss.o
 .rodata        0x00000000c000ceec      0x105 /home/yhy/workspace/cccc/bochs/build/obj/process.o
 .rodata        0x00000000c000cff1       0x27 /home/yhy/workspace/cccc/bochs/build/obj/syscall-init.o
 .rodata        0x00000000c000d018      0x203 /home/yhy/workspace/cccc/bochs/build/obj/ide.o
 *fill*         0x00000000c000d21b        0x1 
 .rodata        0x00000000c000d21c      0x8d2 /home/yhy/workspace/cccc/bochs/build/obj/fs.o
 *fill*         0x00000000c000daee        0x2 
 .rodata        0x00000000c000daf0      0x45c /home/yhy/workspace/cccc/bochs/build/obj/file.o
 .rodata        0x00000000c000df4c       0xdf /home/yhy/workspace/cccc/bochs/build/obj/inode.o
 *fill*         0x00000000c000e02b        0x1 
 .rodata        0x00000000c000e02c      0x227 /home/yhy/workspace/cccc/bochs/build/obj/dir.o
 *fill*         0x00000000c000e253        0x1 
 .rodata        0x00000000c000e254      0x166 /home/yhy/workspace/cccc/bochs/build/obj/fork.o

.rodata1
 *(.rodata1)

.eh_frame_hdr
 *(.eh_frame_hdr)
 *(.eh_frame_entry .eh_frame_entry.*)

.eh_frame
 *(.eh_frame)
 *(.eh_frame.*)

.gcc_except_table
 *(.gcc_except_table .gcc_except_table.*)

.gnu_extab
 *(.gnu_extab*)

.exception_ranges
 *(.exception_ranges*)
                0x00000000c000f000                . = DATA_SEGMENT_ALIGN (CONSTANT (MAXPAGESIZE), CONSTANT (COMMONPAGESIZE))

.eh_frame
 *(.eh_frame)
 *(.eh_frame.*)

.gnu_extab
 *(.gnu_extab)

.gcc_except_table
 *(.gcc_except_table .gcc_except_table.*)

.exception_ranges
 *(.exception_ranges*)

.tdata          0x00000000c000f000        0x0
                [!provide]                        PROVIDE (__tdata_start = .)
 *(.tdata .tdata.* .gnu.linkonce.td.*)

.tbss
 *(.tbss .tbss.* .gnu.linkonce.tb.*)
 *(.tcommon)

.preinit_array  0x00000000c000f000        0x0
                [!provide]                        PROVIDE (__preinit_array_start = .)
 *(.preinit_array)
                [!provide]                        PROVIDE (__preinit_array_end = .)

.init_array     0x00000000c000f000        0x0
                [!provide]                        PROVIDE (__init_array_start = .)
 *(SORT_BY_INIT_PRIORITY(.init_array.*) SORT_BY_INIT_PRIORITY(.ctors.*))
 *(.init_array EXCLUDE_FILE(*crtend?.o *crtend.o *crtbegin?.o *crtbegin.o) .ctors)
                [!provide]                        PROVIDE (__init_array_end = .)

.fini_array     0x00000000c000f000        0x0
                [!provide]                        PROVIDE (__fini_array_start = .)
 *(SORT_BY_INIT_PRIORITY(.fini_array.*) SORT_BY_INIT_PRIORITY(.dtors.*))
 *(.fini_array EXCLUDE_FILE(*crtend?.o *crtend.o *crtbegin?.o *crtbegin.o) .dtors)
                [!provide]                        PROVIDE (__fini_array_end = .)

.ctors
 *crtbegin.o(.ctors)
 *crtbegin?.o(.ctors)
 *(EXCLUDE_FILE(*crtend?.o *crtend.o) .ctors)
 *(SORT_BY_NAME(.ctors.*))
 *(.ctors)

.dtors
 *crtbegin.o(.dtors)
 *crtbegin?.o(.dtors)
 *(EXCLUDE_FILE(*crtend?.o *crtend.o) .dtors)
 *(SORT_BY_NAME(.dtors.*))
 *(.dtors)

.jcr
 *(.jcr)

.data.rel.ro
 *(.data.rel.ro.local* .gnu.linkonce.d.rel.ro.local.*)
 *(.data.rel.ro .data.rel.ro.* .gnu.linkonce.d.rel.ro.*)

.dynamic
 *(.dynamic)

.got            0x00000000c000f000        0x0
 *(.got)
 .got           0x00000000c000f000        0x0 /home/yhy/workspace/cccc/bochs/build/obj/main.o
 *(.igot)
                0x00000000c000f000                . = DATA_SEGMENT_RELRO_END (., (SIZEOF (.got.plt) >= 0xc)?0xc:0x0)

.got.plt        0x00000000c000f000        0x0
 *(.got.plt)
 .got.plt       0x00000000c000f000        0x0 /home/yhy/workspace/cccc/bochs/build/obj/main.o
 *(.igot.plt)
 .igot.plt      0x00000000c000f000        0x0 /home/yhy/workspace/cccc/bochs/build/obj/main.o

.data           0x00000000c000f000      0x156
 *(.data .data.* .gnu.linkonce.d.*)
 .data          0x00000000c000f000        0x0 /home/yhy/workspace/cccc/bochs/build/obj/main.o
 .data          0x00000000c000f000        0x0 /home/yhy/workspace/cccc/bochs/build/obj/init.o
 .data          0x00000000c000f000        0x0 /home/yhy/workspace/cccc/bochs/build/obj/interrupt.o
 .data          0x00000000c000f000        0x0 /home/yhy/workspace/cccc/bochs/build/obj/timer.o
 .data          0x00000000c000f000       0xc0 /home/yhy/workspace/cccc/bochs/build/obj/kernel.o
                0x00000000c000f000                intr_entry_table
 .data          0x00000000c000f0c0        0x8 /home/yhy/workspace/cccc/bochs/build/obj/print.o
 .data          0x00000000c000f0c8        0x0 /home/yhy/workspace/cccc/bochs/build/obj/debug.o
 .data          0x00000000c000f0c8        0x0 /home/yhy/workspace/cccc/bochs/build/obj/memory.o
 .data          0x00000000c000f0c8        0x0 /home/yhy/workspace/cccc/bochs/build/obj/bitmap.o
 .data          0x00000000c000f0c8        0x0 /home/yhy/workspace/cccc/bochs/build/obj/string.o
 .data          0x00000000c000f0c8        0x0 /home/yhy/workspace/cccc/bochs/build/obj/thread.o
 .data          0x00000000c000f0c8        0x0 /home/yhy/workspace/cccc/bochs/build/obj/list.o
 .data          0x00000000c000f0c8        0x0 /home/yhy/workspace/cccc/bochs/build/obj/sync.o
 .data          0x00000000c000f0c8        0x0 /home/yhy/workspace/cccc/bochs/build/obj/console.o
 *fill*         0x00000000c000f0c8       0x18 
 .data          0x00000000c000f0e0       0x76 /home/yhy/workspace/cccc/bochs/build/obj/keyboard.o
 .data          0x00000000c000f156        0x0 /home/yhy/workspace/cccc/bochs/build/obj/ioqueue.o
 .data          0x00000000c000f156        0x0 /home/yhy/workspace/cccc/bochs/build/obj/tss.o
 .data          0x00000000c000f156        0x0 /home/yhy/workspace/cccc/bochs/build/obj/process.o
 .data          0x00000000c000f156        0x0 /home/yhy/workspace/cccc/bochs/build/obj/syscall.o
 .data          0x00000000c000f156        0x0 /home/yhy/workspace/cccc/bochs/build/obj/syscall-init.o
 .data          0x00000000c000f156        0x0 /home/yhy/workspace/cccc/bochs/build/obj/stdio.o
 .data          0x00000000c000f156        0x0 /home/yhy/workspace/cccc/bochs/build/obj/stdio-kernel.o
 .data          0x00000000c000f156        0x0 /home/yhy/workspace/cccc/bochs/build/obj/ide.o
 .data          0x00000000c000f156        0x0 /home/yhy/workspace/cccc/bochs/build/obj/fs.o
 .data          0x00000000c000f156        0x0 /home/yhy/workspace/cccc/bochs/build/obj/file.o
 .data          0x00000000c000f156        0x0 /home/yhy/workspace/cccc/bochs/build/obj/inode.o
 .data          0x00000000c000f156        0x0 /home/yhy/workspace/cccc/bochs/build/obj/dir.o
 .data          0x00000000c000f156        0x0 /home/yhy/workspace/cccc/bochs/build/obj/fork.o

.data1
 *(.data1)
                0x00000000c000f156                _edata = .
                [!provide]                        PROVIDE (edata = .)
                0x00000000c000f156                . = .
                0x00000000c000f156                __bss_start = .

.bss            0x00000000c000f160     0x1c08
 *(.dynbss)
 *(.bss .bss.* .gnu.linkonce.b.*)
 .bss           0x00000000c000f160        0x0 /home/yhy/workspace/cccc/bochs/build/obj/main.o
 .bss           0x00000000c000f160        0x0 /home/yhy/workspace/cccc/bochs/build/obj/init.o
 .bss           0x00000000c000f160      0x408 /home/yhy/workspace/cccc/bochs/build/obj/interrupt.o
 .bss           0x00000000c000f568        0x0 /home/yhy/workspace/cccc/bochs/build/obj/timer.o
 .bss           0x00000000c000f568        0x0 /home/yhy/workspace/cccc/bochs/build/obj/debug.o
 .bss           0x00000000c000f568        0x0 /home/yhy/workspace/cccc/bochs/build/obj/memory.o
 .bss           0x00000000c000f568        0x0 /home/yhy/workspace/cccc/bochs/build/obj/bitmap.o
 .bss           0x00000000c000f568        0x0 /home/yhy/workspace/cccc/bochs/build/obj/string.o
 .bss           0x00000000c000f568        0x6 /home/yhy/workspace/cccc/bochs/build/obj/thread.o
 .bss           0x00000000c000f56e        0x0 /home/yhy/workspace/cccc/bochs/build/obj/list.o
 .bss           0x00000000c000f56e        0x0 /home/yhy/workspace/cccc/bochs/build/obj/sync.o
 *fill*         0x00000000c000f56e        0x2 
 .bss           0x00000000c000f570       0x1c /home/yhy/workspace/cccc/bochs/build/obj/console.o
 .bss           0x00000000c000f58c       0x14 /home/yhy/workspace/cccc/bochs/build/obj/keyboard.o
 .bss           0x00000000c000f5a0        0x0 /home/yhy/workspace/cccc/bochs/build/obj/ioqueue.o
 .bss           0x00000000c000f5a0       0x6c /home/yhy/workspace/cccc/bochs/build/obj/tss.o
 .bss           0x00000000c000f60c        0x0 /home/yhy/workspace/cccc/bochs/build/obj/process.o
 .bss           0x00000000c000f60c        0x0 /home/yhy/workspace/cccc/bochs/build/obj/syscall.o
 .bss           0x00000000c000f60c        0x0 /home/yhy/workspace/cccc/bochs/build/obj/syscall-init.o
 .bss           0x00000000c000f60c        0x0 /home/yhy/workspace/cccc/bochs/build/obj/stdio.o
 .bss           0x00000000c000f60c        0x0 /home/yhy/workspace/cccc/bochs/build/obj/stdio-kernel.o
 .bss           0x00000000c000f60c        0x6 /home/yhy/workspace/cccc/bochs/build/obj/ide.o
                0x00000000c000f60c                ext_lba_base
                0x00000000c000f610                p_no
                0x00000000c000f611                l_no
 .bss           0x00000000c000f612        0x0 /home/yhy/workspace/cccc/bochs/build/obj/fs.o
 .bss           0x00000000c000f612        0x0 /home/yhy/workspace/cccc/bochs/build/obj/file.o
 .bss           0x00000000c000f612        0x0 /home/yhy/workspace/cccc/bochs/build/obj/inode.o
 .bss           0x00000000c000f612        0x0 /home/yhy/workspace/cccc/bochs/build/obj/dir.o
 .bss           0x00000000c000f612        0x0 /home/yhy/workspace/cccc/bochs/build/obj/fork.o
 *(COMMON)
 *fill*         0x00000000c000f612        0xe 
 COMMON         0x00000000c000f620      0x424 /home/yhy/workspace/cccc/bochs/build/obj/interrupt.o
                0x00000000c000f620                intr_name
                0x00000000c000f840                idt_table
 COMMON         0x00000000c000fa44        0x4 /home/yhy/workspace/cccc/bochs/build/obj/timer.o
                0x00000000c000fa44                ticks
 *fill*         0x00000000c000fa48       0x18 
 COMMON         0x00000000c000fa60      0x12c /home/yhy/workspace/cccc/bochs/build/obj/memory.o
                0x00000000c000fa60                user_pool
                0x00000000c000faa0                k_block_descs
                0x00000000c000fb48                kernel_vaddr
                0x00000000c000fb60                kernel_pool
 COMMON         0x00000000c000fb8c       0x44 /home/yhy/workspace/cccc/bochs/build/obj/thread.o
                0x00000000c000fb8c                thread_ready_list
                0x00000000c000fb9c                thread_all_list
                0x00000000c000fbac                idle_thread
                0x00000000c000fbb0                main_thread
                0x00000000c000fbb4                pid_lock
 *fill*         0x00000000c000fbd0       0x10 
 COMMON         0x00000000c000fbe0       0x6c /home/yhy/workspace/cccc/bochs/build/obj/keyboard.o
                0x00000000c000fbe0                kbd_buf
 *fill*         0x00000000c000fc4c       0x14 
 COMMON         0x00000000c000fc60       0x80 /home/yhy/workspace/cccc/bochs/build/obj/syscall-init.o
                0x00000000c000fc60                syscall_table
 COMMON         0x00000000c000fce0      0xcf0 /home/yhy/workspace/cccc/bochs/build/obj/ide.o
                0x00000000c000fce0                channel_cnt
                0x00000000c000fd00                channels
                0x00000000c00109c0                partition_list
 COMMON         0x00000000c00109d0        0x4 /home/yhy/workspace/cccc/bochs/build/obj/fs.o
                0x00000000c00109d0                cur_part
 *fill*         0x00000000c00109d4        0xc 
 COMMON         0x00000000c00109e0      0x180 /home/yhy/workspace/cccc/bochs/build/obj/file.o
                0x00000000c00109e0                file_table
 COMMON         0x00000000c0010b60      0x208 /home/yhy/workspace/cccc/bochs/build/obj/dir.o
                0x00000000c0010b60                root_dir
                0x00000000c0010d68                . = ALIGN ((. != 0x0)?0x4:0x1)
                0x00000000c0010d68                . = ALIGN (0x4)
                0x00000000c0010d68                . = SEGMENT_START ("ldata-segment", .)
                0x00000000c0010d68                . = ALIGN (0x4)
                0x00000000c0010d68                _end = .
                [!provide]                        PROVIDE (end = .)
                0x00000000c0010d68                . = DATA_SEGMENT_END (.)

.stab
 *(.stab)

.stabstr
 *(.stabstr)

.stab.excl
 *(.stab.excl)

.stab.exclstr
 *(.stab.exclstr)

.stab.index
 *(.stab.index)

.stab.indexstr
 *(.stab.indexstr)

.comment        0x0000000000000000       0x2a
 *(.comment)
 .comment       0x0000000000000000       0x2a /home/yhy/workspace/cccc/bochs/build/obj/main.o
                                         0x2b (size before relaxing)
 .comment       0x000000000000002a       0x2b /home/yhy/workspace/cccc/bochs/build/obj/init.o
 .comment       0x000000000000002a       0x2b /home/yhy/workspace/cccc/bochs/build/obj/interrupt.o
 .comment       0x000000000000002a       0x2b /home/yhy/workspace/cccc/bochs/build/obj/timer.o
 .comment       0x000000000000002a       0x2b /home/yhy/workspace/cccc/bochs/build/obj/debug.o
 .comment       0x000000000000002a       0x2b /home/yhy/workspace/cccc/bochs/build/obj/memory.o
 .comment       0x000000000000002a       0x2b /home/yhy/workspace/cccc/bochs/build/obj/bitmap.o
 .comment       0x000000000000002a       0x2b /home/yhy/workspace/cccc/bochs/build/obj/string.o
 .comment       0x000000000000002a       0x2b /home/yhy/workspace/cccc/bochs/build/obj/thread.o
 .comment       0x000000000000002a       0x2b /home/yhy/workspace/cccc/bochs/build/obj/list.o
 .comment       0x000000000000002a       0x2b /home/yhy/workspace/cccc/bochs/build/obj/sync.o
 .comment       0x000000000000002a       0x2b /home/yhy/workspace/cccc/bochs/build/obj/console.o
 .comment       0x000000000000002a       0x2b /home/yhy/workspace/cccc/bochs/build/obj/keyboard.o
 .comment       0x000000000000002a       0x2b /home/yhy/workspace/cccc/bochs/build/obj/ioqueue.o
 .comment       0x000000000000002a       0x2b /home/yhy/workspace/cccc/bochs/build/obj/tss.o
 .comment       0x000000000000002a       0x2b /home/yhy/workspace/cccc/bochs/build/obj/process.o
 .comment       0x000000000000002a       0x2b /home/yhy/workspace/cccc/bochs/build/obj/syscall.o
 .comment       0x000000000000002a       0x2b /home/yhy/workspace/cccc/bochs/build/obj/syscall-init.o
 .comment       0x000000000000002a       0x2b /home/yhy/workspace/cccc/bochs/build/obj/stdio.o
 .comment       0x000000000000002a       0x2b /home/yhy/workspace/cccc/bochs/build/obj/stdio-kernel.o
 .comment       0x000000000000002a       0x2b /home/yhy/workspace/cccc/bochs/build/obj/ide.o
 .comment       0x000000000000002a       0x2b /home/yhy/workspace/cccc/bochs/build/obj/fs.o
 .comment       0x000000000000002a       0x2b /home/yhy/workspace/cccc/bochs/build/obj/file.o
 .comment       0x000000000000002a       0x2b /home/yhy/workspace/cccc/bochs/build/obj/inode.o
 .comment       0x000000000000002a       0x2b /home/yhy/workspace/cccc/bochs/build/obj/dir.o
 .comment       0x000000000000002a       0x2b /home/yhy/workspace/cccc/bochs/build/obj/fork.o

.gnu.build.attributes
 *(.gnu.build.attributes .gnu.build.attributes.*)

.debug
 *(.debug)

.line
 *(.line)

.debug_srcinfo
 *(.debug_srcinfo)

.debug_sfnames
 *(.debug_sfnames)

.debug_aranges
 *(.debug_aranges)

.debug_pubnames
 *(.debug_pubnames)

.debug_info
 *(.debug_info .gnu.linkonce.wi.*)

.debug_abbrev
 *(.debug_abbrev)

.debug_line
 *(.debug_line .debug_line.* .debug_line_end)

.debug_frame
 *(.debug_frame)

.debug_str
 *(.debug_str)

.debug_loc
 *(.debug_loc)

.debug_macinfo
 *(.debug_macinfo)

.debug_weaknames
 *(.debug_weaknames)

.debug_funcnames
 *(.debug_funcnames)

.debug_typenames
 *(.debug_typenames)

.debug_varnames
 *(.debug_varnames)

.debug_pubtypes
 *(.debug_pubtypes)

.debug_ranges
 *(.debug_ranges)

.debug_macro
 *(.debug_macro)

.debug_addr
 *(.debug_addr)

.gnu.attributes
 *(.gnu.attributes)

/DISCARD/
 *(.note.GNU-stack)
 *(.gnu_debuglink)
 *(.gnu.lto_*)
OUTPUT(/home/yhy/workspace/cccc/bochs/build/obj/kernel.bin elf32-i386)
