
Allocating common symbols
Common symbol       size              file

kbd_buf             0x6c              /home/yhy/workspace/cccc/bochs/build/obj/keyboard.o
thread_ready_list   0x10              /home/yhy/workspace/cccc/bochs/build/obj/thread.o
thread_all_list     0x10              /home/yhy/workspace/cccc/bochs/build/obj/thread.o
user_pool           0x2c              /home/yhy/workspace/cccc/bochs/build/obj/memory.o
k_block_descs       0xa8              /home/yhy/workspace/cccc/bochs/build/obj/memory.o
idle_thread         0x4               /home/yhy/workspace/cccc/bochs/build/obj/thread.o
intr_name           0x204             /home/yhy/workspace/cccc/bochs/build/obj/interrupt.o
main_thread         0x4               /home/yhy/workspace/cccc/bochs/build/obj/thread.o
ticks               0x4               /home/yhy/workspace/cccc/bochs/build/obj/timer.o
kernel_vaddr        0xc               /home/yhy/workspace/cccc/bochs/build/obj/memory.o
syscall_table       0x80              /home/yhy/workspace/cccc/bochs/build/obj/syscall-init.o
idt_table           0x204             /home/yhy/workspace/cccc/bochs/build/obj/interrupt.o
kernel_pool         0x2c              /home/yhy/workspace/cccc/bochs/build/obj/memory.o
pid_lock            0x1c              /home/yhy/workspace/cccc/bochs/build/obj/thread.o

Discarded input sections

 .note.GNU-stack
                0x0000000000000000        0x0 /home/yhy/workspace/cccc/bochs/build/obj/main.o
 .note.GNU-stack
                0x0000000000000000        0x0 /home/yhy/workspace/cccc/bochs/build/obj/init.o
 .note.GNU-stack
                0x0000000000000000        0x0 /home/yhy/workspace/cccc/bochs/build/obj/interrupt.o
 .note.GNU-stack
                0x0000000000000000        0x0 /home/yhy/workspace/cccc/bochs/build/obj/timer.o
 .note.GNU-stack
                0x0000000000000000        0x0 /home/yhy/workspace/cccc/bochs/build/obj/debug.o
 .note.GNU-stack
                0x0000000000000000        0x0 /home/yhy/workspace/cccc/bochs/build/obj/memory.o
 .note.GNU-stack
                0x0000000000000000        0x0 /home/yhy/workspace/cccc/bochs/build/obj/bitmap.o
 .note.GNU-stack
                0x0000000000000000        0x0 /home/yhy/workspace/cccc/bochs/build/obj/string.o
 .note.GNU-stack
                0x0000000000000000        0x0 /home/yhy/workspace/cccc/bochs/build/obj/thread.o
 .note.GNU-stack
                0x0000000000000000        0x0 /home/yhy/workspace/cccc/bochs/build/obj/list.o
 .note.GNU-stack
                0x0000000000000000        0x0 /home/yhy/workspace/cccc/bochs/build/obj/sync.o
 .note.GNU-stack
                0x0000000000000000        0x0 /home/yhy/workspace/cccc/bochs/build/obj/console.o
 .note.GNU-stack
                0x0000000000000000        0x0 /home/yhy/workspace/cccc/bochs/build/obj/keyboard.o
 .note.GNU-stack
                0x0000000000000000        0x0 /home/yhy/workspace/cccc/bochs/build/obj/ioqueue.o
 .note.GNU-stack
                0x0000000000000000        0x0 /home/yhy/workspace/cccc/bochs/build/obj/tss.o
 .note.GNU-stack
                0x0000000000000000        0x0 /home/yhy/workspace/cccc/bochs/build/obj/process.o
 .note.GNU-stack
                0x0000000000000000        0x0 /home/yhy/workspace/cccc/bochs/build/obj/syscall.o
 .note.GNU-stack
                0x0000000000000000        0x0 /home/yhy/workspace/cccc/bochs/build/obj/syscall-init.o
 .note.GNU-stack
                0x0000000000000000        0x0 /home/yhy/workspace/cccc/bochs/build/obj/stdio.o

Memory Configuration

Name             Origin             Length             Attributes
*default*        0x0000000000000000 0xffffffffffffffff

Linker script and memory map

Address of section .text set to 0xc0001500
LOAD /home/yhy/workspace/cccc/bochs/build/obj/main.o
LOAD /home/yhy/workspace/cccc/bochs/build/obj/init.o
LOAD /home/yhy/workspace/cccc/bochs/build/obj/interrupt.o
LOAD /home/yhy/workspace/cccc/bochs/build/obj/timer.o
LOAD /home/yhy/workspace/cccc/bochs/build/obj/kernel.o
LOAD /home/yhy/workspace/cccc/bochs/build/obj/print.o
LOAD /home/yhy/workspace/cccc/bochs/build/obj/debug.o
LOAD /home/yhy/workspace/cccc/bochs/build/obj/memory.o
LOAD /home/yhy/workspace/cccc/bochs/build/obj/bitmap.o
LOAD /home/yhy/workspace/cccc/bochs/build/obj/string.o
LOAD /home/yhy/workspace/cccc/bochs/build/obj/thread.o
LOAD /home/yhy/workspace/cccc/bochs/build/obj/switch.o
LOAD /home/yhy/workspace/cccc/bochs/build/obj/list.o
LOAD /home/yhy/workspace/cccc/bochs/build/obj/sync.o
LOAD /home/yhy/workspace/cccc/bochs/build/obj/console.o
LOAD /home/yhy/workspace/cccc/bochs/build/obj/keyboard.o
LOAD /home/yhy/workspace/cccc/bochs/build/obj/ioqueue.o
LOAD /home/yhy/workspace/cccc/bochs/build/obj/tss.o
LOAD /home/yhy/workspace/cccc/bochs/build/obj/process.o
LOAD /home/yhy/workspace/cccc/bochs/build/obj/syscall.o
LOAD /home/yhy/workspace/cccc/bochs/build/obj/syscall-init.o
LOAD /home/yhy/workspace/cccc/bochs/build/obj/stdio.o
                [!provide]                        PROVIDE (__executable_start = SEGMENT_START ("text-segment", 0x8048000))
                0x00000000080480d4                . = (SEGMENT_START ("text-segment", 0x8048000) + SIZEOF_HEADERS)

.interp
 *(.interp)

.note.gnu.build-id
 *(.note.gnu.build-id)

.hash
 *(.hash)

.gnu.hash
 *(.gnu.hash)

.dynsym
 *(.dynsym)

.dynstr
 *(.dynstr)

.gnu.version
 *(.gnu.version)

.gnu.version_d
 *(.gnu.version_d)

.gnu.version_r
 *(.gnu.version_r)

.rel.dyn        0x00000000080480d4        0x0
 *(.rel.init)
 *(.rel.text .rel.text.* .rel.gnu.linkonce.t.*)
 .rel.text      0x00000000080480d4        0x0 /home/yhy/workspace/cccc/bochs/build/obj/main.o
 *(.rel.fini)
 *(.rel.rodata .rel.rodata.* .rel.gnu.linkonce.r.*)
 *(.rel.data.rel.ro .rel.data.rel.ro.* .rel.gnu.linkonce.d.rel.ro.*)
 *(.rel.data .rel.data.* .rel.gnu.linkonce.d.*)
 *(.rel.tdata .rel.tdata.* .rel.gnu.linkonce.td.*)
 *(.rel.tbss .rel.tbss.* .rel.gnu.linkonce.tb.*)
 *(.rel.ctors)
 *(.rel.dtors)
 *(.rel.got)
 .rel.got       0x00000000080480d4        0x0 /home/yhy/workspace/cccc/bochs/build/obj/main.o
 *(.rel.bss .rel.bss.* .rel.gnu.linkonce.b.*)
 *(.rel.ifunc)

.rel.plt        0x00000000080480d4        0x0
 *(.rel.plt)
                [!provide]                        PROVIDE (__rel_iplt_start = .)
 *(.rel.iplt)
 .rel.iplt      0x00000000080480d4        0x0 /home/yhy/workspace/cccc/bochs/build/obj/main.o
                [!provide]                        PROVIDE (__rel_iplt_end = .)
                0x0000000008049000                . = ALIGN (CONSTANT (MAXPAGESIZE))

.init
 *(SORT_NONE(.init))

.plt            0x0000000008049000        0x0
 *(.plt)
 *(.iplt)
 .iplt          0x0000000008049000        0x0 /home/yhy/workspace/cccc/bochs/build/obj/main.o

.plt.got
 *(.plt.got)

.plt.sec
 *(.plt.sec)

.text           0x00000000c0001500     0x431c
 *(.text.unlikely .text.*_unlikely .text.unlikely.*)
 *(.text.exit .text.exit.*)
 *(.text.startup .text.startup.*)
 *(.text.hot .text.hot.*)
 *(SORT_BY_NAME(.text.sorted.*))
 *(.text .stub .text.* .gnu.linkonce.t.*)
 .text          0x00000000c0001500      0x325 /home/yhy/workspace/cccc/bochs/build/obj/main.o
                0x00000000c0001500                main
                0x00000000c0001591                k_thread_a
                0x00000000c000164e                k_thread_b
                0x00000000c000170b                u_prog_a
                0x00000000c0001798                u_prog_b
 .text          0x00000000c0001825       0x3c /home/yhy/workspace/cccc/bochs/build/obj/init.o
                0x00000000c0001825                init_all
 .text          0x00000000c0001861      0x47e /home/yhy/workspace/cccc/bochs/build/obj/interrupt.o
                0x00000000c0001bd2                intr_enable
                0x00000000c0001bfb                intr_disable
                0x00000000c0001c24                intr_set_status
                0x00000000c0001c42                intr_get_status
                0x00000000c0001c65                idt_init
                0x00000000c0001cc3                register_handler
 .text          0x00000000c0001cdf      0x193 /home/yhy/workspace/cccc/bochs/build/obj/timer.o
                0x00000000c0001e12                timer_init
 *fill*         0x00000000c0001e72        0xe 
 .text          0x00000000c0001e80      0x55b /home/yhy/workspace/cccc/bochs/build/obj/kernel.o
                0x00000000c0001e80                intr_exit
                0x00000000c00023b7                syscall_handler
 *fill*         0x00000000c00023db        0x5 
 .text          0x00000000c00023e0      0x172 /home/yhy/workspace/cccc/bochs/build/obj/print.o
                0x00000000c00023e0                put_str
                0x00000000c00023fe                put_char
                0x00000000c00024cb                put_int
                0x00000000c000252e                set_cursor
 .text          0x00000000c0002552       0xa5 /home/yhy/workspace/cccc/bochs/build/obj/debug.o
                0x00000000c0002552                panic_spin
 .text          0x00000000c00025f7     0x111b /home/yhy/workspace/cccc/bochs/build/obj/memory.o
                0x00000000c0002726                pte_ptr
                0x00000000c0002757                pde_ptr
                0x00000000c0002909                malloc_page
                0x00000000c00029d3                get_kernel_pages
                0x00000000c0002a2f                get_user_pages
                0x00000000c0002a85                get_a_page
                0x00000000c0002c07                addr_v2p
                0x00000000c0002c5d                sys_malloc
                0x00000000c0002f6d                pfree
                0x00000000c00030ba                mfree_page
                0x00000000c000328f                sys_free
                0x00000000c000363c                block_desc_init
                0x00000000c00036b9                mem_init
 .text          0x00000000c0003712      0x270 /home/yhy/workspace/cccc/bochs/build/obj/bitmap.o
                0x00000000c0003712                bitmap_init
                0x00000000c0003739                bitmap_scan_test
                0x00000000c000377b                bitmap_scan
                0x00000000c00038c9                bitmap_set
 .text          0x00000000c0003982      0x454 /home/yhy/workspace/cccc/bochs/build/obj/string.o
                0x00000000c0003982                memset
                0x00000000c00039de                memcpy
                0x00000000c0003a46                memcmp
                0x00000000c0003adc                strcpy
                0x00000000c0003b3f                strlen
                0x00000000c0003b99                strcmp
                0x00000000c0003c20                strchr
                0x00000000c0003c86                strrchr
                0x00000000c0003cef                strcat
                0x00000000c0003d69                strchrs
 .text          0x00000000c0003dd6      0x5e9 /home/yhy/workspace/cccc/bochs/build/obj/thread.o
                0x00000000c0003e0d                running_thread
                0x00000000c0003e38                thread_create
                0x00000000c0003eae                init_thread
                0x00000000c0003f53                thread_start
                0x00000000c00040ce                schedule
                0x00000000c0004204                thread_block
                0x00000000c000426b                thread_unblock
                0x00000000c0004376                thread_init
 *fill*         0x00000000c00043bf        0x1 
 .text          0x00000000c00043c0       0x15 /home/yhy/workspace/cccc/bochs/build/obj/switch.o
                0x00000000c00043c0                switch_to
 .text          0x00000000c00043d5      0x1e4 /home/yhy/workspace/cccc/bochs/build/obj/list.o
                0x00000000c00043d5                list_init
                0x00000000c0004402                list_insert_before
                0x00000000c0004443                list_push
                0x00000000c0004460                list_append
                0x00000000c000447d                list_remove
                0x00000000c00044b3                list_pop
                0x00000000c00044d2                elem_find
                0x00000000c000450d                list_traversal
                0x00000000c000456b                list_len
                0x00000000c00045a0                list_empty
 .text          0x00000000c00045b9      0x347 /home/yhy/workspace/cccc/bochs/build/obj/sync.o
                0x00000000c00045b9                sema_init
                0x00000000c00045de                lock_init
                0x00000000c000460f                sema_down
                0x00000000c0004723                sema_up
                0x00000000c00047d9                lock_acquire
                0x00000000c0004855                lock_release
 .text          0x00000000c0004900       0x9a /home/yhy/workspace/cccc/bochs/build/obj/console.o
                0x00000000c0004900                console_init
                0x00000000c0004914                console_acquire
                0x00000000c0004928                console_release
                0x00000000c000493c                console_put_str
                0x00000000c0004959                console_put_char
                0x00000000c000497d                console_put_int
 .text          0x00000000c000499a      0x2ef /home/yhy/workspace/cccc/bochs/build/obj/keyboard.o
                0x00000000c0004c55                keyboard_init
 .text          0x00000000c0004c89      0x2f1 /home/yhy/workspace/cccc/bochs/build/obj/ioqueue.o
                0x00000000c0004c89                ioqueue_init
                0x00000000c0004ce6                ioq_full
                0x00000000c0004d37                ioq_empty
                0x00000000c0004e1c                ioq_getchar
                0x00000000c0004eca                ioq_putchar
 .text          0x00000000c0004f7a      0x1a9 /home/yhy/workspace/cccc/bochs/build/obj/tss.o
                0x00000000c0004f7a                update_tss_esp
                0x00000000c0004ff5                tss_init
 .text          0x00000000c0005123      0x372 /home/yhy/workspace/cccc/bochs/build/obj/process.o
                0x00000000c0005123                start_process
                0x00000000c0005229                page_dir_activate
                0x00000000c0005259                process_activate
                0x00000000c00052ab                create_page_dir
                0x00000000c000531c                create_user_vaddr_bitmap
                0x00000000c000536b                process_execute
 .text          0x00000000c0005495       0x6f /home/yhy/workspace/cccc/bochs/build/obj/syscall.o
                0x00000000c0005495                getpid
                0x00000000c00054aa                write
                0x00000000c00054c9                malloc
                0x00000000c00054e8                free
 .text          0x00000000c0005504       0x78 /home/yhy/workspace/cccc/bochs/build/obj/syscall-init.o
                0x00000000c0005504                sys_getpid
                0x00000000c0005516                sys_write
                0x00000000c0005534                syscall_init
 .text          0x00000000c000557c      0x2a0 /home/yhy/workspace/cccc/bochs/build/obj/stdio.o
                0x00000000c0005602                vsprintf
                0x00000000c0005786                sprintf
                0x00000000c00057ba                printf
 *(.gnu.warning)

.fini
 *(SORT_NONE(.fini))
                [!provide]                        PROVIDE (__etext = .)
                [!provide]                        PROVIDE (_etext = .)
                [!provide]                        PROVIDE (etext = .)
                0x00000000c0006000                . = ALIGN (CONSTANT (MAXPAGESIZE))
                0x00000000c0006000                . = SEGMENT_START ("rodata-segment", (ALIGN (CONSTANT (MAXPAGESIZE)) + (. & (CONSTANT (MAXPAGESIZE) - 0x1))))

.rodata         0x00000000c0006000     0x1044
 *(.rodata .rodata.* .gnu.linkonce.r.*)
 .rodata        0x00000000c0006000       0xcc /home/yhy/workspace/cccc/bochs/build/obj/main.o
 .rodata        0x00000000c00060cc        0xa /home/yhy/workspace/cccc/bochs/build/obj/init.o
 *fill*         0x00000000c00060d6        0x2 
 .rodata        0x00000000c00060d8      0x2d1 /home/yhy/workspace/cccc/bochs/build/obj/interrupt.o
 *fill*         0x00000000c00063a9        0x3 
 .rodata        0x00000000c00063ac       0x90 /home/yhy/workspace/cccc/bochs/build/obj/timer.o
 .rodata        0x00000000c000643c       0x3f /home/yhy/workspace/cccc/bochs/build/obj/debug.o
 *fill*         0x00000000c000647b        0x1 
 .rodata        0x00000000c000647c      0x3d6 /home/yhy/workspace/cccc/bochs/build/obj/memory.o
 *fill*         0x00000000c0006852        0x2 
 .rodata        0x00000000c0006854       0x8b /home/yhy/workspace/cccc/bochs/build/obj/bitmap.o
 *fill*         0x00000000c00068df        0x1 
 .rodata        0x00000000c00068e0       0xdf /home/yhy/workspace/cccc/bochs/build/obj/string.o
 *fill*         0x00000000c00069bf        0x1 
 .rodata        0x00000000c00069c0      0x2e2 /home/yhy/workspace/cccc/bochs/build/obj/thread.o
 *fill*         0x00000000c0006ca2        0x2 
 .rodata        0x00000000c0006ca4      0x153 /home/yhy/workspace/cccc/bochs/build/obj/sync.o
 .rodata        0x00000000c0006df7       0x36 /home/yhy/workspace/cccc/bochs/build/obj/keyboard.o
 *fill*         0x00000000c0006e2d        0x3 
 .rodata        0x00000000c0006e30       0xc1 /home/yhy/workspace/cccc/bochs/build/obj/ioqueue.o
 .rodata        0x00000000c0006ef1       0x27 /home/yhy/workspace/cccc/bochs/build/obj/tss.o
 .rodata        0x00000000c0006f18      0x105 /home/yhy/workspace/cccc/bochs/build/obj/process.o
 .rodata        0x00000000c000701d       0x27 /home/yhy/workspace/cccc/bochs/build/obj/syscall-init.o

.rodata1
 *(.rodata1)

.eh_frame_hdr
 *(.eh_frame_hdr)
 *(.eh_frame_entry .eh_frame_entry.*)

.eh_frame
 *(.eh_frame)
 *(.eh_frame.*)

.gcc_except_table
 *(.gcc_except_table .gcc_except_table.*)

.gnu_extab
 *(.gnu_extab*)

.exception_ranges
 *(.exception_ranges*)
                0x00000000c0008044                . = DATA_SEGMENT_ALIGN (CONSTANT (MAXPAGESIZE), CONSTANT (COMMONPAGESIZE))

.eh_frame
 *(.eh_frame)
 *(.eh_frame.*)

.gnu_extab
 *(.gnu_extab)

.gcc_except_table
 *(.gcc_except_table .gcc_except_table.*)

.exception_ranges
 *(.exception_ranges*)

.tdata          0x00000000c0008044        0x0
                [!provide]                        PROVIDE (__tdata_start = .)
 *(.tdata .tdata.* .gnu.linkonce.td.*)

.tbss
 *(.tbss .tbss.* .gnu.linkonce.tb.*)
 *(.tcommon)

.preinit_array  0x00000000c0008044        0x0
                [!provide]                        PROVIDE (__preinit_array_start = .)
 *(.preinit_array)
                [!provide]                        PROVIDE (__preinit_array_end = .)

.init_array     0x00000000c0008044        0x0
                [!provide]                        PROVIDE (__init_array_start = .)
 *(SORT_BY_INIT_PRIORITY(.init_array.*) SORT_BY_INIT_PRIORITY(.ctors.*))
 *(.init_array EXCLUDE_FILE(*crtend?.o *crtend.o *crtbegin?.o *crtbegin.o) .ctors)
                [!provide]                        PROVIDE (__init_array_end = .)

.fini_array     0x00000000c0008044        0x0
                [!provide]                        PROVIDE (__fini_array_start = .)
 *(SORT_BY_INIT_PRIORITY(.fini_array.*) SORT_BY_INIT_PRIORITY(.dtors.*))
 *(.fini_array EXCLUDE_FILE(*crtend?.o *crtend.o *crtbegin?.o *crtbegin.o) .dtors)
                [!provide]                        PROVIDE (__fini_array_end = .)

.ctors
 *crtbegin.o(.ctors)
 *crtbegin?.o(.ctors)
 *(EXCLUDE_FILE(*crtend?.o *crtend.o) .ctors)
 *(SORT_BY_NAME(.ctors.*))
 *(.ctors)

.dtors
 *crtbegin.o(.dtors)
 *crtbegin?.o(.dtors)
 *(EXCLUDE_FILE(*crtend?.o *crtend.o) .dtors)
 *(SORT_BY_NAME(.dtors.*))
 *(.dtors)

.jcr
 *(.jcr)

.data.rel.ro
 *(.data.rel.ro.local* .gnu.linkonce.d.rel.ro.local.*)
 *(.data.rel.ro .data.rel.ro.* .gnu.linkonce.d.rel.ro.*)

.dynamic
 *(.dynamic)

.got            0x00000000c0008044        0x0
 *(.got)
 .got           0x00000000c0008044        0x0 /home/yhy/workspace/cccc/bochs/build/obj/main.o
 *(.igot)
                0x00000000c0008044                . = DATA_SEGMENT_RELRO_END (., (SIZEOF (.got.plt) >= 0xc)?0xc:0x0)

.got.plt        0x00000000c0008044        0x0
 *(.got.plt)
 .got.plt       0x00000000c0008044        0x0 /home/yhy/workspace/cccc/bochs/build/obj/main.o
 *(.igot.plt)
 .igot.plt      0x00000000c0008044        0x0 /home/yhy/workspace/cccc/bochs/build/obj/main.o

.data           0x00000000c0008060      0x156
 *(.data .data.* .gnu.linkonce.d.*)
 .data          0x00000000c0008060        0x0 /home/yhy/workspace/cccc/bochs/build/obj/main.o
 .data          0x00000000c0008060        0x0 /home/yhy/workspace/cccc/bochs/build/obj/init.o
 .data          0x00000000c0008060        0x0 /home/yhy/workspace/cccc/bochs/build/obj/interrupt.o
 .data          0x00000000c0008060        0x0 /home/yhy/workspace/cccc/bochs/build/obj/timer.o
 .data          0x00000000c0008060       0xc0 /home/yhy/workspace/cccc/bochs/build/obj/kernel.o
                0x00000000c0008060                intr_entry_table
 .data          0x00000000c0008120        0x8 /home/yhy/workspace/cccc/bochs/build/obj/print.o
 .data          0x00000000c0008128        0x0 /home/yhy/workspace/cccc/bochs/build/obj/debug.o
 .data          0x00000000c0008128        0x0 /home/yhy/workspace/cccc/bochs/build/obj/memory.o
 .data          0x00000000c0008128        0x0 /home/yhy/workspace/cccc/bochs/build/obj/bitmap.o
 .data          0x00000000c0008128        0x0 /home/yhy/workspace/cccc/bochs/build/obj/string.o
 .data          0x00000000c0008128        0x0 /home/yhy/workspace/cccc/bochs/build/obj/thread.o
 .data          0x00000000c0008128        0x0 /home/yhy/workspace/cccc/bochs/build/obj/list.o
 .data          0x00000000c0008128        0x0 /home/yhy/workspace/cccc/bochs/build/obj/sync.o
 .data          0x00000000c0008128        0x0 /home/yhy/workspace/cccc/bochs/build/obj/console.o
 *fill*         0x00000000c0008128       0x18 
 .data          0x00000000c0008140       0x76 /home/yhy/workspace/cccc/bochs/build/obj/keyboard.o
 .data          0x00000000c00081b6        0x0 /home/yhy/workspace/cccc/bochs/build/obj/ioqueue.o
 .data          0x00000000c00081b6        0x0 /home/yhy/workspace/cccc/bochs/build/obj/tss.o
 .data          0x00000000c00081b6        0x0 /home/yhy/workspace/cccc/bochs/build/obj/process.o
 .data          0x00000000c00081b6        0x0 /home/yhy/workspace/cccc/bochs/build/obj/syscall.o
 .data          0x00000000c00081b6        0x0 /home/yhy/workspace/cccc/bochs/build/obj/syscall-init.o
 .data          0x00000000c00081b6        0x0 /home/yhy/workspace/cccc/bochs/build/obj/stdio.o

.data1
 *(.data1)
                0x00000000c00081b6                _edata = .
                [!provide]                        PROVIDE (edata = .)
                0x00000000c00081b6                . = .
                0x00000000c00081b6                __bss_start = .

.bss            0x00000000c00081c0      0xb80
 *(.dynbss)
 *(.bss .bss.* .gnu.linkonce.b.*)
 .bss           0x00000000c00081c0        0x0 /home/yhy/workspace/cccc/bochs/build/obj/main.o
 .bss           0x00000000c00081c0        0x0 /home/yhy/workspace/cccc/bochs/build/obj/init.o
 .bss           0x00000000c00081c0      0x408 /home/yhy/workspace/cccc/bochs/build/obj/interrupt.o
 .bss           0x00000000c00085c8        0x0 /home/yhy/workspace/cccc/bochs/build/obj/timer.o
 .bss           0x00000000c00085c8        0x0 /home/yhy/workspace/cccc/bochs/build/obj/debug.o
 .bss           0x00000000c00085c8        0x0 /home/yhy/workspace/cccc/bochs/build/obj/memory.o
 .bss           0x00000000c00085c8        0x0 /home/yhy/workspace/cccc/bochs/build/obj/bitmap.o
 .bss           0x00000000c00085c8        0x0 /home/yhy/workspace/cccc/bochs/build/obj/string.o
 .bss           0x00000000c00085c8        0x6 /home/yhy/workspace/cccc/bochs/build/obj/thread.o
 .bss           0x00000000c00085ce        0x0 /home/yhy/workspace/cccc/bochs/build/obj/list.o
 .bss           0x00000000c00085ce        0x0 /home/yhy/workspace/cccc/bochs/build/obj/sync.o
 *fill*         0x00000000c00085ce        0x2 
 .bss           0x00000000c00085d0       0x1c /home/yhy/workspace/cccc/bochs/build/obj/console.o
 .bss           0x00000000c00085ec       0x14 /home/yhy/workspace/cccc/bochs/build/obj/keyboard.o
 .bss           0x00000000c0008600        0x0 /home/yhy/workspace/cccc/bochs/build/obj/ioqueue.o
 .bss           0x00000000c0008600       0x6c /home/yhy/workspace/cccc/bochs/build/obj/tss.o
 .bss           0x00000000c000866c        0x0 /home/yhy/workspace/cccc/bochs/build/obj/process.o
 .bss           0x00000000c000866c        0x0 /home/yhy/workspace/cccc/bochs/build/obj/syscall.o
 .bss           0x00000000c000866c        0x0 /home/yhy/workspace/cccc/bochs/build/obj/syscall-init.o
 .bss           0x00000000c000866c        0x0 /home/yhy/workspace/cccc/bochs/build/obj/stdio.o
 *(COMMON)
 *fill*         0x00000000c000866c       0x14 
 COMMON         0x00000000c0008680      0x424 /home/yhy/workspace/cccc/bochs/build/obj/interrupt.o
                0x00000000c0008680                intr_name
                0x00000000c00088a0                idt_table
 COMMON         0x00000000c0008aa4        0x4 /home/yhy/workspace/cccc/bochs/build/obj/timer.o
                0x00000000c0008aa4                ticks
 *fill*         0x00000000c0008aa8       0x18 
 COMMON         0x00000000c0008ac0      0x12c /home/yhy/workspace/cccc/bochs/build/obj/memory.o
                0x00000000c0008ac0                user_pool
                0x00000000c0008b00                k_block_descs
                0x00000000c0008ba8                kernel_vaddr
                0x00000000c0008bc0                kernel_pool
 COMMON         0x00000000c0008bec       0x44 /home/yhy/workspace/cccc/bochs/build/obj/thread.o
                0x00000000c0008bec                thread_ready_list
                0x00000000c0008bfc                thread_all_list
                0x00000000c0008c0c                idle_thread
                0x00000000c0008c10                main_thread
                0x00000000c0008c14                pid_lock
 *fill*         0x00000000c0008c30       0x10 
 COMMON         0x00000000c0008c40       0x6c /home/yhy/workspace/cccc/bochs/build/obj/keyboard.o
                0x00000000c0008c40                kbd_buf
 *fill*         0x00000000c0008cac       0x14 
 COMMON         0x00000000c0008cc0       0x80 /home/yhy/workspace/cccc/bochs/build/obj/syscall-init.o
                0x00000000c0008cc0                syscall_table
                0x00000000c0008d40                . = ALIGN ((. != 0x0)?0x4:0x1)
                0x00000000c0008d40                . = ALIGN (0x4)
                0x00000000c0008d40                . = SEGMENT_START ("ldata-segment", .)
                0x00000000c0008d40                . = ALIGN (0x4)
                0x00000000c0008d40                _end = .
                [!provide]                        PROVIDE (end = .)
                0x00000000c0008d40                . = DATA_SEGMENT_END (.)

.stab
 *(.stab)

.stabstr
 *(.stabstr)

.stab.excl
 *(.stab.excl)

.stab.exclstr
 *(.stab.exclstr)

.stab.index
 *(.stab.index)

.stab.indexstr
 *(.stab.indexstr)

.comment        0x0000000000000000       0x2a
 *(.comment)
 .comment       0x0000000000000000       0x2a /home/yhy/workspace/cccc/bochs/build/obj/main.o
                                         0x2b (size before relaxing)
 .comment       0x000000000000002a       0x2b /home/yhy/workspace/cccc/bochs/build/obj/init.o
 .comment       0x000000000000002a       0x2b /home/yhy/workspace/cccc/bochs/build/obj/interrupt.o
 .comment       0x000000000000002a       0x2b /home/yhy/workspace/cccc/bochs/build/obj/timer.o
 .comment       0x000000000000002a       0x2b /home/yhy/workspace/cccc/bochs/build/obj/debug.o
 .comment       0x000000000000002a       0x2b /home/yhy/workspace/cccc/bochs/build/obj/memory.o
 .comment       0x000000000000002a       0x2b /home/yhy/workspace/cccc/bochs/build/obj/bitmap.o
 .comment       0x000000000000002a       0x2b /home/yhy/workspace/cccc/bochs/build/obj/string.o
 .comment       0x000000000000002a       0x2b /home/yhy/workspace/cccc/bochs/build/obj/thread.o
 .comment       0x000000000000002a       0x2b /home/yhy/workspace/cccc/bochs/build/obj/list.o
 .comment       0x000000000000002a       0x2b /home/yhy/workspace/cccc/bochs/build/obj/sync.o
 .comment       0x000000000000002a       0x2b /home/yhy/workspace/cccc/bochs/build/obj/console.o
 .comment       0x000000000000002a       0x2b /home/yhy/workspace/cccc/bochs/build/obj/keyboard.o
 .comment       0x000000000000002a       0x2b /home/yhy/workspace/cccc/bochs/build/obj/ioqueue.o
 .comment       0x000000000000002a       0x2b /home/yhy/workspace/cccc/bochs/build/obj/tss.o
 .comment       0x000000000000002a       0x2b /home/yhy/workspace/cccc/bochs/build/obj/process.o
 .comment       0x000000000000002a       0x2b /home/yhy/workspace/cccc/bochs/build/obj/syscall.o
 .comment       0x000000000000002a       0x2b /home/yhy/workspace/cccc/bochs/build/obj/syscall-init.o
 .comment       0x000000000000002a       0x2b /home/yhy/workspace/cccc/bochs/build/obj/stdio.o

.gnu.build.attributes
 *(.gnu.build.attributes .gnu.build.attributes.*)

.debug
 *(.debug)

.line
 *(.line)

.debug_srcinfo
 *(.debug_srcinfo)

.debug_sfnames
 *(.debug_sfnames)

.debug_aranges
 *(.debug_aranges)

.debug_pubnames
 *(.debug_pubnames)

.debug_info
 *(.debug_info .gnu.linkonce.wi.*)

.debug_abbrev
 *(.debug_abbrev)

.debug_line
 *(.debug_line .debug_line.* .debug_line_end)

.debug_frame
 *(.debug_frame)

.debug_str
 *(.debug_str)

.debug_loc
 *(.debug_loc)

.debug_macinfo
 *(.debug_macinfo)

.debug_weaknames
 *(.debug_weaknames)

.debug_funcnames
 *(.debug_funcnames)

.debug_typenames
 *(.debug_typenames)

.debug_varnames
 *(.debug_varnames)

.debug_pubtypes
 *(.debug_pubtypes)

.debug_ranges
 *(.debug_ranges)

.debug_macro
 *(.debug_macro)

.debug_addr
 *(.debug_addr)

.gnu.attributes
 *(.gnu.attributes)

/DISCARD/
 *(.note.GNU-stack)
 *(.gnu_debuglink)
 *(.gnu.lto_*)
OUTPUT(/home/yhy/workspace/cccc/bochs/build/obj/kernel.bin elf32-i386)
