
Allocating common symbols
Common symbol       size              file

argv                0x40              /home/yhy/workspace/cccc/bochs/build/obj/shell.o
kbd_buf             0x6c              /home/yhy/workspace/cccc/bochs/build/obj/keyboard.o
root_dir            0x208             /home/yhy/workspace/cccc/bochs/build/obj/dir.o
thread_ready_list   0x10              /home/yhy/workspace/cccc/bochs/build/obj/thread.o
thread_all_list     0x10              /home/yhy/workspace/cccc/bochs/build/obj/thread.o
user_pool           0x2c              /home/yhy/workspace/cccc/bochs/build/obj/memory.o
channel_cnt         0x1               /home/yhy/workspace/cccc/bochs/build/obj/ide.o
cur_part            0x4               /home/yhy/workspace/cccc/bochs/build/obj/fs.o
k_block_descs       0xa8              /home/yhy/workspace/cccc/bochs/build/obj/memory.o
idle_thread         0x4               /home/yhy/workspace/cccc/bochs/build/obj/thread.o
intr_name           0x204             /home/yhy/workspace/cccc/bochs/build/obj/interrupt.o
main_thread         0x4               /home/yhy/workspace/cccc/bochs/build/obj/thread.o
channels            0xcc0             /home/yhy/workspace/cccc/bochs/build/obj/ide.o
ticks               0x4               /home/yhy/workspace/cccc/bochs/build/obj/timer.o
kernel_vaddr        0xc               /home/yhy/workspace/cccc/bochs/build/obj/memory.o
syscall_table       0x80              /home/yhy/workspace/cccc/bochs/build/obj/syscall-init.o
idt_table           0x204             /home/yhy/workspace/cccc/bochs/build/obj/interrupt.o
file_table          0x180             /home/yhy/workspace/cccc/bochs/build/obj/file.o
partition_list      0x10              /home/yhy/workspace/cccc/bochs/build/obj/ide.o
kernel_pool         0x2c              /home/yhy/workspace/cccc/bochs/build/obj/memory.o
pid_lock            0x1c              /home/yhy/workspace/cccc/bochs/build/obj/thread.o

Discarded input sections

 .note.GNU-stack
                0x0000000000000000        0x0 /home/yhy/workspace/cccc/bochs/build/obj/main.o
 .note.GNU-stack
                0x0000000000000000        0x0 /home/yhy/workspace/cccc/bochs/build/obj/init.o
 .note.GNU-stack
                0x0000000000000000        0x0 /home/yhy/workspace/cccc/bochs/build/obj/interrupt.o
 .note.GNU-stack
                0x0000000000000000        0x0 /home/yhy/workspace/cccc/bochs/build/obj/timer.o
 .note.GNU-stack
                0x0000000000000000        0x0 /home/yhy/workspace/cccc/bochs/build/obj/debug.o
 .note.GNU-stack
                0x0000000000000000        0x0 /home/yhy/workspace/cccc/bochs/build/obj/memory.o
 .note.GNU-stack
                0x0000000000000000        0x0 /home/yhy/workspace/cccc/bochs/build/obj/bitmap.o
 .note.GNU-stack
                0x0000000000000000        0x0 /home/yhy/workspace/cccc/bochs/build/obj/string.o
 .note.GNU-stack
                0x0000000000000000        0x0 /home/yhy/workspace/cccc/bochs/build/obj/thread.o
 .note.GNU-stack
                0x0000000000000000        0x0 /home/yhy/workspace/cccc/bochs/build/obj/list.o
 .note.GNU-stack
                0x0000000000000000        0x0 /home/yhy/workspace/cccc/bochs/build/obj/sync.o
 .note.GNU-stack
                0x0000000000000000        0x0 /home/yhy/workspace/cccc/bochs/build/obj/console.o
 .note.GNU-stack
                0x0000000000000000        0x0 /home/yhy/workspace/cccc/bochs/build/obj/keyboard.o
 .note.GNU-stack
                0x0000000000000000        0x0 /home/yhy/workspace/cccc/bochs/build/obj/ioqueue.o
 .note.GNU-stack
                0x0000000000000000        0x0 /home/yhy/workspace/cccc/bochs/build/obj/tss.o
 .note.GNU-stack
                0x0000000000000000        0x0 /home/yhy/workspace/cccc/bochs/build/obj/process.o
 .note.GNU-stack
                0x0000000000000000        0x0 /home/yhy/workspace/cccc/bochs/build/obj/syscall.o
 .note.GNU-stack
                0x0000000000000000        0x0 /home/yhy/workspace/cccc/bochs/build/obj/syscall-init.o
 .note.GNU-stack
                0x0000000000000000        0x0 /home/yhy/workspace/cccc/bochs/build/obj/stdio.o
 .note.GNU-stack
                0x0000000000000000        0x0 /home/yhy/workspace/cccc/bochs/build/obj/stdio-kernel.o
 .note.GNU-stack
                0x0000000000000000        0x0 /home/yhy/workspace/cccc/bochs/build/obj/ide.o
 .note.GNU-stack
                0x0000000000000000        0x0 /home/yhy/workspace/cccc/bochs/build/obj/fs.o
 .note.GNU-stack
                0x0000000000000000        0x0 /home/yhy/workspace/cccc/bochs/build/obj/file.o
 .note.GNU-stack
                0x0000000000000000        0x0 /home/yhy/workspace/cccc/bochs/build/obj/inode.o
 .note.GNU-stack
                0x0000000000000000        0x0 /home/yhy/workspace/cccc/bochs/build/obj/dir.o
 .note.GNU-stack
                0x0000000000000000        0x0 /home/yhy/workspace/cccc/bochs/build/obj/fork.o
 .note.GNU-stack
                0x0000000000000000        0x0 /home/yhy/workspace/cccc/bochs/build/obj/assert.o
 .note.GNU-stack
                0x0000000000000000        0x0 /home/yhy/workspace/cccc/bochs/build/obj/shell.o
 .note.GNU-stack
                0x0000000000000000        0x0 /home/yhy/workspace/cccc/bochs/build/obj/buildin_cmd.o
 .note.GNU-stack
                0x0000000000000000        0x0 /home/yhy/workspace/cccc/bochs/build/obj/exec.o

Memory Configuration

Name             Origin             Length             Attributes
*default*        0x0000000000000000 0xffffffffffffffff

Linker script and memory map

Address of section .text set to 0xc0001500
LOAD /home/yhy/workspace/cccc/bochs/build/obj/main.o
LOAD /home/yhy/workspace/cccc/bochs/build/obj/init.o
LOAD /home/yhy/workspace/cccc/bochs/build/obj/interrupt.o
LOAD /home/yhy/workspace/cccc/bochs/build/obj/timer.o
LOAD /home/yhy/workspace/cccc/bochs/build/obj/kernel.o
LOAD /home/yhy/workspace/cccc/bochs/build/obj/print.o
LOAD /home/yhy/workspace/cccc/bochs/build/obj/debug.o
LOAD /home/yhy/workspace/cccc/bochs/build/obj/memory.o
LOAD /home/yhy/workspace/cccc/bochs/build/obj/bitmap.o
LOAD /home/yhy/workspace/cccc/bochs/build/obj/string.o
LOAD /home/yhy/workspace/cccc/bochs/build/obj/thread.o
LOAD /home/yhy/workspace/cccc/bochs/build/obj/switch.o
LOAD /home/yhy/workspace/cccc/bochs/build/obj/list.o
LOAD /home/yhy/workspace/cccc/bochs/build/obj/sync.o
LOAD /home/yhy/workspace/cccc/bochs/build/obj/console.o
LOAD /home/yhy/workspace/cccc/bochs/build/obj/keyboard.o
LOAD /home/yhy/workspace/cccc/bochs/build/obj/ioqueue.o
LOAD /home/yhy/workspace/cccc/bochs/build/obj/tss.o
LOAD /home/yhy/workspace/cccc/bochs/build/obj/process.o
LOAD /home/yhy/workspace/cccc/bochs/build/obj/syscall.o
LOAD /home/yhy/workspace/cccc/bochs/build/obj/syscall-init.o
LOAD /home/yhy/workspace/cccc/bochs/build/obj/stdio.o
LOAD /home/yhy/workspace/cccc/bochs/build/obj/stdio-kernel.o
LOAD /home/yhy/workspace/cccc/bochs/build/obj/ide.o
LOAD /home/yhy/workspace/cccc/bochs/build/obj/fs.o
LOAD /home/yhy/workspace/cccc/bochs/build/obj/file.o
LOAD /home/yhy/workspace/cccc/bochs/build/obj/inode.o
LOAD /home/yhy/workspace/cccc/bochs/build/obj/dir.o
LOAD /home/yhy/workspace/cccc/bochs/build/obj/fork.o
LOAD /home/yhy/workspace/cccc/bochs/build/obj/assert.o
LOAD /home/yhy/workspace/cccc/bochs/build/obj/shell.o
LOAD /home/yhy/workspace/cccc/bochs/build/obj/buildin_cmd.o
LOAD /home/yhy/workspace/cccc/bochs/build/obj/exec.o
                [!provide]                        PROVIDE (__executable_start = SEGMENT_START ("text-segment", 0x8048000))
                0x00000000080480d4                . = (SEGMENT_START ("text-segment", 0x8048000) + SIZEOF_HEADERS)

.interp
 *(.interp)

.note.gnu.build-id
 *(.note.gnu.build-id)

.hash
 *(.hash)

.gnu.hash
 *(.gnu.hash)

.dynsym
 *(.dynsym)

.dynstr
 *(.dynstr)

.gnu.version
 *(.gnu.version)

.gnu.version_d
 *(.gnu.version_d)

.gnu.version_r
 *(.gnu.version_r)

.rel.dyn        0x00000000080480d4        0x0
 *(.rel.init)
 *(.rel.text .rel.text.* .rel.gnu.linkonce.t.*)
 .rel.text      0x00000000080480d4        0x0 /home/yhy/workspace/cccc/bochs/build/obj/main.o
 *(.rel.fini)
 *(.rel.rodata .rel.rodata.* .rel.gnu.linkonce.r.*)
 *(.rel.data.rel.ro .rel.data.rel.ro.* .rel.gnu.linkonce.d.rel.ro.*)
 *(.rel.data .rel.data.* .rel.gnu.linkonce.d.*)
 *(.rel.tdata .rel.tdata.* .rel.gnu.linkonce.td.*)
 *(.rel.tbss .rel.tbss.* .rel.gnu.linkonce.tb.*)
 *(.rel.ctors)
 *(.rel.dtors)
 *(.rel.got)
 .rel.got       0x00000000080480d4        0x0 /home/yhy/workspace/cccc/bochs/build/obj/main.o
 *(.rel.bss .rel.bss.* .rel.gnu.linkonce.b.*)
 *(.rel.ifunc)

.rel.plt        0x00000000080480d4        0x0
 *(.rel.plt)
                [!provide]                        PROVIDE (__rel_iplt_start = .)
 *(.rel.iplt)
 .rel.iplt      0x00000000080480d4        0x0 /home/yhy/workspace/cccc/bochs/build/obj/main.o
                [!provide]                        PROVIDE (__rel_iplt_end = .)
                0x0000000008049000                . = ALIGN (CONSTANT (MAXPAGESIZE))

.init
 *(SORT_NONE(.init))

.plt            0x0000000008049000        0x0
 *(.plt)
 *(.iplt)
 .iplt          0x0000000008049000        0x0 /home/yhy/workspace/cccc/bochs/build/obj/main.o

.plt.got
 *(.plt.got)

.plt.sec
 *(.plt.sec)

.text           0x00000000c0001500     0xb82b
 *(.text.unlikely .text.*_unlikely .text.unlikely.*)
 *(.text.exit .text.exit.*)
 *(.text.startup .text.startup.*)
 *(.text.hot .text.hot.*)
 *(SORT_BY_NAME(.text.sorted.*))
 *(.text .stub .text.* .gnu.linkonce.t.*)
 .text          0x00000000c0001500      0x12d /home/yhy/workspace/cccc/bochs/build/obj/main.o
                0x00000000c0001500                main
                0x00000000c00015cf                init
 .text          0x00000000c000162d       0x4b /home/yhy/workspace/cccc/bochs/build/obj/init.o
                0x00000000c000162d                init_all
 .text          0x00000000c0001678      0x47e /home/yhy/workspace/cccc/bochs/build/obj/interrupt.o
                0x00000000c00019e9                intr_enable
                0x00000000c0001a12                intr_disable
                0x00000000c0001a3b                intr_set_status
                0x00000000c0001a59                intr_get_status
                0x00000000c0001a7c                idt_init
                0x00000000c0001ada                register_handler
 .text          0x00000000c0001af6      0x212 /home/yhy/workspace/cccc/bochs/build/obj/timer.o
                0x00000000c0001c50                mtime_sleep
                0x00000000c0001ca8                timer_init
 *fill*         0x00000000c0001d08        0x8 
 .text          0x00000000c0001d10      0x55b /home/yhy/workspace/cccc/bochs/build/obj/kernel.o
                0x00000000c0001d10                intr_exit
                0x00000000c0002247                syscall_handler
 *fill*         0x00000000c000226b        0x5 
 .text          0x00000000c0002270      0x1b1 /home/yhy/workspace/cccc/bochs/build/obj/print.o
                0x00000000c0002270                put_str
                0x00000000c000228e                put_char
                0x00000000c000235b                cls_screen
                0x00000000c000239a                put_int
                0x00000000c00023fd                set_cursor
 .text          0x00000000c0002421       0xa5 /home/yhy/workspace/cccc/bochs/build/obj/debug.o
                0x00000000c0002421                panic_spin
 .text          0x00000000c00024c6     0x1196 /home/yhy/workspace/cccc/bochs/build/obj/memory.o
                0x00000000c00025f5                pte_ptr
                0x00000000c0002626                pde_ptr
                0x00000000c00027d8                malloc_page
                0x00000000c00028a2                get_kernel_pages
                0x00000000c00028fe                get_user_pages
                0x00000000c0002954                get_a_page_without_opvaddrbitmap
                0x00000000c00029cf                get_a_page
                0x00000000c0002b51                addr_v2p
                0x00000000c0002ba7                sys_malloc
                0x00000000c0002eb7                pfree
                0x00000000c0003004                mfree_page
                0x00000000c00031d9                sys_free
                0x00000000c0003586                block_desc_init
                0x00000000c0003603                mem_init
 .text          0x00000000c000365c      0x270 /home/yhy/workspace/cccc/bochs/build/obj/bitmap.o
                0x00000000c000365c                bitmap_init
                0x00000000c0003683                bitmap_scan_test
                0x00000000c00036c5                bitmap_scan
                0x00000000c0003813                bitmap_set
 .text          0x00000000c00038cc      0x283 /home/yhy/workspace/cccc/bochs/build/obj/string.o
                0x00000000c00038cc                memset
                0x00000000c00038fe                memcpy
                0x00000000c0003936                memcmp
                0x00000000c0003996                strcpy
                0x00000000c00039c9                strlen
                0x00000000c00039f9                strcmp
                0x00000000c0003a4a                strchr
                0x00000000c0003a83                strrchr
                0x00000000c0003ac2                strcat
                0x00000000c0003b0c                strchrs
 .text          0x00000000c0003b4f      0xae3 /home/yhy/workspace/cccc/bochs/build/obj/thread.o
                0x00000000c0003b9c                running_thread
                0x00000000c0003bc7                thread_create
                0x00000000c0003c3d                fork_pid
                0x00000000c0003c4a                init_thread
                0x00000000c0003d3f                thread_start
                0x00000000c0003eba                schedule
                0x00000000c000400d                thread_block
                0x00000000c0004074                thread_unblock
                0x00000000c000417f                thread_yield
                0x00000000c000455f                sys_ps
                0x00000000c00045ac                thread_init
 *fill*         0x00000000c0004632        0xe 
 .text          0x00000000c0004640       0x15 /home/yhy/workspace/cccc/bochs/build/obj/switch.o
                0x00000000c0004640                switch_to
 .text          0x00000000c0004655      0x1e4 /home/yhy/workspace/cccc/bochs/build/obj/list.o
                0x00000000c0004655                list_init
                0x00000000c0004682                list_insert_before
                0x00000000c00046c3                list_push
                0x00000000c00046e0                list_append
                0x00000000c00046fd                list_remove
                0x00000000c0004733                list_pop
                0x00000000c0004752                elem_find
                0x00000000c000478d                list_traversal
                0x00000000c00047eb                list_len
                0x00000000c0004820                list_empty
 .text          0x00000000c0004839      0x347 /home/yhy/workspace/cccc/bochs/build/obj/sync.o
                0x00000000c0004839                sema_init
                0x00000000c000485e                lock_init
                0x00000000c000488f                sema_down
                0x00000000c00049a3                sema_up
                0x00000000c0004a59                lock_acquire
                0x00000000c0004ad5                lock_release
 .text          0x00000000c0004b80       0x9a /home/yhy/workspace/cccc/bochs/build/obj/console.o
                0x00000000c0004b80                console_init
                0x00000000c0004b94                console_acquire
                0x00000000c0004ba8                console_release
                0x00000000c0004bbc                console_put_str
                0x00000000c0004bd9                console_put_char
                0x00000000c0004bfd                console_put_int
 .text          0x00000000c0004c1a      0x2fb /home/yhy/workspace/cccc/bochs/build/obj/keyboard.o
                0x00000000c0004ed5                keyboard_init
 .text          0x00000000c0004f15      0x2f1 /home/yhy/workspace/cccc/bochs/build/obj/ioqueue.o
                0x00000000c0004f15                ioqueue_init
                0x00000000c0004f72                ioq_full
                0x00000000c0004fc3                ioq_empty
                0x00000000c00050a8                ioq_getchar
                0x00000000c0005156                ioq_putchar
 .text          0x00000000c0005206      0x1a9 /home/yhy/workspace/cccc/bochs/build/obj/tss.o
                0x00000000c0005206                update_tss_esp
                0x00000000c0005281                tss_init
 .text          0x00000000c00053af      0x372 /home/yhy/workspace/cccc/bochs/build/obj/process.o
                0x00000000c00053af                start_process
                0x00000000c00054b5                page_dir_activate
                0x00000000c00054e5                process_activate
                0x00000000c0005537                create_page_dir
                0x00000000c00055a8                create_user_vaddr_bitmap
                0x00000000c00055f7                process_execute
 .text          0x00000000c0005721      0x2bf /home/yhy/workspace/cccc/bochs/build/obj/syscall.o
                0x00000000c0005721                getpid
                0x00000000c0005736                write
                0x00000000c0005759                malloc
                0x00000000c0005778                free
                0x00000000c0005794                fork
                0x00000000c00057a9                read
                0x00000000c00057cc                putchar
                0x00000000c00057ef                clear
                0x00000000c0005801                getcwd
                0x00000000c0005823                open
                0x00000000c000584c                close
                0x00000000c000586b                lseek
                0x00000000c0005895                unlink
                0x00000000c00058b4                mkdir
                0x00000000c00058d3                opendir
                0x00000000c00058f2                closedir
                0x00000000c0005911                rmdir
                0x00000000c0005930                readdir
                0x00000000c000594f                rewinddir
                0x00000000c000596b                stat
                0x00000000c000598d                chdir
                0x00000000c00059ac                ps
                0x00000000c00059be                execv
 .text          0x00000000c00059e0      0x118 /home/yhy/workspace/cccc/bochs/build/obj/syscall-init.o
                0x00000000c00059e0                sys_getpid
                0x00000000c00059f2                syscall_init
 .text          0x00000000c0005af8      0x2ba /home/yhy/workspace/cccc/bochs/build/obj/stdio.o
                0x00000000c0005b7e                vsprintf
                0x00000000c0005d02                sprintf
                0x00000000c0005d36                printf
 .text          0x00000000c0005db2       0x62 /home/yhy/workspace/cccc/bochs/build/obj/stdio-kernel.o
                0x00000000c0005db2                printk
 .text          0x00000000c0005e14      0xe01 /home/yhy/workspace/cccc/bochs/build/obj/ide.o
                0x00000000c000612e                ide_read
                0x00000000c00062c0                ide_write
                0x00000000c0006956                intr_hd_handler
                0x00000000c0006a17                ide_init
 .text          0x00000000c0006c15     0x217f /home/yhy/workspace/cccc/bochs/build/obj/fs.o
                0x00000000c0007318                path_parse
                0x00000000c0007375                path_depth_cnt
                0x00000000c000769d                sys_open
                0x00000000c0007955                sys_read
                0x00000000c0007a38                sys_putchar
                0x00000000c0007a55                sys_write
                0x00000000c0007b3f                sys_lseek
                0x00000000c0007c27                sys_close
                0x00000000c0007c7c                sys_unlink
                0x00000000c0007e9d                sys_mkdir
                0x00000000c00082ca                sys_opendir
                0x00000000c00083e2                sys_closedir
                0x00000000c000840c                sys_readdir
                0x00000000c0008449                sys_rewinddir
                0x00000000c0008458                sys_rmdir
                0x00000000c0008802                sys_getcwd
                0x00000000c00089ef                sys_chdir
                0x00000000c0008a7d                sys_stat
                0x00000000c0008ba4                filesys_init
 .text          0x00000000c0008d94     0x11bd /home/yhy/workspace/cccc/bochs/build/obj/file.o
                0x00000000c0008d94                get_free_slot_in_global
                0x00000000c0008de4                pcb_fd_install
                0x00000000c0008e47                inode_bitmap_alloc
                0x00000000c0008e95                block_bitmap_alloc
                0x00000000c0008eef                bitmap_sync
                0x00000000c0008f7a                file_create
                0x00000000c0009249                file_open
                0x00000000c0009352                file_close
                0x00000000c0009391                file_write
                0x00000000c0009b78                file_read
 .text          0x00000000c0009f51      0x80f /home/yhy/workspace/cccc/bochs/build/obj/inode.o
                0x00000000c0009ff5                inode_sync
                0x00000000c000a166                inode_open
                0x00000000c000a2bf                inode_close
                0x00000000c000a330                inode_delete
                0x00000000c000a492                inode_release
                0x00000000c000a711                inode_init
 .text          0x00000000c000a760      0xf13 /home/yhy/workspace/cccc/bochs/build/obj/dir.o
                0x00000000c000a760                open_root_dir
                0x00000000c000a78f                dir_open
                0x00000000c000a7ca                search_dir_entry
                0x00000000c000a99a                dir_close
                0x00000000c000a9c6                create_dir_entry
                0x00000000c000aa3c                sync_dir_entry
                0x00000000c000aeac                delete_dir_entry
                0x00000000c000b373                dir_read
                0x00000000c000b57f                dir_is_empty
                0x00000000c000b5aa                dir_remove
 .text          0x00000000c000b673      0x548 /home/yhy/workspace/cccc/bochs/build/obj/fork.o
                0x00000000c000ba85                sys_fork
 .text          0x00000000c000bbbb       0x30 /home/yhy/workspace/cccc/bochs/build/obj/assert.o
                0x00000000c000bbbb                user_spin
 .text          0x00000000c000bbeb      0x534 /home/yhy/workspace/cccc/bochs/build/obj/shell.o
                0x00000000c000bbeb                print_prompt
                0x00000000c000bdd6                my_shell
 .text          0x00000000c000c11f      0x888 /home/yhy/workspace/cccc/bochs/build/obj/buildin_cmd.o
                0x00000000c000c2a3                make_clear_abs_path
                0x00000000c000c366                buildin_pwd
                0x00000000c000c3bc                buildin_cd
                0x00000000c000c43c                buildin_ls
                0x00000000c000c7d0                buildin_ps
                0x00000000c000c7f1                buildin_clear
                0x00000000c000c812                buildin_mkdir
                0x00000000c000c899                buildin_rmdir
                0x00000000c000c920                buildin_rm
 .text          0x00000000c000c9a7      0x384 /home/yhy/workspace/cccc/bochs/build/obj/exec.o
                0x00000000c000cc83                sys_execv
 *(.gnu.warning)

.fini
 *(SORT_NONE(.fini))
                [!provide]                        PROVIDE (__etext = .)
                [!provide]                        PROVIDE (_etext = .)
                [!provide]                        PROVIDE (etext = .)
                0x00000000c000d000                . = ALIGN (CONSTANT (MAXPAGESIZE))
                0x00000000c000d000                . = SEGMENT_START ("rodata-segment", (ALIGN (CONSTANT (MAXPAGESIZE)) + (. & (CONSTANT (MAXPAGESIZE) - 0x1))))

.rodata         0x00000000c000d000     0x28e0
 *(.rodata .rodata.* .gnu.linkonce.r.*)
 .rodata        0x00000000c000d000       0xc2 /home/yhy/workspace/cccc/bochs/build/obj/main.o
 .rodata        0x00000000c000d0c2        0xa /home/yhy/workspace/cccc/bochs/build/obj/init.o
 .rodata        0x00000000c000d0cc      0x2d1 /home/yhy/workspace/cccc/bochs/build/obj/interrupt.o
 *fill*         0x00000000c000d39d        0x3 
 .rodata        0x00000000c000d3a0       0xac /home/yhy/workspace/cccc/bochs/build/obj/timer.o
 .rodata        0x00000000c000d44c       0x3f /home/yhy/workspace/cccc/bochs/build/obj/debug.o
 *fill*         0x00000000c000d48b        0x1 
 .rodata        0x00000000c000d48c      0x3d6 /home/yhy/workspace/cccc/bochs/build/obj/memory.o
 *fill*         0x00000000c000d862        0x2 
 .rodata        0x00000000c000d864       0x8b /home/yhy/workspace/cccc/bochs/build/obj/bitmap.o
 *fill*         0x00000000c000d8ef        0x1 
 .rodata        0x00000000c000d8f0      0x3c2 /home/yhy/workspace/cccc/bochs/build/obj/thread.o
 *fill*         0x00000000c000dcb2        0x2 
 .rodata        0x00000000c000dcb4      0x153 /home/yhy/workspace/cccc/bochs/build/obj/sync.o
 .rodata        0x00000000c000de07       0x36 /home/yhy/workspace/cccc/bochs/build/obj/keyboard.o
 *fill*         0x00000000c000de3d        0x3 
 .rodata        0x00000000c000de40       0xc1 /home/yhy/workspace/cccc/bochs/build/obj/ioqueue.o
 .rodata        0x00000000c000df01       0x27 /home/yhy/workspace/cccc/bochs/build/obj/tss.o
 .rodata        0x00000000c000df28      0x105 /home/yhy/workspace/cccc/bochs/build/obj/process.o
 .rodata        0x00000000c000e02d       0x27 /home/yhy/workspace/cccc/bochs/build/obj/syscall-init.o
 .rodata        0x00000000c000e054      0x203 /home/yhy/workspace/cccc/bochs/build/obj/ide.o
 *fill*         0x00000000c000e257        0x1 
 .rodata        0x00000000c000e258      0x8d2 /home/yhy/workspace/cccc/bochs/build/obj/fs.o
 *fill*         0x00000000c000eb2a        0x2 
 .rodata        0x00000000c000eb2c      0x45c /home/yhy/workspace/cccc/bochs/build/obj/file.o
 .rodata        0x00000000c000ef88       0xdf /home/yhy/workspace/cccc/bochs/build/obj/inode.o
 *fill*         0x00000000c000f067        0x1 
 .rodata        0x00000000c000f068      0x227 /home/yhy/workspace/cccc/bochs/build/obj/dir.o
 *fill*         0x00000000c000f28f        0x1 
 .rodata        0x00000000c000f290      0x166 /home/yhy/workspace/cccc/bochs/build/obj/fork.o
 *fill*         0x00000000c000f3f6        0x2 
 .rodata        0x00000000c000f3f8       0x32 /home/yhy/workspace/cccc/bochs/build/obj/assert.o
 *fill*         0x00000000c000f42a        0x2 
 .rodata        0x00000000c000f42c      0x183 /home/yhy/workspace/cccc/bochs/build/obj/shell.o
 *fill*         0x00000000c000f5af        0x1 
 .rodata        0x00000000c000f5b0      0x328 /home/yhy/workspace/cccc/bochs/build/obj/buildin_cmd.o
 .rodata        0x00000000c000f8d8        0x8 /home/yhy/workspace/cccc/bochs/build/obj/exec.o

.rodata1
 *(.rodata1)

.eh_frame_hdr
 *(.eh_frame_hdr)
 *(.eh_frame_entry .eh_frame_entry.*)

.eh_frame
 *(.eh_frame)
 *(.eh_frame.*)

.gcc_except_table
 *(.gcc_except_table .gcc_except_table.*)

.gnu_extab
 *(.gnu_extab*)

.exception_ranges
 *(.exception_ranges*)
                0x00000000c00108e0                . = DATA_SEGMENT_ALIGN (CONSTANT (MAXPAGESIZE), CONSTANT (COMMONPAGESIZE))

.eh_frame
 *(.eh_frame)
 *(.eh_frame.*)

.gnu_extab
 *(.gnu_extab)

.gcc_except_table
 *(.gcc_except_table .gcc_except_table.*)

.exception_ranges
 *(.exception_ranges*)

.tdata          0x00000000c00108e0        0x0
                [!provide]                        PROVIDE (__tdata_start = .)
 *(.tdata .tdata.* .gnu.linkonce.td.*)

.tbss
 *(.tbss .tbss.* .gnu.linkonce.tb.*)
 *(.tcommon)

.preinit_array  0x00000000c00108e0        0x0
                [!provide]                        PROVIDE (__preinit_array_start = .)
 *(.preinit_array)
                [!provide]                        PROVIDE (__preinit_array_end = .)

.init_array     0x00000000c00108e0        0x0
                [!provide]                        PROVIDE (__init_array_start = .)
 *(SORT_BY_INIT_PRIORITY(.init_array.*) SORT_BY_INIT_PRIORITY(.ctors.*))
 *(.init_array EXCLUDE_FILE(*crtend?.o *crtend.o *crtbegin?.o *crtbegin.o) .ctors)
                [!provide]                        PROVIDE (__init_array_end = .)

.fini_array     0x00000000c00108e0        0x0
                [!provide]                        PROVIDE (__fini_array_start = .)
 *(SORT_BY_INIT_PRIORITY(.fini_array.*) SORT_BY_INIT_PRIORITY(.dtors.*))
 *(.fini_array EXCLUDE_FILE(*crtend?.o *crtend.o *crtbegin?.o *crtbegin.o) .dtors)
                [!provide]                        PROVIDE (__fini_array_end = .)

.ctors
 *crtbegin.o(.ctors)
 *crtbegin?.o(.ctors)
 *(EXCLUDE_FILE(*crtend?.o *crtend.o) .ctors)
 *(SORT_BY_NAME(.ctors.*))
 *(.ctors)

.dtors
 *crtbegin.o(.dtors)
 *crtbegin?.o(.dtors)
 *(EXCLUDE_FILE(*crtend?.o *crtend.o) .dtors)
 *(SORT_BY_NAME(.dtors.*))
 *(.dtors)

.jcr
 *(.jcr)

.data.rel.ro
 *(.data.rel.ro.local* .gnu.linkonce.d.rel.ro.local.*)
 *(.data.rel.ro .data.rel.ro.* .gnu.linkonce.d.rel.ro.*)

.dynamic
 *(.dynamic)

.got            0x00000000c00108e0        0x0
 *(.got)
 .got           0x00000000c00108e0        0x0 /home/yhy/workspace/cccc/bochs/build/obj/main.o
 *(.igot)
                0x00000000c00108e0                . = DATA_SEGMENT_RELRO_END (., (SIZEOF (.got.plt) >= 0xc)?0xc:0x0)

.got.plt        0x00000000c00108e0        0x0
 *(.got.plt)
 .got.plt       0x00000000c00108e0        0x0 /home/yhy/workspace/cccc/bochs/build/obj/main.o
 *(.igot.plt)
 .igot.plt      0x00000000c00108e0        0x0 /home/yhy/workspace/cccc/bochs/build/obj/main.o

.data           0x00000000c00108e0      0x15c
 *(.data .data.* .gnu.linkonce.d.*)
 .data          0x00000000c00108e0        0x0 /home/yhy/workspace/cccc/bochs/build/obj/main.o
 .data          0x00000000c00108e0        0x0 /home/yhy/workspace/cccc/bochs/build/obj/init.o
 .data          0x00000000c00108e0        0x0 /home/yhy/workspace/cccc/bochs/build/obj/interrupt.o
 .data          0x00000000c00108e0        0x0 /home/yhy/workspace/cccc/bochs/build/obj/timer.o
 .data          0x00000000c00108e0       0xc0 /home/yhy/workspace/cccc/bochs/build/obj/kernel.o
                0x00000000c00108e0                intr_entry_table
 .data          0x00000000c00109a0        0x8 /home/yhy/workspace/cccc/bochs/build/obj/print.o
 .data          0x00000000c00109a8        0x0 /home/yhy/workspace/cccc/bochs/build/obj/debug.o
 .data          0x00000000c00109a8        0x0 /home/yhy/workspace/cccc/bochs/build/obj/memory.o
 .data          0x00000000c00109a8        0x0 /home/yhy/workspace/cccc/bochs/build/obj/bitmap.o
 .data          0x00000000c00109a8        0x0 /home/yhy/workspace/cccc/bochs/build/obj/string.o
 .data          0x00000000c00109a8        0x0 /home/yhy/workspace/cccc/bochs/build/obj/thread.o
 .data          0x00000000c00109a8        0x0 /home/yhy/workspace/cccc/bochs/build/obj/list.o
 .data          0x00000000c00109a8        0x0 /home/yhy/workspace/cccc/bochs/build/obj/sync.o
 .data          0x00000000c00109a8        0x0 /home/yhy/workspace/cccc/bochs/build/obj/console.o
 *fill*         0x00000000c00109a8       0x18 
 .data          0x00000000c00109c0       0x76 /home/yhy/workspace/cccc/bochs/build/obj/keyboard.o
 .data          0x00000000c0010a36        0x0 /home/yhy/workspace/cccc/bochs/build/obj/ioqueue.o
 .data          0x00000000c0010a36        0x0 /home/yhy/workspace/cccc/bochs/build/obj/tss.o
 .data          0x00000000c0010a36        0x0 /home/yhy/workspace/cccc/bochs/build/obj/process.o
 .data          0x00000000c0010a36        0x0 /home/yhy/workspace/cccc/bochs/build/obj/syscall.o
 .data          0x00000000c0010a36        0x0 /home/yhy/workspace/cccc/bochs/build/obj/syscall-init.o
 .data          0x00000000c0010a36        0x0 /home/yhy/workspace/cccc/bochs/build/obj/stdio.o
 .data          0x00000000c0010a36        0x0 /home/yhy/workspace/cccc/bochs/build/obj/stdio-kernel.o
 .data          0x00000000c0010a36        0x0 /home/yhy/workspace/cccc/bochs/build/obj/ide.o
 .data          0x00000000c0010a36        0x0 /home/yhy/workspace/cccc/bochs/build/obj/fs.o
 .data          0x00000000c0010a36        0x0 /home/yhy/workspace/cccc/bochs/build/obj/file.o
 .data          0x00000000c0010a36        0x0 /home/yhy/workspace/cccc/bochs/build/obj/inode.o
 .data          0x00000000c0010a36        0x0 /home/yhy/workspace/cccc/bochs/build/obj/dir.o
 .data          0x00000000c0010a36        0x0 /home/yhy/workspace/cccc/bochs/build/obj/fork.o
 .data          0x00000000c0010a36        0x0 /home/yhy/workspace/cccc/bochs/build/obj/assert.o
 *fill*         0x00000000c0010a36        0x2 
 .data          0x00000000c0010a38        0x4 /home/yhy/workspace/cccc/bochs/build/obj/shell.o
                0x00000000c0010a38                argc
 .data          0x00000000c0010a3c        0x0 /home/yhy/workspace/cccc/bochs/build/obj/buildin_cmd.o
 .data          0x00000000c0010a3c        0x0 /home/yhy/workspace/cccc/bochs/build/obj/exec.o

.data1
 *(.data1)
                0x00000000c0010a3c                _edata = .
                [!provide]                        PROVIDE (edata = .)
                0x00000000c0010a3c                . = .
                0x00000000c0010a3c                __bss_start = .

.bss            0x00000000c0010a40     0x20a0
 *(.dynbss)
 *(.bss .bss.* .gnu.linkonce.b.*)
 .bss           0x00000000c0010a40        0x0 /home/yhy/workspace/cccc/bochs/build/obj/main.o
 .bss           0x00000000c0010a40        0x0 /home/yhy/workspace/cccc/bochs/build/obj/init.o
 .bss           0x00000000c0010a40      0x408 /home/yhy/workspace/cccc/bochs/build/obj/interrupt.o
 .bss           0x00000000c0010e48        0x0 /home/yhy/workspace/cccc/bochs/build/obj/timer.o
 .bss           0x00000000c0010e48        0x0 /home/yhy/workspace/cccc/bochs/build/obj/debug.o
 .bss           0x00000000c0010e48        0x0 /home/yhy/workspace/cccc/bochs/build/obj/memory.o
 .bss           0x00000000c0010e48        0x0 /home/yhy/workspace/cccc/bochs/build/obj/bitmap.o
 .bss           0x00000000c0010e48        0x0 /home/yhy/workspace/cccc/bochs/build/obj/string.o
 .bss           0x00000000c0010e48        0x6 /home/yhy/workspace/cccc/bochs/build/obj/thread.o
 .bss           0x00000000c0010e4e        0x0 /home/yhy/workspace/cccc/bochs/build/obj/list.o
 .bss           0x00000000c0010e4e        0x0 /home/yhy/workspace/cccc/bochs/build/obj/sync.o
 *fill*         0x00000000c0010e4e        0x2 
 .bss           0x00000000c0010e50       0x1c /home/yhy/workspace/cccc/bochs/build/obj/console.o
 .bss           0x00000000c0010e6c       0x14 /home/yhy/workspace/cccc/bochs/build/obj/keyboard.o
 .bss           0x00000000c0010e80        0x0 /home/yhy/workspace/cccc/bochs/build/obj/ioqueue.o
 .bss           0x00000000c0010e80       0x6c /home/yhy/workspace/cccc/bochs/build/obj/tss.o
 .bss           0x00000000c0010eec        0x0 /home/yhy/workspace/cccc/bochs/build/obj/process.o
 .bss           0x00000000c0010eec        0x0 /home/yhy/workspace/cccc/bochs/build/obj/syscall.o
 .bss           0x00000000c0010eec        0x0 /home/yhy/workspace/cccc/bochs/build/obj/syscall-init.o
 .bss           0x00000000c0010eec        0x0 /home/yhy/workspace/cccc/bochs/build/obj/stdio.o
 .bss           0x00000000c0010eec        0x0 /home/yhy/workspace/cccc/bochs/build/obj/stdio-kernel.o
 .bss           0x00000000c0010eec        0x6 /home/yhy/workspace/cccc/bochs/build/obj/ide.o
                0x00000000c0010eec                ext_lba_base
                0x00000000c0010ef0                p_no
                0x00000000c0010ef1                l_no
 .bss           0x00000000c0010ef2        0x0 /home/yhy/workspace/cccc/bochs/build/obj/fs.o
 .bss           0x00000000c0010ef2        0x0 /home/yhy/workspace/cccc/bochs/build/obj/file.o
 .bss           0x00000000c0010ef2        0x0 /home/yhy/workspace/cccc/bochs/build/obj/inode.o
 .bss           0x00000000c0010ef2        0x0 /home/yhy/workspace/cccc/bochs/build/obj/dir.o
 .bss           0x00000000c0010ef2        0x0 /home/yhy/workspace/cccc/bochs/build/obj/fork.o
 .bss           0x00000000c0010ef2        0x0 /home/yhy/workspace/cccc/bochs/build/obj/assert.o
 *fill*         0x00000000c0010ef2        0xe 
 .bss           0x00000000c0010f00      0x440 /home/yhy/workspace/cccc/bochs/build/obj/shell.o
                0x00000000c0010f00                final_path
                0x00000000c0011100                cwd_cache
 .bss           0x00000000c0011340        0x0 /home/yhy/workspace/cccc/bochs/build/obj/buildin_cmd.o
 .bss           0x00000000c0011340        0x0 /home/yhy/workspace/cccc/bochs/build/obj/exec.o
 *(COMMON)
 COMMON         0x00000000c0011340      0x424 /home/yhy/workspace/cccc/bochs/build/obj/interrupt.o
                0x00000000c0011340                intr_name
                0x00000000c0011560                idt_table
 COMMON         0x00000000c0011764        0x4 /home/yhy/workspace/cccc/bochs/build/obj/timer.o
                0x00000000c0011764                ticks
 *fill*         0x00000000c0011768       0x18 
 COMMON         0x00000000c0011780      0x12c /home/yhy/workspace/cccc/bochs/build/obj/memory.o
                0x00000000c0011780                user_pool
                0x00000000c00117c0                k_block_descs
                0x00000000c0011868                kernel_vaddr
                0x00000000c0011880                kernel_pool
 COMMON         0x00000000c00118ac       0x44 /home/yhy/workspace/cccc/bochs/build/obj/thread.o
                0x00000000c00118ac                thread_ready_list
                0x00000000c00118bc                thread_all_list
                0x00000000c00118cc                idle_thread
                0x00000000c00118d0                main_thread
                0x00000000c00118d4                pid_lock
 *fill*         0x00000000c00118f0       0x10 
 COMMON         0x00000000c0011900       0x6c /home/yhy/workspace/cccc/bochs/build/obj/keyboard.o
                0x00000000c0011900                kbd_buf
 *fill*         0x00000000c001196c       0x14 
 COMMON         0x00000000c0011980       0x80 /home/yhy/workspace/cccc/bochs/build/obj/syscall-init.o
                0x00000000c0011980                syscall_table
 COMMON         0x00000000c0011a00      0xcf0 /home/yhy/workspace/cccc/bochs/build/obj/ide.o
                0x00000000c0011a00                channel_cnt
                0x00000000c0011a20                channels
                0x00000000c00126e0                partition_list
 COMMON         0x00000000c00126f0        0x4 /home/yhy/workspace/cccc/bochs/build/obj/fs.o
                0x00000000c00126f0                cur_part
 *fill*         0x00000000c00126f4        0xc 
 COMMON         0x00000000c0012700      0x180 /home/yhy/workspace/cccc/bochs/build/obj/file.o
                0x00000000c0012700                file_table
 COMMON         0x00000000c0012880      0x208 /home/yhy/workspace/cccc/bochs/build/obj/dir.o
                0x00000000c0012880                root_dir
 *fill*         0x00000000c0012a88       0x18 
 COMMON         0x00000000c0012aa0       0x40 /home/yhy/workspace/cccc/bochs/build/obj/shell.o
                0x00000000c0012aa0                argv
                0x00000000c0012ae0                . = ALIGN ((. != 0x0)?0x4:0x1)
                0x00000000c0012ae0                . = ALIGN (0x4)
                0x00000000c0012ae0                . = SEGMENT_START ("ldata-segment", .)
                0x00000000c0012ae0                . = ALIGN (0x4)
                0x00000000c0012ae0                _end = .
                [!provide]                        PROVIDE (end = .)
                0x00000000c0012ae0                . = DATA_SEGMENT_END (.)

.stab
 *(.stab)

.stabstr
 *(.stabstr)

.stab.excl
 *(.stab.excl)

.stab.exclstr
 *(.stab.exclstr)

.stab.index
 *(.stab.index)

.stab.indexstr
 *(.stab.indexstr)

.comment        0x0000000000000000       0x2a
 *(.comment)
 .comment       0x0000000000000000       0x2a /home/yhy/workspace/cccc/bochs/build/obj/main.o
                                         0x2b (size before relaxing)
 .comment       0x000000000000002a       0x2b /home/yhy/workspace/cccc/bochs/build/obj/init.o
 .comment       0x000000000000002a       0x2b /home/yhy/workspace/cccc/bochs/build/obj/interrupt.o
 .comment       0x000000000000002a       0x2b /home/yhy/workspace/cccc/bochs/build/obj/timer.o
 .comment       0x000000000000002a       0x2b /home/yhy/workspace/cccc/bochs/build/obj/debug.o
 .comment       0x000000000000002a       0x2b /home/yhy/workspace/cccc/bochs/build/obj/memory.o
 .comment       0x000000000000002a       0x2b /home/yhy/workspace/cccc/bochs/build/obj/bitmap.o
 .comment       0x000000000000002a       0x2b /home/yhy/workspace/cccc/bochs/build/obj/string.o
 .comment       0x000000000000002a       0x2b /home/yhy/workspace/cccc/bochs/build/obj/thread.o
 .comment       0x000000000000002a       0x2b /home/yhy/workspace/cccc/bochs/build/obj/list.o
 .comment       0x000000000000002a       0x2b /home/yhy/workspace/cccc/bochs/build/obj/sync.o
 .comment       0x000000000000002a       0x2b /home/yhy/workspace/cccc/bochs/build/obj/console.o
 .comment       0x000000000000002a       0x2b /home/yhy/workspace/cccc/bochs/build/obj/keyboard.o
 .comment       0x000000000000002a       0x2b /home/yhy/workspace/cccc/bochs/build/obj/ioqueue.o
 .comment       0x000000000000002a       0x2b /home/yhy/workspace/cccc/bochs/build/obj/tss.o
 .comment       0x000000000000002a       0x2b /home/yhy/workspace/cccc/bochs/build/obj/process.o
 .comment       0x000000000000002a       0x2b /home/yhy/workspace/cccc/bochs/build/obj/syscall.o
 .comment       0x000000000000002a       0x2b /home/yhy/workspace/cccc/bochs/build/obj/syscall-init.o
 .comment       0x000000000000002a       0x2b /home/yhy/workspace/cccc/bochs/build/obj/stdio.o
 .comment       0x000000000000002a       0x2b /home/yhy/workspace/cccc/bochs/build/obj/stdio-kernel.o
 .comment       0x000000000000002a       0x2b /home/yhy/workspace/cccc/bochs/build/obj/ide.o
 .comment       0x000000000000002a       0x2b /home/yhy/workspace/cccc/bochs/build/obj/fs.o
 .comment       0x000000000000002a       0x2b /home/yhy/workspace/cccc/bochs/build/obj/file.o
 .comment       0x000000000000002a       0x2b /home/yhy/workspace/cccc/bochs/build/obj/inode.o
 .comment       0x000000000000002a       0x2b /home/yhy/workspace/cccc/bochs/build/obj/dir.o
 .comment       0x000000000000002a       0x2b /home/yhy/workspace/cccc/bochs/build/obj/fork.o
 .comment       0x000000000000002a       0x2b /home/yhy/workspace/cccc/bochs/build/obj/assert.o
 .comment       0x000000000000002a       0x2b /home/yhy/workspace/cccc/bochs/build/obj/shell.o
 .comment       0x000000000000002a       0x2b /home/yhy/workspace/cccc/bochs/build/obj/buildin_cmd.o
 .comment       0x000000000000002a       0x2b /home/yhy/workspace/cccc/bochs/build/obj/exec.o

.gnu.build.attributes
 *(.gnu.build.attributes .gnu.build.attributes.*)

.debug
 *(.debug)

.line
 *(.line)

.debug_srcinfo
 *(.debug_srcinfo)

.debug_sfnames
 *(.debug_sfnames)

.debug_aranges  0x0000000000000000      0x3c0
 *(.debug_aranges)
 .debug_aranges
                0x0000000000000000       0x20 /home/yhy/workspace/cccc/bochs/build/obj/main.o
 .debug_aranges
                0x0000000000000020       0x20 /home/yhy/workspace/cccc/bochs/build/obj/init.o
 .debug_aranges
                0x0000000000000040       0x20 /home/yhy/workspace/cccc/bochs/build/obj/interrupt.o
 .debug_aranges
                0x0000000000000060       0x20 /home/yhy/workspace/cccc/bochs/build/obj/timer.o
 .debug_aranges
                0x0000000000000080       0x20 /home/yhy/workspace/cccc/bochs/build/obj/debug.o
 .debug_aranges
                0x00000000000000a0       0x20 /home/yhy/workspace/cccc/bochs/build/obj/memory.o
 .debug_aranges
                0x00000000000000c0       0x20 /home/yhy/workspace/cccc/bochs/build/obj/bitmap.o
 .debug_aranges
                0x00000000000000e0       0x20 /home/yhy/workspace/cccc/bochs/build/obj/string.o
 .debug_aranges
                0x0000000000000100       0x20 /home/yhy/workspace/cccc/bochs/build/obj/thread.o
 .debug_aranges
                0x0000000000000120       0x20 /home/yhy/workspace/cccc/bochs/build/obj/list.o
 .debug_aranges
                0x0000000000000140       0x20 /home/yhy/workspace/cccc/bochs/build/obj/sync.o
 .debug_aranges
                0x0000000000000160       0x20 /home/yhy/workspace/cccc/bochs/build/obj/console.o
 .debug_aranges
                0x0000000000000180       0x20 /home/yhy/workspace/cccc/bochs/build/obj/keyboard.o
 .debug_aranges
                0x00000000000001a0       0x20 /home/yhy/workspace/cccc/bochs/build/obj/ioqueue.o
 .debug_aranges
                0x00000000000001c0       0x20 /home/yhy/workspace/cccc/bochs/build/obj/tss.o
 .debug_aranges
                0x00000000000001e0       0x20 /home/yhy/workspace/cccc/bochs/build/obj/process.o
 .debug_aranges
                0x0000000000000200       0x20 /home/yhy/workspace/cccc/bochs/build/obj/syscall.o
 .debug_aranges
                0x0000000000000220       0x20 /home/yhy/workspace/cccc/bochs/build/obj/syscall-init.o
 .debug_aranges
                0x0000000000000240       0x20 /home/yhy/workspace/cccc/bochs/build/obj/stdio.o
 .debug_aranges
                0x0000000000000260       0x20 /home/yhy/workspace/cccc/bochs/build/obj/stdio-kernel.o
 .debug_aranges
                0x0000000000000280       0x20 /home/yhy/workspace/cccc/bochs/build/obj/ide.o
 .debug_aranges
                0x00000000000002a0       0x20 /home/yhy/workspace/cccc/bochs/build/obj/fs.o
 .debug_aranges
                0x00000000000002c0       0x20 /home/yhy/workspace/cccc/bochs/build/obj/file.o
 .debug_aranges
                0x00000000000002e0       0x20 /home/yhy/workspace/cccc/bochs/build/obj/inode.o
 .debug_aranges
                0x0000000000000300       0x20 /home/yhy/workspace/cccc/bochs/build/obj/dir.o
 .debug_aranges
                0x0000000000000320       0x20 /home/yhy/workspace/cccc/bochs/build/obj/fork.o
 .debug_aranges
                0x0000000000000340       0x20 /home/yhy/workspace/cccc/bochs/build/obj/assert.o
 .debug_aranges
                0x0000000000000360       0x20 /home/yhy/workspace/cccc/bochs/build/obj/shell.o
 .debug_aranges
                0x0000000000000380       0x20 /home/yhy/workspace/cccc/bochs/build/obj/buildin_cmd.o
 .debug_aranges
                0x00000000000003a0       0x20 /home/yhy/workspace/cccc/bochs/build/obj/exec.o

.debug_pubnames
                0x0000000000000000      0xe4e
 *(.debug_pubnames)
 .debug_pubnames
                0x0000000000000000       0x24 /home/yhy/workspace/cccc/bochs/build/obj/main.o
 .debug_pubnames
                0x0000000000000024       0x1f /home/yhy/workspace/cccc/bochs/build/obj/init.o
 .debug_pubnames
                0x0000000000000043       0x99 /home/yhy/workspace/cccc/bochs/build/obj/interrupt.o
 .debug_pubnames
                0x00000000000000dc       0x3b /home/yhy/workspace/cccc/bochs/build/obj/timer.o
 .debug_pubnames
                0x0000000000000117       0x21 /home/yhy/workspace/cccc/bochs/build/obj/debug.o
 .debug_pubnames
                0x0000000000000138      0x13a /home/yhy/workspace/cccc/bochs/build/obj/memory.o
 .debug_pubnames
                0x0000000000000272       0x56 /home/yhy/workspace/cccc/bochs/build/obj/bitmap.o
 .debug_pubnames
                0x00000000000002c8       0x82 /home/yhy/workspace/cccc/bochs/build/obj/string.o
 .debug_pubnames
                0x000000000000034a      0x119 /home/yhy/workspace/cccc/bochs/build/obj/thread.o
 .debug_pubnames
                0x0000000000000463       0xaf /home/yhy/workspace/cccc/bochs/build/obj/list.o
 .debug_pubnames
                0x0000000000000512       0x6a /home/yhy/workspace/cccc/bochs/build/obj/sync.o
 .debug_pubnames
                0x000000000000057c       0x88 /home/yhy/workspace/cccc/bochs/build/obj/console.o
 .debug_pubnames
                0x0000000000000604       0x30 /home/yhy/workspace/cccc/bochs/build/obj/keyboard.o
 .debug_pubnames
                0x0000000000000634       0x5e /home/yhy/workspace/cccc/bochs/build/obj/ioqueue.o
 .debug_pubnames
                0x0000000000000692       0x32 /home/yhy/workspace/cccc/bochs/build/obj/tss.o
 .debug_pubnames
                0x00000000000006c4       0x94 /home/yhy/workspace/cccc/bochs/build/obj/process.o
 .debug_pubnames
                0x0000000000000758      0x101 /home/yhy/workspace/cccc/bochs/build/obj/syscall.o
 .debug_pubnames
                0x0000000000000859       0x44 /home/yhy/workspace/cccc/bochs/build/obj/syscall-init.o
 .debug_pubnames
                0x000000000000089d       0x36 /home/yhy/workspace/cccc/bochs/build/obj/stdio.o
 .debug_pubnames
                0x00000000000008d3       0x1d /home/yhy/workspace/cccc/bochs/build/obj/stdio-kernel.o
 .debug_pubnames
                0x00000000000008f0       0xa1 /home/yhy/workspace/cccc/bochs/build/obj/ide.o
 .debug_pubnames
                0x0000000000000991      0x13e /home/yhy/workspace/cccc/bochs/build/obj/fs.o
 .debug_pubnames
                0x0000000000000acf       0xd8 /home/yhy/workspace/cccc/bochs/build/obj/file.o
 .debug_pubnames
                0x0000000000000ba7       0x72 /home/yhy/workspace/cccc/bochs/build/obj/inode.o
 .debug_pubnames
                0x0000000000000c19       0xcb /home/yhy/workspace/cccc/bochs/build/obj/dir.o
 .debug_pubnames
                0x0000000000000ce4       0x1f /home/yhy/workspace/cccc/bochs/build/obj/fork.o
 .debug_pubnames
                0x0000000000000d03       0x20 /home/yhy/workspace/cccc/bochs/build/obj/assert.o
 .debug_pubnames
                0x0000000000000d23       0x5f /home/yhy/workspace/cccc/bochs/build/obj/shell.o
 .debug_pubnames
                0x0000000000000d82       0xac /home/yhy/workspace/cccc/bochs/build/obj/buildin_cmd.o
 .debug_pubnames
                0x0000000000000e2e       0x20 /home/yhy/workspace/cccc/bochs/build/obj/exec.o

.debug_info     0x0000000000000000     0xbfb0
 *(.debug_info .gnu.linkonce.wi.*)
 .debug_info    0x0000000000000000      0x5e2 /home/yhy/workspace/cccc/bochs/build/obj/main.o
 .debug_info    0x00000000000005e2       0x79 /home/yhy/workspace/cccc/bochs/build/obj/init.o
 .debug_info    0x000000000000065b      0x3c6 /home/yhy/workspace/cccc/bochs/build/obj/interrupt.o
 .debug_info    0x0000000000000a21      0x483 /home/yhy/workspace/cccc/bochs/build/obj/timer.o
 .debug_info    0x0000000000000ea4       0xc4 /home/yhy/workspace/cccc/bochs/build/obj/debug.o
 .debug_info    0x0000000000000f68      0xdb7 /home/yhy/workspace/cccc/bochs/build/obj/memory.o
 .debug_info    0x0000000000001d1f      0x270 /home/yhy/workspace/cccc/bochs/build/obj/bitmap.o
 .debug_info    0x0000000000001f8f      0x388 /home/yhy/workspace/cccc/bochs/build/obj/string.o
 .debug_info    0x0000000000002317      0x940 /home/yhy/workspace/cccc/bochs/build/obj/thread.o
 .debug_info    0x0000000000002c57      0x358 /home/yhy/workspace/cccc/bochs/build/obj/list.o
 .debug_info    0x0000000000002faf      0x51c /home/yhy/workspace/cccc/bochs/build/obj/sync.o
 .debug_info    0x00000000000034cb      0x40f /home/yhy/workspace/cccc/bochs/build/obj/console.o
 .debug_info    0x00000000000038da      0x541 /home/yhy/workspace/cccc/bochs/build/obj/keyboard.o
 .debug_info    0x0000000000003e1b      0x5fe /home/yhy/workspace/cccc/bochs/build/obj/ioqueue.o
 .debug_info    0x0000000000004419      0x5c5 /home/yhy/workspace/cccc/bochs/build/obj/tss.o
 .debug_info    0x00000000000049de      0x600 /home/yhy/workspace/cccc/bochs/build/obj/process.o
 .debug_info    0x0000000000004fde      0x81d /home/yhy/workspace/cccc/bochs/build/obj/syscall.o
 .debug_info    0x00000000000057fb      0x163 /home/yhy/workspace/cccc/bochs/build/obj/syscall-init.o
 .debug_info    0x000000000000595e      0x23d /home/yhy/workspace/cccc/bochs/build/obj/stdio.o
 .debug_info    0x0000000000005b9b       0xd7 /home/yhy/workspace/cccc/bochs/build/obj/stdio-kernel.o
 .debug_info    0x0000000000005c72      0xd83 /home/yhy/workspace/cccc/bochs/build/obj/ide.o
 .debug_info    0x00000000000069f5     0x1756 /home/yhy/workspace/cccc/bochs/build/obj/fs.o
 .debug_info    0x000000000000814b      0xd57 /home/yhy/workspace/cccc/bochs/build/obj/file.o
 .debug_info    0x0000000000008ea2      0xa92 /home/yhy/workspace/cccc/bochs/build/obj/inode.o
 .debug_info    0x0000000000009934      0xd0e /home/yhy/workspace/cccc/bochs/build/obj/dir.o
 .debug_info    0x000000000000a642      0x7b7 /home/yhy/workspace/cccc/bochs/build/obj/fork.o
 .debug_info    0x000000000000adf9       0xc4 /home/yhy/workspace/cccc/bochs/build/obj/assert.o
 .debug_info    0x000000000000aebd      0x30f /home/yhy/workspace/cccc/bochs/build/obj/shell.o
 .debug_info    0x000000000000b1cc      0x5b3 /home/yhy/workspace/cccc/bochs/build/obj/buildin_cmd.o
 .debug_info    0x000000000000b77f      0x831 /home/yhy/workspace/cccc/bochs/build/obj/exec.o

.debug_abbrev   0x0000000000000000     0x23c8
 *(.debug_abbrev)
 .debug_abbrev  0x0000000000000000      0x135 /home/yhy/workspace/cccc/bochs/build/obj/main.o
 .debug_abbrev  0x0000000000000135       0x46 /home/yhy/workspace/cccc/bochs/build/obj/init.o
 .debug_abbrev  0x000000000000017b      0x146 /home/yhy/workspace/cccc/bochs/build/obj/interrupt.o
 .debug_abbrev  0x00000000000002c1      0x140 /home/yhy/workspace/cccc/bochs/build/obj/timer.o
 .debug_abbrev  0x0000000000000401       0x5e /home/yhy/workspace/cccc/bochs/build/obj/debug.o
 .debug_abbrev  0x000000000000045f      0x206 /home/yhy/workspace/cccc/bochs/build/obj/memory.o
 .debug_abbrev  0x0000000000000665       0xe8 /home/yhy/workspace/cccc/bochs/build/obj/bitmap.o
 .debug_abbrev  0x000000000000074d       0xd4 /home/yhy/workspace/cccc/bochs/build/obj/string.o
 .debug_abbrev  0x0000000000000821      0x1d3 /home/yhy/workspace/cccc/bochs/build/obj/thread.o
 .debug_abbrev  0x00000000000009f4       0xfa /home/yhy/workspace/cccc/bochs/build/obj/list.o
 .debug_abbrev  0x0000000000000aee       0xff /home/yhy/workspace/cccc/bochs/build/obj/sync.o
 .debug_abbrev  0x0000000000000bed      0x106 /home/yhy/workspace/cccc/bochs/build/obj/console.o
 .debug_abbrev  0x0000000000000cf3      0x12d /home/yhy/workspace/cccc/bochs/build/obj/keyboard.o
 .debug_abbrev  0x0000000000000e20      0x14a /home/yhy/workspace/cccc/bochs/build/obj/ioqueue.o
 .debug_abbrev  0x0000000000000f6a      0x120 /home/yhy/workspace/cccc/bochs/build/obj/tss.o
 .debug_abbrev  0x000000000000108a      0x13d /home/yhy/workspace/cccc/bochs/build/obj/process.o
 .debug_abbrev  0x00000000000011c7      0x11f /home/yhy/workspace/cccc/bochs/build/obj/syscall.o
 .debug_abbrev  0x00000000000012e6       0xac /home/yhy/workspace/cccc/bochs/build/obj/syscall-init.o
 .debug_abbrev  0x0000000000001392       0xcd /home/yhy/workspace/cccc/bochs/build/obj/stdio.o
 .debug_abbrev  0x000000000000145f       0xa9 /home/yhy/workspace/cccc/bochs/build/obj/stdio-kernel.o
 .debug_abbrev  0x0000000000001508      0x20e /home/yhy/workspace/cccc/bochs/build/obj/ide.o
 .debug_abbrev  0x0000000000001716      0x231 /home/yhy/workspace/cccc/bochs/build/obj/fs.o
 .debug_abbrev  0x0000000000001947      0x1cf /home/yhy/workspace/cccc/bochs/build/obj/file.o
 .debug_abbrev  0x0000000000001b16      0x15d /home/yhy/workspace/cccc/bochs/build/obj/inode.o
 .debug_abbrev  0x0000000000001c73      0x1c4 /home/yhy/workspace/cccc/bochs/build/obj/dir.o
 .debug_abbrev  0x0000000000001e37      0x143 /home/yhy/workspace/cccc/bochs/build/obj/fork.o
 .debug_abbrev  0x0000000000001f7a       0x5e /home/yhy/workspace/cccc/bochs/build/obj/assert.o
 .debug_abbrev  0x0000000000001fd8      0x15a /home/yhy/workspace/cccc/bochs/build/obj/shell.o
 .debug_abbrev  0x0000000000002132      0x147 /home/yhy/workspace/cccc/bochs/build/obj/buildin_cmd.o
 .debug_abbrev  0x0000000000002279      0x14f /home/yhy/workspace/cccc/bochs/build/obj/exec.o

.debug_line     0x0000000000000000     0x3381
 *(.debug_line .debug_line.* .debug_line_end)
 .debug_line    0x0000000000000000      0x1a1 /home/yhy/workspace/cccc/bochs/build/obj/main.o
 .debug_line    0x00000000000001a1       0x6d /home/yhy/workspace/cccc/bochs/build/obj/init.o
 .debug_line    0x000000000000020e      0x168 /home/yhy/workspace/cccc/bochs/build/obj/interrupt.o
 .debug_line    0x0000000000000376      0x17e /home/yhy/workspace/cccc/bochs/build/obj/timer.o
 .debug_line    0x00000000000004f4       0x70 /home/yhy/workspace/cccc/bochs/build/obj/debug.o
 .debug_line    0x0000000000000564      0x2f1 /home/yhy/workspace/cccc/bochs/build/obj/memory.o
 .debug_line    0x0000000000000855       0xe5 /home/yhy/workspace/cccc/bochs/build/obj/bitmap.o
 .debug_line    0x000000000000093a       0xc1 /home/yhy/workspace/cccc/bochs/build/obj/string.o
 .debug_line    0x00000000000009fb      0x267 /home/yhy/workspace/cccc/bochs/build/obj/thread.o
 .debug_line    0x0000000000000c62      0x119 /home/yhy/workspace/cccc/bochs/build/obj/list.o
 .debug_line    0x0000000000000d7b      0x17c /home/yhy/workspace/cccc/bochs/build/obj/sync.o
 .debug_line    0x0000000000000ef7      0x167 /home/yhy/workspace/cccc/bochs/build/obj/console.o
 .debug_line    0x000000000000105e      0x1ea /home/yhy/workspace/cccc/bochs/build/obj/keyboard.o
 .debug_line    0x0000000000001248      0x1b1 /home/yhy/workspace/cccc/bochs/build/obj/ioqueue.o
 .debug_line    0x00000000000013f9      0x173 /home/yhy/workspace/cccc/bochs/build/obj/tss.o
 .debug_line    0x000000000000156c      0x1a5 /home/yhy/workspace/cccc/bochs/build/obj/process.o
 .debug_line    0x0000000000001711      0x15d /home/yhy/workspace/cccc/bochs/build/obj/syscall.o
 .debug_line    0x000000000000186e       0xf3 /home/yhy/workspace/cccc/bochs/build/obj/syscall-init.o
 .debug_line    0x0000000000001961       0xbf /home/yhy/workspace/cccc/bochs/build/obj/stdio.o
 .debug_line    0x0000000000001a20       0xa0 /home/yhy/workspace/cccc/bochs/build/obj/stdio-kernel.o
 .debug_line    0x0000000000001ac0      0x2b6 /home/yhy/workspace/cccc/bochs/build/obj/ide.o
 .debug_line    0x0000000000001d76      0x4fc /home/yhy/workspace/cccc/bochs/build/obj/fs.o
 .debug_line    0x0000000000002272      0x384 /home/yhy/workspace/cccc/bochs/build/obj/file.o
 .debug_line    0x00000000000025f6      0x27b /home/yhy/workspace/cccc/bochs/build/obj/inode.o
 .debug_line    0x0000000000002871      0x34b /home/yhy/workspace/cccc/bochs/build/obj/dir.o
 .debug_line    0x0000000000002bbc      0x218 /home/yhy/workspace/cccc/bochs/build/obj/fork.o
 .debug_line    0x0000000000002dd4       0x66 /home/yhy/workspace/cccc/bochs/build/obj/assert.o
 .debug_line    0x0000000000002e3a      0x15c /home/yhy/workspace/cccc/bochs/build/obj/shell.o
 .debug_line    0x0000000000002f96      0x20a /home/yhy/workspace/cccc/bochs/build/obj/buildin_cmd.o
 .debug_line    0x00000000000031a0      0x1e1 /home/yhy/workspace/cccc/bochs/build/obj/exec.o

.debug_frame    0x0000000000000000     0x19f8
 *(.debug_frame)
 .debug_frame   0x0000000000000000       0x44 /home/yhy/workspace/cccc/bochs/build/obj/main.o
 .debug_frame   0x0000000000000044       0x2c /home/yhy/workspace/cccc/bochs/build/obj/init.o
 .debug_frame   0x0000000000000070      0x13c /home/yhy/workspace/cccc/bochs/build/obj/interrupt.o
 .debug_frame   0x00000000000001ac       0xac /home/yhy/workspace/cccc/bochs/build/obj/timer.o
 .debug_frame   0x0000000000000258       0x2c /home/yhy/workspace/cccc/bochs/build/obj/debug.o
 .debug_frame   0x0000000000000284      0x224 /home/yhy/workspace/cccc/bochs/build/obj/memory.o
 .debug_frame   0x00000000000004a8       0x88 /home/yhy/workspace/cccc/bochs/build/obj/bitmap.o
 .debug_frame   0x0000000000000530      0x104 /home/yhy/workspace/cccc/bochs/build/obj/string.o
 .debug_frame   0x0000000000000634      0x1ac /home/yhy/workspace/cccc/bochs/build/obj/thread.o
 .debug_frame   0x00000000000007e0      0x104 /home/yhy/workspace/cccc/bochs/build/obj/list.o
 .debug_frame   0x00000000000008e4       0xac /home/yhy/workspace/cccc/bochs/build/obj/sync.o
 .debug_frame   0x0000000000000990       0xa4 /home/yhy/workspace/cccc/bochs/build/obj/console.o
 .debug_frame   0x0000000000000a34       0x5c /home/yhy/workspace/cccc/bochs/build/obj/keyboard.o
 .debug_frame   0x0000000000000a90       0xd4 /home/yhy/workspace/cccc/bochs/build/obj/ioqueue.o
 .debug_frame   0x0000000000000b64       0x60 /home/yhy/workspace/cccc/bochs/build/obj/tss.o
 .debug_frame   0x0000000000000bc4       0xa4 /home/yhy/workspace/cccc/bochs/build/obj/process.o
 .debug_frame   0x0000000000000c68      0x288 /home/yhy/workspace/cccc/bochs/build/obj/syscall.o
 .debug_frame   0x0000000000000ef0       0x44 /home/yhy/workspace/cccc/bochs/build/obj/syscall-init.o
 .debug_frame   0x0000000000000f34       0x80 /home/yhy/workspace/cccc/bochs/build/obj/stdio.o
 .debug_frame   0x0000000000000fb4       0x34 /home/yhy/workspace/cccc/bochs/build/obj/stdio-kernel.o
 .debug_frame   0x0000000000000fe8      0x1d4 /home/yhy/workspace/cccc/bochs/build/obj/ide.o
 .debug_frame   0x00000000000011bc      0x298 /home/yhy/workspace/cccc/bochs/build/obj/fs.o
 .debug_frame   0x0000000000001454      0x10c /home/yhy/workspace/cccc/bochs/build/obj/file.o
 .debug_frame   0x0000000000001560       0xc4 /home/yhy/workspace/cccc/bochs/build/obj/inode.o
 .debug_frame   0x0000000000001624      0x11c /home/yhy/workspace/cccc/bochs/build/obj/dir.o
 .debug_frame   0x0000000000001740       0xa8 /home/yhy/workspace/cccc/bochs/build/obj/fork.o
 .debug_frame   0x00000000000017e8       0x2c /home/yhy/workspace/cccc/bochs/build/obj/assert.o
 .debug_frame   0x0000000000001814       0x74 /home/yhy/workspace/cccc/bochs/build/obj/shell.o
 .debug_frame   0x0000000000001888      0x114 /home/yhy/workspace/cccc/bochs/build/obj/buildin_cmd.o
 .debug_frame   0x000000000000199c       0x5c /home/yhy/workspace/cccc/bochs/build/obj/exec.o

.debug_str      0x0000000000000000     0x2642
 *(.debug_str)
 .debug_str     0x0000000000000000      0x34a /home/yhy/workspace/cccc/bochs/build/obj/main.o
                                        0x3d1 (size before relaxing)
 .debug_str     0x000000000000034a       0x3a /home/yhy/workspace/cccc/bochs/build/obj/init.o
                                         0xb4 (size before relaxing)
 .debug_str     0x0000000000000384      0x1e1 /home/yhy/workspace/cccc/bochs/build/obj/interrupt.o
                                        0x28e (size before relaxing)
 .debug_str     0x0000000000000565       0xd8 /home/yhy/workspace/cccc/bochs/build/obj/timer.o
                                        0x331 (size before relaxing)
 .debug_str     0x000000000000063d       0x50 /home/yhy/workspace/cccc/bochs/build/obj/debug.o
                                         0xd4 (size before relaxing)
 .debug_str     0x000000000000068d      0x2cd /home/yhy/workspace/cccc/bochs/build/obj/memory.o
                                        0x5cc (size before relaxing)
 .debug_str     0x000000000000095a       0x9f /home/yhy/workspace/cccc/bochs/build/obj/bitmap.o
                                        0x17c (size before relaxing)
 .debug_str     0x00000000000009f9       0x93 /home/yhy/workspace/cccc/bochs/build/obj/string.o
                                        0x130 (size before relaxing)
 .debug_str     0x0000000000000a8c      0x1dd /home/yhy/workspace/cccc/bochs/build/obj/thread.o
                                        0x4c2 (size before relaxing)
 .debug_str     0x0000000000000c69       0xb9 /home/yhy/workspace/cccc/bochs/build/obj/list.o
                                        0x1a9 (size before relaxing)
 .debug_str     0x0000000000000d22       0x8c /home/yhy/workspace/cccc/bochs/build/obj/sync.o
                                        0x32a (size before relaxing)
 .debug_str     0x0000000000000dae       0xa9 /home/yhy/workspace/cccc/bochs/build/obj/console.o
                                        0x316 (size before relaxing)
 .debug_str     0x0000000000000e57      0x116 /home/yhy/workspace/cccc/bochs/build/obj/keyboard.o
                                        0x3a5 (size before relaxing)
 .debug_str     0x0000000000000f6d       0x8c /home/yhy/workspace/cccc/bochs/build/obj/ioqueue.o
                                        0x33e (size before relaxing)
 .debug_str     0x0000000000000ff9      0x10d /home/yhy/workspace/cccc/bochs/build/obj/tss.o
                                        0x384 (size before relaxing)
 .debug_str     0x0000000000001106      0x131 /home/yhy/workspace/cccc/bochs/build/obj/process.o
                                        0x3f9 (size before relaxing)
 .debug_str     0x0000000000001237      0x184 /home/yhy/workspace/cccc/bochs/build/obj/syscall.o
                                        0x2fb (size before relaxing)
 .debug_str     0x00000000000013bb       0x69 /home/yhy/workspace/cccc/bochs/build/obj/syscall-init.o
                                        0x1e6 (size before relaxing)
 .debug_str     0x0000000000001424       0x84 /home/yhy/workspace/cccc/bochs/build/obj/stdio.o
                                        0x13f (size before relaxing)
 .debug_str     0x00000000000014a8       0x40 /home/yhy/workspace/cccc/bochs/build/obj/stdio-kernel.o
                                         0xce (size before relaxing)
 .debug_str     0x00000000000014e8      0x23b /home/yhy/workspace/cccc/bochs/build/obj/ide.o
                                        0x5c2 (size before relaxing)
 .debug_str     0x0000000000001723      0x57d /home/yhy/workspace/cccc/bochs/build/obj/fs.o
                                        0xa74 (size before relaxing)
 .debug_str     0x0000000000001ca0      0x1e5 /home/yhy/workspace/cccc/bochs/build/obj/file.o
                                        0x7cc (size before relaxing)
 .debug_str     0x0000000000001e85      0x113 /home/yhy/workspace/cccc/bochs/build/obj/inode.o
                                        0x610 (size before relaxing)
 .debug_str     0x0000000000001f98      0x13c /home/yhy/workspace/cccc/bochs/build/obj/dir.o
                                        0x6a3 (size before relaxing)
 .debug_str     0x00000000000020d4      0x154 /home/yhy/workspace/cccc/bochs/build/obj/fork.o
                                        0x4c6 (size before relaxing)
 .debug_str     0x0000000000002228       0x3f /home/yhy/workspace/cccc/bochs/build/obj/assert.o
                                         0xd6 (size before relaxing)
 .debug_str     0x0000000000002267       0x9d /home/yhy/workspace/cccc/bochs/build/obj/shell.o
                                        0x1b3 (size before relaxing)
 .debug_str     0x0000000000002304      0x11f /home/yhy/workspace/cccc/bochs/build/obj/buildin_cmd.o
                                        0x2d6 (size before relaxing)
 .debug_str     0x0000000000002423      0x21f /home/yhy/workspace/cccc/bochs/build/obj/exec.o
                                        0x54c (size before relaxing)

.debug_loc      0x0000000000000000     0x296c
 *(.debug_loc)
 .debug_loc     0x0000000000000000       0x58 /home/yhy/workspace/cccc/bochs/build/obj/main.o
 .debug_loc     0x0000000000000058       0x2c /home/yhy/workspace/cccc/bochs/build/obj/init.o
 .debug_loc     0x0000000000000084      0x210 /home/yhy/workspace/cccc/bochs/build/obj/interrupt.o
 .debug_loc     0x0000000000000294      0x108 /home/yhy/workspace/cccc/bochs/build/obj/timer.o
 .debug_loc     0x000000000000039c       0x2c /home/yhy/workspace/cccc/bochs/build/obj/debug.o
 .debug_loc     0x00000000000003c8      0x3c8 /home/yhy/workspace/cccc/bochs/build/obj/memory.o
 .debug_loc     0x0000000000000790       0xb0 /home/yhy/workspace/cccc/bochs/build/obj/bitmap.o
 .debug_loc     0x0000000000000840      0x1b8 /home/yhy/workspace/cccc/bochs/build/obj/string.o
 .debug_loc     0x00000000000009f8      0x2ec /home/yhy/workspace/cccc/bochs/build/obj/thread.o
 .debug_loc     0x0000000000000ce4      0x1b8 /home/yhy/workspace/cccc/bochs/build/obj/list.o
 .debug_loc     0x0000000000000e9c      0x108 /home/yhy/workspace/cccc/bochs/build/obj/sync.o
 .debug_loc     0x0000000000000fa4      0x108 /home/yhy/workspace/cccc/bochs/build/obj/console.o
 .debug_loc     0x00000000000010ac       0x84 /home/yhy/workspace/cccc/bochs/build/obj/keyboard.o
 .debug_loc     0x0000000000001130      0x160 /home/yhy/workspace/cccc/bochs/build/obj/ioqueue.o
 .debug_loc     0x0000000000001290       0x84 /home/yhy/workspace/cccc/bochs/build/obj/tss.o
 .debug_loc     0x0000000000001314      0x108 /home/yhy/workspace/cccc/bochs/build/obj/process.o
 .debug_loc     0x000000000000141c      0x3f4 /home/yhy/workspace/cccc/bochs/build/obj/syscall.o
 .debug_loc     0x0000000000001810       0x58 /home/yhy/workspace/cccc/bochs/build/obj/syscall-init.o
 .debug_loc     0x0000000000001868       0xb0 /home/yhy/workspace/cccc/bochs/build/obj/stdio.o
 .debug_loc     0x0000000000001918       0x2c /home/yhy/workspace/cccc/bochs/build/obj/stdio-kernel.o
 .debug_loc     0x0000000000001944      0x318 /home/yhy/workspace/cccc/bochs/build/obj/ide.o
 .debug_loc     0x0000000000001c5c      0x44c /home/yhy/workspace/cccc/bochs/build/obj/fs.o
 .debug_loc     0x00000000000020a8      0x1b8 /home/yhy/workspace/cccc/bochs/build/obj/file.o
 .debug_loc     0x0000000000002260      0x134 /home/yhy/workspace/cccc/bochs/build/obj/inode.o
 .debug_loc     0x0000000000002394      0x1b8 /home/yhy/workspace/cccc/bochs/build/obj/dir.o
 .debug_loc     0x000000000000254c      0x108 /home/yhy/workspace/cccc/bochs/build/obj/fork.o
 .debug_loc     0x0000000000002654       0x2c /home/yhy/workspace/cccc/bochs/build/obj/assert.o
 .debug_loc     0x0000000000002680       0xb0 /home/yhy/workspace/cccc/bochs/build/obj/shell.o
 .debug_loc     0x0000000000002730      0x1b8 /home/yhy/workspace/cccc/bochs/build/obj/buildin_cmd.o
 .debug_loc     0x00000000000028e8       0x84 /home/yhy/workspace/cccc/bochs/build/obj/exec.o

.debug_macinfo
 *(.debug_macinfo)

.debug_weaknames
 *(.debug_weaknames)

.debug_funcnames
 *(.debug_funcnames)

.debug_typenames
 *(.debug_typenames)

.debug_varnames
 *(.debug_varnames)

.debug_pubtypes
 *(.debug_pubtypes)

.debug_ranges   0x0000000000000000       0x68
 *(.debug_ranges)
 .debug_ranges  0x0000000000000000       0x30 /home/yhy/workspace/cccc/bochs/build/obj/keyboard.o
 .debug_ranges  0x0000000000000030       0x38 /home/yhy/workspace/cccc/bochs/build/obj/dir.o

.debug_macro
 *(.debug_macro)

.debug_addr
 *(.debug_addr)

.gnu.attributes
 *(.gnu.attributes)

/DISCARD/
 *(.note.GNU-stack)
 *(.gnu_debuglink)
 *(.gnu.lto_*)
OUTPUT(/home/yhy/workspace/cccc/bochs/build/obj/kernel.bin elf32-i386)
