
Allocating common symbols
Common symbol       size              file

kbd_buf             0x6c              /home/yhy/workspace/cccc/bochs/build/obj/keyboard.o
thread_ready_list   0x10              /home/yhy/workspace/cccc/bochs/build/obj/thread.o
thread_all_list     0x10              /home/yhy/workspace/cccc/bochs/build/obj/thread.o
user_pool           0x2c              /home/yhy/workspace/cccc/bochs/build/obj/memory.o
channel_cnt         0x1               /home/yhy/workspace/cccc/bochs/build/obj/ide.o
k_block_descs       0xa8              /home/yhy/workspace/cccc/bochs/build/obj/memory.o
idle_thread         0x4               /home/yhy/workspace/cccc/bochs/build/obj/thread.o
intr_name           0x204             /home/yhy/workspace/cccc/bochs/build/obj/interrupt.o
main_thread         0x4               /home/yhy/workspace/cccc/bochs/build/obj/thread.o
channels            0xcc0             /home/yhy/workspace/cccc/bochs/build/obj/ide.o
ticks               0x4               /home/yhy/workspace/cccc/bochs/build/obj/timer.o
kernel_vaddr        0xc               /home/yhy/workspace/cccc/bochs/build/obj/memory.o
syscall_table       0x80              /home/yhy/workspace/cccc/bochs/build/obj/syscall-init.o
idt_table           0x204             /home/yhy/workspace/cccc/bochs/build/obj/interrupt.o
partition_list      0x10              /home/yhy/workspace/cccc/bochs/build/obj/ide.o
kernel_pool         0x2c              /home/yhy/workspace/cccc/bochs/build/obj/memory.o
pid_lock            0x1c              /home/yhy/workspace/cccc/bochs/build/obj/thread.o

Discarded input sections

 .note.GNU-stack
                0x0000000000000000        0x0 /home/yhy/workspace/cccc/bochs/build/obj/main.o
 .note.GNU-stack
                0x0000000000000000        0x0 /home/yhy/workspace/cccc/bochs/build/obj/init.o
 .note.GNU-stack
                0x0000000000000000        0x0 /home/yhy/workspace/cccc/bochs/build/obj/interrupt.o
 .note.GNU-stack
                0x0000000000000000        0x0 /home/yhy/workspace/cccc/bochs/build/obj/timer.o
 .note.GNU-stack
                0x0000000000000000        0x0 /home/yhy/workspace/cccc/bochs/build/obj/debug.o
 .note.GNU-stack
                0x0000000000000000        0x0 /home/yhy/workspace/cccc/bochs/build/obj/memory.o
 .note.GNU-stack
                0x0000000000000000        0x0 /home/yhy/workspace/cccc/bochs/build/obj/bitmap.o
 .note.GNU-stack
                0x0000000000000000        0x0 /home/yhy/workspace/cccc/bochs/build/obj/string.o
 .note.GNU-stack
                0x0000000000000000        0x0 /home/yhy/workspace/cccc/bochs/build/obj/thread.o
 .note.GNU-stack
                0x0000000000000000        0x0 /home/yhy/workspace/cccc/bochs/build/obj/list.o
 .note.GNU-stack
                0x0000000000000000        0x0 /home/yhy/workspace/cccc/bochs/build/obj/sync.o
 .note.GNU-stack
                0x0000000000000000        0x0 /home/yhy/workspace/cccc/bochs/build/obj/console.o
 .note.GNU-stack
                0x0000000000000000        0x0 /home/yhy/workspace/cccc/bochs/build/obj/keyboard.o
 .note.GNU-stack
                0x0000000000000000        0x0 /home/yhy/workspace/cccc/bochs/build/obj/ioqueue.o
 .note.GNU-stack
                0x0000000000000000        0x0 /home/yhy/workspace/cccc/bochs/build/obj/tss.o
 .note.GNU-stack
                0x0000000000000000        0x0 /home/yhy/workspace/cccc/bochs/build/obj/process.o
 .note.GNU-stack
                0x0000000000000000        0x0 /home/yhy/workspace/cccc/bochs/build/obj/syscall.o
 .note.GNU-stack
                0x0000000000000000        0x0 /home/yhy/workspace/cccc/bochs/build/obj/syscall-init.o
 .note.GNU-stack
                0x0000000000000000        0x0 /home/yhy/workspace/cccc/bochs/build/obj/stdio.o
 .note.GNU-stack
                0x0000000000000000        0x0 /home/yhy/workspace/cccc/bochs/build/obj/stdio-kernel.o
 .note.GNU-stack
                0x0000000000000000        0x0 /home/yhy/workspace/cccc/bochs/build/obj/ide.o

Memory Configuration

Name             Origin             Length             Attributes
*default*        0x0000000000000000 0xffffffffffffffff

Linker script and memory map

Address of section .text set to 0xc0001500
LOAD /home/yhy/workspace/cccc/bochs/build/obj/main.o
LOAD /home/yhy/workspace/cccc/bochs/build/obj/init.o
LOAD /home/yhy/workspace/cccc/bochs/build/obj/interrupt.o
LOAD /home/yhy/workspace/cccc/bochs/build/obj/timer.o
LOAD /home/yhy/workspace/cccc/bochs/build/obj/kernel.o
LOAD /home/yhy/workspace/cccc/bochs/build/obj/print.o
LOAD /home/yhy/workspace/cccc/bochs/build/obj/debug.o
LOAD /home/yhy/workspace/cccc/bochs/build/obj/memory.o
LOAD /home/yhy/workspace/cccc/bochs/build/obj/bitmap.o
LOAD /home/yhy/workspace/cccc/bochs/build/obj/string.o
LOAD /home/yhy/workspace/cccc/bochs/build/obj/thread.o
LOAD /home/yhy/workspace/cccc/bochs/build/obj/switch.o
LOAD /home/yhy/workspace/cccc/bochs/build/obj/list.o
LOAD /home/yhy/workspace/cccc/bochs/build/obj/sync.o
LOAD /home/yhy/workspace/cccc/bochs/build/obj/console.o
LOAD /home/yhy/workspace/cccc/bochs/build/obj/keyboard.o
LOAD /home/yhy/workspace/cccc/bochs/build/obj/ioqueue.o
LOAD /home/yhy/workspace/cccc/bochs/build/obj/tss.o
LOAD /home/yhy/workspace/cccc/bochs/build/obj/process.o
LOAD /home/yhy/workspace/cccc/bochs/build/obj/syscall.o
LOAD /home/yhy/workspace/cccc/bochs/build/obj/syscall-init.o
LOAD /home/yhy/workspace/cccc/bochs/build/obj/stdio.o
LOAD /home/yhy/workspace/cccc/bochs/build/obj/stdio-kernel.o
LOAD /home/yhy/workspace/cccc/bochs/build/obj/ide.o
                [!provide]                        PROVIDE (__executable_start = SEGMENT_START ("text-segment", 0x8048000))
                0x00000000080480d4                . = (SEGMENT_START ("text-segment", 0x8048000) + SIZEOF_HEADERS)

.interp
 *(.interp)

.note.gnu.build-id
 *(.note.gnu.build-id)

.hash
 *(.hash)

.gnu.hash
 *(.gnu.hash)

.dynsym
 *(.dynsym)

.dynstr
 *(.dynstr)

.gnu.version
 *(.gnu.version)

.gnu.version_d
 *(.gnu.version_d)

.gnu.version_r
 *(.gnu.version_r)

.rel.dyn        0x00000000080480d4        0x0
 *(.rel.init)
 *(.rel.text .rel.text.* .rel.gnu.linkonce.t.*)
 .rel.text      0x00000000080480d4        0x0 /home/yhy/workspace/cccc/bochs/build/obj/main.o
 *(.rel.fini)
 *(.rel.rodata .rel.rodata.* .rel.gnu.linkonce.r.*)
 *(.rel.data.rel.ro .rel.data.rel.ro.* .rel.gnu.linkonce.d.rel.ro.*)
 *(.rel.data .rel.data.* .rel.gnu.linkonce.d.*)
 *(.rel.tdata .rel.tdata.* .rel.gnu.linkonce.td.*)
 *(.rel.tbss .rel.tbss.* .rel.gnu.linkonce.tb.*)
 *(.rel.ctors)
 *(.rel.dtors)
 *(.rel.got)
 .rel.got       0x00000000080480d4        0x0 /home/yhy/workspace/cccc/bochs/build/obj/main.o
 *(.rel.bss .rel.bss.* .rel.gnu.linkonce.b.*)
 *(.rel.ifunc)

.rel.plt        0x00000000080480d4        0x0
 *(.rel.plt)
                [!provide]                        PROVIDE (__rel_iplt_start = .)
 *(.rel.iplt)
 .rel.iplt      0x00000000080480d4        0x0 /home/yhy/workspace/cccc/bochs/build/obj/main.o
                [!provide]                        PROVIDE (__rel_iplt_end = .)
                0x0000000008049000                . = ALIGN (CONSTANT (MAXPAGESIZE))

.init
 *(SORT_NONE(.init))

.plt            0x0000000008049000        0x0
 *(.plt)
 *(.iplt)
 .iplt          0x0000000008049000        0x0 /home/yhy/workspace/cccc/bochs/build/obj/main.o

.plt.got
 *(.plt.got)

.plt.sec
 *(.plt.sec)

.text           0x00000000c0001500     0x527f
 *(.text.unlikely .text.*_unlikely .text.unlikely.*)
 *(.text.exit .text.exit.*)
 *(.text.startup .text.startup.*)
 *(.text.hot .text.hot.*)
 *(SORT_BY_NAME(.text.sorted.*))
 *(.text .stub .text.* .gnu.linkonce.t.*)
 .text          0x00000000c0001500      0x2b5 /home/yhy/workspace/cccc/bochs/build/obj/main.o
                0x00000000c0001500                main
                0x00000000c0001521                k_thread_a
                0x00000000c00015de                k_thread_b
                0x00000000c000169b                u_prog_a
                0x00000000c0001728                u_prog_b
 .text          0x00000000c00017b5       0x46 /home/yhy/workspace/cccc/bochs/build/obj/init.o
                0x00000000c00017b5                init_all
 .text          0x00000000c00017fb      0x47e /home/yhy/workspace/cccc/bochs/build/obj/interrupt.o
                0x00000000c0001b6c                intr_enable
                0x00000000c0001b95                intr_disable
                0x00000000c0001bbe                intr_set_status
                0x00000000c0001bdc                intr_get_status
                0x00000000c0001bff                idt_init
                0x00000000c0001c5d                register_handler
 .text          0x00000000c0001c79      0x20f /home/yhy/workspace/cccc/bochs/build/obj/timer.o
                0x00000000c0001dd0                mtime_sleep
                0x00000000c0001e28                timer_init
 *fill*         0x00000000c0001e88        0x8 
 .text          0x00000000c0001e90      0x55b /home/yhy/workspace/cccc/bochs/build/obj/kernel.o
                0x00000000c0001e90                intr_exit
                0x00000000c00023c7                syscall_handler
 *fill*         0x00000000c00023eb        0x5 
 .text          0x00000000c00023f0      0x172 /home/yhy/workspace/cccc/bochs/build/obj/print.o
                0x00000000c00023f0                put_str
                0x00000000c000240e                put_char
                0x00000000c00024db                put_int
                0x00000000c000253e                set_cursor
 .text          0x00000000c0002562       0xa5 /home/yhy/workspace/cccc/bochs/build/obj/debug.o
                0x00000000c0002562                panic_spin
 .text          0x00000000c0002607     0x111b /home/yhy/workspace/cccc/bochs/build/obj/memory.o
                0x00000000c0002736                pte_ptr
                0x00000000c0002767                pde_ptr
                0x00000000c0002919                malloc_page
                0x00000000c00029e3                get_kernel_pages
                0x00000000c0002a3f                get_user_pages
                0x00000000c0002a95                get_a_page
                0x00000000c0002c17                addr_v2p
                0x00000000c0002c6d                sys_malloc
                0x00000000c0002f7d                pfree
                0x00000000c00030ca                mfree_page
                0x00000000c000329f                sys_free
                0x00000000c000364c                block_desc_init
                0x00000000c00036c9                mem_init
 .text          0x00000000c0003722      0x270 /home/yhy/workspace/cccc/bochs/build/obj/bitmap.o
                0x00000000c0003722                bitmap_init
                0x00000000c0003749                bitmap_scan_test
                0x00000000c000378b                bitmap_scan
                0x00000000c00038d9                bitmap_set
 .text          0x00000000c0003992      0x454 /home/yhy/workspace/cccc/bochs/build/obj/string.o
                0x00000000c0003992                memset
                0x00000000c00039ee                memcpy
                0x00000000c0003a56                memcmp
                0x00000000c0003aec                strcpy
                0x00000000c0003b4f                strlen
                0x00000000c0003ba9                strcmp
                0x00000000c0003c30                strchr
                0x00000000c0003c96                strrchr
                0x00000000c0003cff                strcat
                0x00000000c0003d79                strchrs
 .text          0x00000000c0003de6      0x6cb /home/yhy/workspace/cccc/bochs/build/obj/thread.o
                0x00000000c0003e33                running_thread
                0x00000000c0003e5e                thread_create
                0x00000000c0003ed4                init_thread
                0x00000000c0003f79                thread_start
                0x00000000c00040f4                schedule
                0x00000000c0004247                thread_block
                0x00000000c00042ae                thread_unblock
                0x00000000c00043b9                thread_yield
                0x00000000c000443f                thread_init
 *fill*         0x00000000c00044b1        0xf 
 .text          0x00000000c00044c0       0x15 /home/yhy/workspace/cccc/bochs/build/obj/switch.o
                0x00000000c00044c0                switch_to
 .text          0x00000000c00044d5      0x1e4 /home/yhy/workspace/cccc/bochs/build/obj/list.o
                0x00000000c00044d5                list_init
                0x00000000c0004502                list_insert_before
                0x00000000c0004543                list_push
                0x00000000c0004560                list_append
                0x00000000c000457d                list_remove
                0x00000000c00045b3                list_pop
                0x00000000c00045d2                elem_find
                0x00000000c000460d                list_traversal
                0x00000000c000466b                list_len
                0x00000000c00046a0                list_empty
 .text          0x00000000c00046b9      0x347 /home/yhy/workspace/cccc/bochs/build/obj/sync.o
                0x00000000c00046b9                sema_init
                0x00000000c00046de                lock_init
                0x00000000c000470f                sema_down
                0x00000000c0004823                sema_up
                0x00000000c00048d9                lock_acquire
                0x00000000c0004955                lock_release
 .text          0x00000000c0004a00       0x9a /home/yhy/workspace/cccc/bochs/build/obj/console.o
                0x00000000c0004a00                console_init
                0x00000000c0004a14                console_acquire
                0x00000000c0004a28                console_release
                0x00000000c0004a3c                console_put_str
                0x00000000c0004a59                console_put_char
                0x00000000c0004a7d                console_put_int
 .text          0x00000000c0004a9a      0x2ef /home/yhy/workspace/cccc/bochs/build/obj/keyboard.o
                0x00000000c0004d55                keyboard_init
 .text          0x00000000c0004d89      0x2f1 /home/yhy/workspace/cccc/bochs/build/obj/ioqueue.o
                0x00000000c0004d89                ioqueue_init
                0x00000000c0004de6                ioq_full
                0x00000000c0004e37                ioq_empty
                0x00000000c0004f1c                ioq_getchar
                0x00000000c0004fca                ioq_putchar
 .text          0x00000000c000507a      0x1a9 /home/yhy/workspace/cccc/bochs/build/obj/tss.o
                0x00000000c000507a                update_tss_esp
                0x00000000c00050f5                tss_init
 .text          0x00000000c0005223      0x372 /home/yhy/workspace/cccc/bochs/build/obj/process.o
                0x00000000c0005223                start_process
                0x00000000c0005329                page_dir_activate
                0x00000000c0005359                process_activate
                0x00000000c00053ab                create_page_dir
                0x00000000c000541c                create_user_vaddr_bitmap
                0x00000000c000546b                process_execute
 .text          0x00000000c0005595       0x6f /home/yhy/workspace/cccc/bochs/build/obj/syscall.o
                0x00000000c0005595                getpid
                0x00000000c00055aa                write
                0x00000000c00055c9                malloc
                0x00000000c00055e8                free
 .text          0x00000000c0005604       0x78 /home/yhy/workspace/cccc/bochs/build/obj/syscall-init.o
                0x00000000c0005604                sys_getpid
                0x00000000c0005616                sys_write
                0x00000000c0005634                syscall_init
 .text          0x00000000c000567c      0x2a0 /home/yhy/workspace/cccc/bochs/build/obj/stdio.o
                0x00000000c0005702                vsprintf
                0x00000000c0005886                sprintf
                0x00000000c00058ba                printf
 .text          0x00000000c000591c       0x62 /home/yhy/workspace/cccc/bochs/build/obj/stdio-kernel.o
                0x00000000c000591c                printk
 .text          0x00000000c000597e      0xe01 /home/yhy/workspace/cccc/bochs/build/obj/ide.o
                0x00000000c0005c98                ide_read
                0x00000000c0005e2a                ide_write
                0x00000000c00064c0                intr_hd_handler
                0x00000000c0006581                ide_init
 *(.gnu.warning)

.fini
 *(SORT_NONE(.fini))
                [!provide]                        PROVIDE (__etext = .)
                [!provide]                        PROVIDE (_etext = .)
                [!provide]                        PROVIDE (etext = .)
                0x00000000c0007000                . = ALIGN (CONSTANT (MAXPAGESIZE))
                0x00000000c0007000                . = SEGMENT_START ("rodata-segment", (ALIGN (CONSTANT (MAXPAGESIZE)) + (. & (CONSTANT (MAXPAGESIZE) - 0x1))))

.rodata         0x00000000c0007000     0x122f
 *(.rodata .rodata.* .gnu.linkonce.r.*)
 .rodata        0x00000000c0007000       0x88 /home/yhy/workspace/cccc/bochs/build/obj/main.o
 .rodata        0x00000000c0007088        0xa /home/yhy/workspace/cccc/bochs/build/obj/init.o
 *fill*         0x00000000c0007092        0x2 
 .rodata        0x00000000c0007094      0x2d1 /home/yhy/workspace/cccc/bochs/build/obj/interrupt.o
 *fill*         0x00000000c0007365        0x3 
 .rodata        0x00000000c0007368       0xac /home/yhy/workspace/cccc/bochs/build/obj/timer.o
 .rodata        0x00000000c0007414       0x3f /home/yhy/workspace/cccc/bochs/build/obj/debug.o
 *fill*         0x00000000c0007453        0x1 
 .rodata        0x00000000c0007454      0x3d6 /home/yhy/workspace/cccc/bochs/build/obj/memory.o
 *fill*         0x00000000c000782a        0x2 
 .rodata        0x00000000c000782c       0x8b /home/yhy/workspace/cccc/bochs/build/obj/bitmap.o
 *fill*         0x00000000c00078b7        0x1 
 .rodata        0x00000000c00078b8       0xdf /home/yhy/workspace/cccc/bochs/build/obj/string.o
 *fill*         0x00000000c0007997        0x1 
 .rodata        0x00000000c0007998      0x2f4 /home/yhy/workspace/cccc/bochs/build/obj/thread.o
 .rodata        0x00000000c0007c8c      0x153 /home/yhy/workspace/cccc/bochs/build/obj/sync.o
 .rodata        0x00000000c0007ddf       0x36 /home/yhy/workspace/cccc/bochs/build/obj/keyboard.o
 *fill*         0x00000000c0007e15        0x3 
 .rodata        0x00000000c0007e18       0xc1 /home/yhy/workspace/cccc/bochs/build/obj/ioqueue.o
 .rodata        0x00000000c0007ed9       0x27 /home/yhy/workspace/cccc/bochs/build/obj/tss.o
 .rodata        0x00000000c0007f00      0x105 /home/yhy/workspace/cccc/bochs/build/obj/process.o
 .rodata        0x00000000c0008005       0x27 /home/yhy/workspace/cccc/bochs/build/obj/syscall-init.o
 .rodata        0x00000000c000802c      0x203 /home/yhy/workspace/cccc/bochs/build/obj/ide.o

.rodata1
 *(.rodata1)

.eh_frame_hdr
 *(.eh_frame_hdr)
 *(.eh_frame_entry .eh_frame_entry.*)

.eh_frame
 *(.eh_frame)
 *(.eh_frame.*)

.gcc_except_table
 *(.gcc_except_table .gcc_except_table.*)

.gnu_extab
 *(.gnu_extab*)

.exception_ranges
 *(.exception_ranges*)
                0x00000000c000922f                . = DATA_SEGMENT_ALIGN (CONSTANT (MAXPAGESIZE), CONSTANT (COMMONPAGESIZE))

.eh_frame
 *(.eh_frame)
 *(.eh_frame.*)

.gnu_extab
 *(.gnu_extab)

.gcc_except_table
 *(.gcc_except_table .gcc_except_table.*)

.exception_ranges
 *(.exception_ranges*)

.tdata          0x00000000c000922f        0x0
                [!provide]                        PROVIDE (__tdata_start = .)
 *(.tdata .tdata.* .gnu.linkonce.td.*)

.tbss
 *(.tbss .tbss.* .gnu.linkonce.tb.*)
 *(.tcommon)

.preinit_array  0x00000000c000922f        0x0
                [!provide]                        PROVIDE (__preinit_array_start = .)
 *(.preinit_array)
                [!provide]                        PROVIDE (__preinit_array_end = .)

.init_array     0x00000000c000922f        0x0
                [!provide]                        PROVIDE (__init_array_start = .)
 *(SORT_BY_INIT_PRIORITY(.init_array.*) SORT_BY_INIT_PRIORITY(.ctors.*))
 *(.init_array EXCLUDE_FILE(*crtend?.o *crtend.o *crtbegin?.o *crtbegin.o) .ctors)
                [!provide]                        PROVIDE (__init_array_end = .)

.fini_array     0x00000000c000922f        0x0
                [!provide]                        PROVIDE (__fini_array_start = .)
 *(SORT_BY_INIT_PRIORITY(.fini_array.*) SORT_BY_INIT_PRIORITY(.dtors.*))
 *(.fini_array EXCLUDE_FILE(*crtend?.o *crtend.o *crtbegin?.o *crtbegin.o) .dtors)
                [!provide]                        PROVIDE (__fini_array_end = .)

.ctors
 *crtbegin.o(.ctors)
 *crtbegin?.o(.ctors)
 *(EXCLUDE_FILE(*crtend?.o *crtend.o) .ctors)
 *(SORT_BY_NAME(.ctors.*))
 *(.ctors)

.dtors
 *crtbegin.o(.dtors)
 *crtbegin?.o(.dtors)
 *(EXCLUDE_FILE(*crtend?.o *crtend.o) .dtors)
 *(SORT_BY_NAME(.dtors.*))
 *(.dtors)

.jcr
 *(.jcr)

.data.rel.ro
 *(.data.rel.ro.local* .gnu.linkonce.d.rel.ro.local.*)
 *(.data.rel.ro .data.rel.ro.* .gnu.linkonce.d.rel.ro.*)

.dynamic
 *(.dynamic)

.got            0x00000000c0009230        0x0
 *(.got)
 .got           0x00000000c0009230        0x0 /home/yhy/workspace/cccc/bochs/build/obj/main.o
 *(.igot)
                0x00000000c0009230                . = DATA_SEGMENT_RELRO_END (., (SIZEOF (.got.plt) >= 0xc)?0xc:0x0)

.got.plt        0x00000000c0009230        0x0
 *(.got.plt)
 .got.plt       0x00000000c0009230        0x0 /home/yhy/workspace/cccc/bochs/build/obj/main.o
 *(.igot.plt)
 .igot.plt      0x00000000c0009230        0x0 /home/yhy/workspace/cccc/bochs/build/obj/main.o

.data           0x00000000c0009240      0x156
 *(.data .data.* .gnu.linkonce.d.*)
 .data          0x00000000c0009240        0x0 /home/yhy/workspace/cccc/bochs/build/obj/main.o
 .data          0x00000000c0009240        0x0 /home/yhy/workspace/cccc/bochs/build/obj/init.o
 .data          0x00000000c0009240        0x0 /home/yhy/workspace/cccc/bochs/build/obj/interrupt.o
 .data          0x00000000c0009240        0x0 /home/yhy/workspace/cccc/bochs/build/obj/timer.o
 .data          0x00000000c0009240       0xc0 /home/yhy/workspace/cccc/bochs/build/obj/kernel.o
                0x00000000c0009240                intr_entry_table
 .data          0x00000000c0009300        0x8 /home/yhy/workspace/cccc/bochs/build/obj/print.o
 .data          0x00000000c0009308        0x0 /home/yhy/workspace/cccc/bochs/build/obj/debug.o
 .data          0x00000000c0009308        0x0 /home/yhy/workspace/cccc/bochs/build/obj/memory.o
 .data          0x00000000c0009308        0x0 /home/yhy/workspace/cccc/bochs/build/obj/bitmap.o
 .data          0x00000000c0009308        0x0 /home/yhy/workspace/cccc/bochs/build/obj/string.o
 .data          0x00000000c0009308        0x0 /home/yhy/workspace/cccc/bochs/build/obj/thread.o
 .data          0x00000000c0009308        0x0 /home/yhy/workspace/cccc/bochs/build/obj/list.o
 .data          0x00000000c0009308        0x0 /home/yhy/workspace/cccc/bochs/build/obj/sync.o
 .data          0x00000000c0009308        0x0 /home/yhy/workspace/cccc/bochs/build/obj/console.o
 *fill*         0x00000000c0009308       0x18 
 .data          0x00000000c0009320       0x76 /home/yhy/workspace/cccc/bochs/build/obj/keyboard.o
 .data          0x00000000c0009396        0x0 /home/yhy/workspace/cccc/bochs/build/obj/ioqueue.o
 .data          0x00000000c0009396        0x0 /home/yhy/workspace/cccc/bochs/build/obj/tss.o
 .data          0x00000000c0009396        0x0 /home/yhy/workspace/cccc/bochs/build/obj/process.o
 .data          0x00000000c0009396        0x0 /home/yhy/workspace/cccc/bochs/build/obj/syscall.o
 .data          0x00000000c0009396        0x0 /home/yhy/workspace/cccc/bochs/build/obj/syscall-init.o
 .data          0x00000000c0009396        0x0 /home/yhy/workspace/cccc/bochs/build/obj/stdio.o
 .data          0x00000000c0009396        0x0 /home/yhy/workspace/cccc/bochs/build/obj/stdio-kernel.o
 .data          0x00000000c0009396        0x0 /home/yhy/workspace/cccc/bochs/build/obj/ide.o

.data1
 *(.data1)
                0x00000000c0009396                _edata = .
                [!provide]                        PROVIDE (edata = .)
                0x00000000c0009396                . = .
                0x00000000c0009396                __bss_start = .

.bss            0x00000000c00093a0     0x1870
 *(.dynbss)
 *(.bss .bss.* .gnu.linkonce.b.*)
 .bss           0x00000000c00093a0        0x0 /home/yhy/workspace/cccc/bochs/build/obj/main.o
 .bss           0x00000000c00093a0        0x0 /home/yhy/workspace/cccc/bochs/build/obj/init.o
 .bss           0x00000000c00093a0      0x408 /home/yhy/workspace/cccc/bochs/build/obj/interrupt.o
 .bss           0x00000000c00097a8        0x0 /home/yhy/workspace/cccc/bochs/build/obj/timer.o
 .bss           0x00000000c00097a8        0x0 /home/yhy/workspace/cccc/bochs/build/obj/debug.o
 .bss           0x00000000c00097a8        0x0 /home/yhy/workspace/cccc/bochs/build/obj/memory.o
 .bss           0x00000000c00097a8        0x0 /home/yhy/workspace/cccc/bochs/build/obj/bitmap.o
 .bss           0x00000000c00097a8        0x0 /home/yhy/workspace/cccc/bochs/build/obj/string.o
 .bss           0x00000000c00097a8        0x6 /home/yhy/workspace/cccc/bochs/build/obj/thread.o
 .bss           0x00000000c00097ae        0x0 /home/yhy/workspace/cccc/bochs/build/obj/list.o
 .bss           0x00000000c00097ae        0x0 /home/yhy/workspace/cccc/bochs/build/obj/sync.o
 *fill*         0x00000000c00097ae        0x2 
 .bss           0x00000000c00097b0       0x1c /home/yhy/workspace/cccc/bochs/build/obj/console.o
 .bss           0x00000000c00097cc       0x14 /home/yhy/workspace/cccc/bochs/build/obj/keyboard.o
 .bss           0x00000000c00097e0        0x0 /home/yhy/workspace/cccc/bochs/build/obj/ioqueue.o
 .bss           0x00000000c00097e0       0x6c /home/yhy/workspace/cccc/bochs/build/obj/tss.o
 .bss           0x00000000c000984c        0x0 /home/yhy/workspace/cccc/bochs/build/obj/process.o
 .bss           0x00000000c000984c        0x0 /home/yhy/workspace/cccc/bochs/build/obj/syscall.o
 .bss           0x00000000c000984c        0x0 /home/yhy/workspace/cccc/bochs/build/obj/syscall-init.o
 .bss           0x00000000c000984c        0x0 /home/yhy/workspace/cccc/bochs/build/obj/stdio.o
 .bss           0x00000000c000984c        0x0 /home/yhy/workspace/cccc/bochs/build/obj/stdio-kernel.o
 .bss           0x00000000c000984c        0x6 /home/yhy/workspace/cccc/bochs/build/obj/ide.o
                0x00000000c000984c                ext_lba_base
                0x00000000c0009850                p_no
                0x00000000c0009851                l_no
 *(COMMON)
 *fill*         0x00000000c0009852        0xe 
 COMMON         0x00000000c0009860      0x424 /home/yhy/workspace/cccc/bochs/build/obj/interrupt.o
                0x00000000c0009860                intr_name
                0x00000000c0009a80                idt_table
 COMMON         0x00000000c0009c84        0x4 /home/yhy/workspace/cccc/bochs/build/obj/timer.o
                0x00000000c0009c84                ticks
 *fill*         0x00000000c0009c88       0x18 
 COMMON         0x00000000c0009ca0      0x12c /home/yhy/workspace/cccc/bochs/build/obj/memory.o
                0x00000000c0009ca0                user_pool
                0x00000000c0009ce0                k_block_descs
                0x00000000c0009d88                kernel_vaddr
                0x00000000c0009da0                kernel_pool
 COMMON         0x00000000c0009dcc       0x44 /home/yhy/workspace/cccc/bochs/build/obj/thread.o
                0x00000000c0009dcc                thread_ready_list
                0x00000000c0009ddc                thread_all_list
                0x00000000c0009dec                idle_thread
                0x00000000c0009df0                main_thread
                0x00000000c0009df4                pid_lock
 *fill*         0x00000000c0009e10       0x10 
 COMMON         0x00000000c0009e20       0x6c /home/yhy/workspace/cccc/bochs/build/obj/keyboard.o
                0x00000000c0009e20                kbd_buf
 *fill*         0x00000000c0009e8c       0x14 
 COMMON         0x00000000c0009ea0       0x80 /home/yhy/workspace/cccc/bochs/build/obj/syscall-init.o
                0x00000000c0009ea0                syscall_table
 COMMON         0x00000000c0009f20      0xcf0 /home/yhy/workspace/cccc/bochs/build/obj/ide.o
                0x00000000c0009f20                channel_cnt
                0x00000000c0009f40                channels
                0x00000000c000ac00                partition_list
                0x00000000c000ac10                . = ALIGN ((. != 0x0)?0x4:0x1)
                0x00000000c000ac10                . = ALIGN (0x4)
                0x00000000c000ac10                . = SEGMENT_START ("ldata-segment", .)
                0x00000000c000ac10                . = ALIGN (0x4)
                0x00000000c000ac10                _end = .
                [!provide]                        PROVIDE (end = .)
                0x00000000c000ac10                . = DATA_SEGMENT_END (.)

.stab
 *(.stab)

.stabstr
 *(.stabstr)

.stab.excl
 *(.stab.excl)

.stab.exclstr
 *(.stab.exclstr)

.stab.index
 *(.stab.index)

.stab.indexstr
 *(.stab.indexstr)

.comment        0x0000000000000000       0x2a
 *(.comment)
 .comment       0x0000000000000000       0x2a /home/yhy/workspace/cccc/bochs/build/obj/main.o
                                         0x2b (size before relaxing)
 .comment       0x000000000000002a       0x2b /home/yhy/workspace/cccc/bochs/build/obj/init.o
 .comment       0x000000000000002a       0x2b /home/yhy/workspace/cccc/bochs/build/obj/interrupt.o
 .comment       0x000000000000002a       0x2b /home/yhy/workspace/cccc/bochs/build/obj/timer.o
 .comment       0x000000000000002a       0x2b /home/yhy/workspace/cccc/bochs/build/obj/debug.o
 .comment       0x000000000000002a       0x2b /home/yhy/workspace/cccc/bochs/build/obj/memory.o
 .comment       0x000000000000002a       0x2b /home/yhy/workspace/cccc/bochs/build/obj/bitmap.o
 .comment       0x000000000000002a       0x2b /home/yhy/workspace/cccc/bochs/build/obj/string.o
 .comment       0x000000000000002a       0x2b /home/yhy/workspace/cccc/bochs/build/obj/thread.o
 .comment       0x000000000000002a       0x2b /home/yhy/workspace/cccc/bochs/build/obj/list.o
 .comment       0x000000000000002a       0x2b /home/yhy/workspace/cccc/bochs/build/obj/sync.o
 .comment       0x000000000000002a       0x2b /home/yhy/workspace/cccc/bochs/build/obj/console.o
 .comment       0x000000000000002a       0x2b /home/yhy/workspace/cccc/bochs/build/obj/keyboard.o
 .comment       0x000000000000002a       0x2b /home/yhy/workspace/cccc/bochs/build/obj/ioqueue.o
 .comment       0x000000000000002a       0x2b /home/yhy/workspace/cccc/bochs/build/obj/tss.o
 .comment       0x000000000000002a       0x2b /home/yhy/workspace/cccc/bochs/build/obj/process.o
 .comment       0x000000000000002a       0x2b /home/yhy/workspace/cccc/bochs/build/obj/syscall.o
 .comment       0x000000000000002a       0x2b /home/yhy/workspace/cccc/bochs/build/obj/syscall-init.o
 .comment       0x000000000000002a       0x2b /home/yhy/workspace/cccc/bochs/build/obj/stdio.o
 .comment       0x000000000000002a       0x2b /home/yhy/workspace/cccc/bochs/build/obj/stdio-kernel.o
 .comment       0x000000000000002a       0x2b /home/yhy/workspace/cccc/bochs/build/obj/ide.o

.gnu.build.attributes
 *(.gnu.build.attributes .gnu.build.attributes.*)

.debug
 *(.debug)

.line
 *(.line)

.debug_srcinfo
 *(.debug_srcinfo)

.debug_sfnames
 *(.debug_sfnames)

.debug_aranges
 *(.debug_aranges)

.debug_pubnames
 *(.debug_pubnames)

.debug_info
 *(.debug_info .gnu.linkonce.wi.*)

.debug_abbrev
 *(.debug_abbrev)

.debug_line
 *(.debug_line .debug_line.* .debug_line_end)

.debug_frame
 *(.debug_frame)

.debug_str
 *(.debug_str)

.debug_loc
 *(.debug_loc)

.debug_macinfo
 *(.debug_macinfo)

.debug_weaknames
 *(.debug_weaknames)

.debug_funcnames
 *(.debug_funcnames)

.debug_typenames
 *(.debug_typenames)

.debug_varnames
 *(.debug_varnames)

.debug_pubtypes
 *(.debug_pubtypes)

.debug_ranges
 *(.debug_ranges)

.debug_macro
 *(.debug_macro)

.debug_addr
 *(.debug_addr)

.gnu.attributes
 *(.gnu.attributes)

/DISCARD/
 *(.note.GNU-stack)
 *(.gnu_debuglink)
 *(.gnu.lto_*)
OUTPUT(/home/yhy/workspace/cccc/bochs/build/obj/kernel.bin elf32-i386)
